ARM GAS  C:\Users\Jason\AppData\Local\Temp\ccnGWpLc.s 			page 1


   1              		.syntax unified
   2              		.cpu cortex-m0
   3              		.fpu softvfp
   4              		.eabi_attribute 20, 1
   5              		.eabi_attribute 21, 1
   6              		.eabi_attribute 23, 3
   7              		.eabi_attribute 24, 1
   8              		.eabi_attribute 25, 1
   9              		.eabi_attribute 26, 1
  10              		.eabi_attribute 30, 6
  11              		.eabi_attribute 34, 0
  12              		.eabi_attribute 18, 4
  13              		.thumb
  14              		.syntax unified
  15              		.file	"cyfitter_cfg.c"
  16              		.text
  17              	.Ltext0:
  18              		.cfi_sections	.debug_frame
  19              		.section	.text.CYMEMZERO,"ax",%progbits
  20              		.align	2
  21              		.code	16
  22              		.thumb_func
  23              		.type	CYMEMZERO, %function
  24              	CYMEMZERO:
  25              	.LFB1:
  26              		.file 1 "Generated_Source\\PSoC4\\cyfitter_cfg.c"
   1:Generated_Source\PSoC4/cyfitter_cfg.c **** 
   2:Generated_Source\PSoC4/cyfitter_cfg.c **** /*******************************************************************************
   3:Generated_Source\PSoC4/cyfitter_cfg.c **** * File Name: cyfitter_cfg.c
   4:Generated_Source\PSoC4/cyfitter_cfg.c **** * 
   5:Generated_Source\PSoC4/cyfitter_cfg.c **** * PSoC Creator  4.4
   6:Generated_Source\PSoC4/cyfitter_cfg.c **** *
   7:Generated_Source\PSoC4/cyfitter_cfg.c **** * Description:
   8:Generated_Source\PSoC4/cyfitter_cfg.c **** * This file contains device initialization code.
   9:Generated_Source\PSoC4/cyfitter_cfg.c **** * Except for the user defined sections in CyClockStartupError(), this file should not be modified.
  10:Generated_Source\PSoC4/cyfitter_cfg.c **** * This file is automatically generated by PSoC Creator.
  11:Generated_Source\PSoC4/cyfitter_cfg.c **** *
  12:Generated_Source\PSoC4/cyfitter_cfg.c **** ********************************************************************************
  13:Generated_Source\PSoC4/cyfitter_cfg.c **** * Copyright (c) 2007-2020 Cypress Semiconductor.  All rights reserved.
  14:Generated_Source\PSoC4/cyfitter_cfg.c **** * You may use this file only in accordance with the license, terms, conditions, 
  15:Generated_Source\PSoC4/cyfitter_cfg.c **** * disclaimers, and limitations in the end user license agreement accompanying 
  16:Generated_Source\PSoC4/cyfitter_cfg.c **** * the software package with which this file was provided.
  17:Generated_Source\PSoC4/cyfitter_cfg.c **** ********************************************************************************/
  18:Generated_Source\PSoC4/cyfitter_cfg.c **** 
  19:Generated_Source\PSoC4/cyfitter_cfg.c **** #include <string.h>
  20:Generated_Source\PSoC4/cyfitter_cfg.c **** #include "cytypes.h"
  21:Generated_Source\PSoC4/cyfitter_cfg.c **** #include "cydevice_trm.h"
  22:Generated_Source\PSoC4/cyfitter_cfg.c **** #include "cyfitter.h"
  23:Generated_Source\PSoC4/cyfitter_cfg.c **** #include "CyLib.h"
  24:Generated_Source\PSoC4/cyfitter_cfg.c **** #include "cyfitter_cfg.h"
  25:Generated_Source\PSoC4/cyfitter_cfg.c **** #include "cyapicallbacks.h"
  26:Generated_Source\PSoC4/cyfitter_cfg.c **** 
  27:Generated_Source\PSoC4/cyfitter_cfg.c **** 
  28:Generated_Source\PSoC4/cyfitter_cfg.c **** #if defined(__GNUC__) || defined(__ARMCC_VERSION)
  29:Generated_Source\PSoC4/cyfitter_cfg.c ****     #define CYPACKED 
  30:Generated_Source\PSoC4/cyfitter_cfg.c ****     #define CYPACKED_ATTR __attribute__ ((packed))
  31:Generated_Source\PSoC4/cyfitter_cfg.c ****     #define CYALIGNED __attribute__ ((aligned))
ARM GAS  C:\Users\Jason\AppData\Local\Temp\ccnGWpLc.s 			page 2


  32:Generated_Source\PSoC4/cyfitter_cfg.c ****     #define CY_CFG_UNUSED __attribute__ ((unused))
  33:Generated_Source\PSoC4/cyfitter_cfg.c ****     #ifndef CY_CFG_SECTION
  34:Generated_Source\PSoC4/cyfitter_cfg.c ****         #define CY_CFG_SECTION __attribute__ ((section(".psocinit")))
  35:Generated_Source\PSoC4/cyfitter_cfg.c ****     #endif
  36:Generated_Source\PSoC4/cyfitter_cfg.c ****     
  37:Generated_Source\PSoC4/cyfitter_cfg.c ****     #if defined(__ARMCC_VERSION)
  38:Generated_Source\PSoC4/cyfitter_cfg.c ****         #define CY_CFG_MEMORY_BARRIER() __memory_changed()
  39:Generated_Source\PSoC4/cyfitter_cfg.c ****     #else
  40:Generated_Source\PSoC4/cyfitter_cfg.c ****         #define CY_CFG_MEMORY_BARRIER() __sync_synchronize()
  41:Generated_Source\PSoC4/cyfitter_cfg.c ****     #endif
  42:Generated_Source\PSoC4/cyfitter_cfg.c ****     
  43:Generated_Source\PSoC4/cyfitter_cfg.c **** #elif defined(__ICCARM__)
  44:Generated_Source\PSoC4/cyfitter_cfg.c ****     #include <intrinsics.h>
  45:Generated_Source\PSoC4/cyfitter_cfg.c **** 
  46:Generated_Source\PSoC4/cyfitter_cfg.c ****     #define CYPACKED __packed
  47:Generated_Source\PSoC4/cyfitter_cfg.c ****     #define CYPACKED_ATTR 
  48:Generated_Source\PSoC4/cyfitter_cfg.c ****     #define CYALIGNED _Pragma("data_alignment=4")
  49:Generated_Source\PSoC4/cyfitter_cfg.c ****     #define CY_CFG_UNUSED _Pragma("diag_suppress=Pe177")
  50:Generated_Source\PSoC4/cyfitter_cfg.c ****     #define CY_CFG_SECTION _Pragma("location=\".psocinit\"")
  51:Generated_Source\PSoC4/cyfitter_cfg.c ****     
  52:Generated_Source\PSoC4/cyfitter_cfg.c ****     #define CY_CFG_MEMORY_BARRIER() __DMB()
  53:Generated_Source\PSoC4/cyfitter_cfg.c ****     
  54:Generated_Source\PSoC4/cyfitter_cfg.c **** #else
  55:Generated_Source\PSoC4/cyfitter_cfg.c ****     #error Unsupported toolchain
  56:Generated_Source\PSoC4/cyfitter_cfg.c **** #endif
  57:Generated_Source\PSoC4/cyfitter_cfg.c **** 
  58:Generated_Source\PSoC4/cyfitter_cfg.c **** #ifndef CYCODE
  59:Generated_Source\PSoC4/cyfitter_cfg.c ****     #define CYCODE
  60:Generated_Source\PSoC4/cyfitter_cfg.c **** #endif
  61:Generated_Source\PSoC4/cyfitter_cfg.c **** #ifndef CYDATA
  62:Generated_Source\PSoC4/cyfitter_cfg.c ****     #define CYDATA
  63:Generated_Source\PSoC4/cyfitter_cfg.c **** #endif
  64:Generated_Source\PSoC4/cyfitter_cfg.c **** #ifndef CYFAR
  65:Generated_Source\PSoC4/cyfitter_cfg.c ****     #define CYFAR
  66:Generated_Source\PSoC4/cyfitter_cfg.c **** #endif
  67:Generated_Source\PSoC4/cyfitter_cfg.c **** #ifndef CYXDATA
  68:Generated_Source\PSoC4/cyfitter_cfg.c ****     #define CYXDATA
  69:Generated_Source\PSoC4/cyfitter_cfg.c **** #endif
  70:Generated_Source\PSoC4/cyfitter_cfg.c **** 
  71:Generated_Source\PSoC4/cyfitter_cfg.c **** 
  72:Generated_Source\PSoC4/cyfitter_cfg.c **** CY_CFG_UNUSED
  73:Generated_Source\PSoC4/cyfitter_cfg.c **** static void CYMEMZERO(void *s, size_t n);
  74:Generated_Source\PSoC4/cyfitter_cfg.c **** CY_CFG_UNUSED
  75:Generated_Source\PSoC4/cyfitter_cfg.c **** static void CYMEMZERO(void *s, size_t n)
  76:Generated_Source\PSoC4/cyfitter_cfg.c **** {
  27              		.loc 1 76 0
  28              		.cfi_startproc
  29              		@ args = 0, pretend = 0, frame = 8
  30              		@ frame_needed = 1, uses_anonymous_args = 0
  31 0000 80B5     		push	{r7, lr}
  32              		.cfi_def_cfa_offset 8
  33              		.cfi_offset 7, -8
  34              		.cfi_offset 14, -4
  35 0002 82B0     		sub	sp, sp, #8
  36              		.cfi_def_cfa_offset 16
  37 0004 00AF     		add	r7, sp, #0
  38              		.cfi_def_cfa_register 7
ARM GAS  C:\Users\Jason\AppData\Local\Temp\ccnGWpLc.s 			page 3


  39 0006 7860     		str	r0, [r7, #4]
  40 0008 3960     		str	r1, [r7]
  77:Generated_Source\PSoC4/cyfitter_cfg.c **** 	(void)memset(s, 0, n);
  41              		.loc 1 77 0
  42 000a 3A68     		ldr	r2, [r7]
  43 000c 7B68     		ldr	r3, [r7, #4]
  44 000e 0021     		movs	r1, #0
  45 0010 1800     		movs	r0, r3
  46 0012 FFF7FEFF 		bl	memset
  78:Generated_Source\PSoC4/cyfitter_cfg.c **** }
  47              		.loc 1 78 0
  48 0016 C046     		nop
  49 0018 BD46     		mov	sp, r7
  50 001a 02B0     		add	sp, sp, #8
  51              		@ sp needed
  52 001c 80BD     		pop	{r7, pc}
  53              		.cfi_endproc
  54              	.LFE1:
  55              		.size	CYMEMZERO, .-CYMEMZERO
  56 001e C046     		.section	.text.CYCONFIGCPY,"ax",%progbits
  57              		.align	2
  58              		.code	16
  59              		.thumb_func
  60              		.type	CYCONFIGCPY, %function
  61              	CYCONFIGCPY:
  62              	.LFB2:
  79:Generated_Source\PSoC4/cyfitter_cfg.c **** CY_CFG_UNUSED
  80:Generated_Source\PSoC4/cyfitter_cfg.c **** static void CYCONFIGCPY(void *dest, const void *src, size_t n);
  81:Generated_Source\PSoC4/cyfitter_cfg.c **** CY_CFG_UNUSED
  82:Generated_Source\PSoC4/cyfitter_cfg.c **** static void CYCONFIGCPY(void *dest, const void *src, size_t n)
  83:Generated_Source\PSoC4/cyfitter_cfg.c **** {
  63              		.loc 1 83 0
  64              		.cfi_startproc
  65              		@ args = 0, pretend = 0, frame = 16
  66              		@ frame_needed = 1, uses_anonymous_args = 0
  67 0000 80B5     		push	{r7, lr}
  68              		.cfi_def_cfa_offset 8
  69              		.cfi_offset 7, -8
  70              		.cfi_offset 14, -4
  71 0002 84B0     		sub	sp, sp, #16
  72              		.cfi_def_cfa_offset 24
  73 0004 00AF     		add	r7, sp, #0
  74              		.cfi_def_cfa_register 7
  75 0006 F860     		str	r0, [r7, #12]
  76 0008 B960     		str	r1, [r7, #8]
  77 000a 7A60     		str	r2, [r7, #4]
  84:Generated_Source\PSoC4/cyfitter_cfg.c **** 	(void)memcpy(dest, src, n);
  78              		.loc 1 84 0
  79 000c 7A68     		ldr	r2, [r7, #4]
  80 000e B968     		ldr	r1, [r7, #8]
  81 0010 FB68     		ldr	r3, [r7, #12]
  82 0012 1800     		movs	r0, r3
  83 0014 FFF7FEFF 		bl	memcpy
  85:Generated_Source\PSoC4/cyfitter_cfg.c **** }
  84              		.loc 1 85 0
  85 0018 C046     		nop
  86 001a BD46     		mov	sp, r7
ARM GAS  C:\Users\Jason\AppData\Local\Temp\ccnGWpLc.s 			page 4


  87 001c 04B0     		add	sp, sp, #16
  88              		@ sp needed
  89 001e 80BD     		pop	{r7, pc}
  90              		.cfi_endproc
  91              	.LFE2:
  92              		.size	CYCONFIGCPY, .-CYCONFIGCPY
  93              		.section	.text.CYCONFIGCPYCODE,"ax",%progbits
  94              		.align	2
  95              		.code	16
  96              		.thumb_func
  97              		.type	CYCONFIGCPYCODE, %function
  98              	CYCONFIGCPYCODE:
  99              	.LFB3:
  86:Generated_Source\PSoC4/cyfitter_cfg.c **** CY_CFG_UNUSED
  87:Generated_Source\PSoC4/cyfitter_cfg.c **** static void CYCONFIGCPYCODE(void *dest, const void *src, size_t n);
  88:Generated_Source\PSoC4/cyfitter_cfg.c **** CY_CFG_UNUSED
  89:Generated_Source\PSoC4/cyfitter_cfg.c **** static void CYCONFIGCPYCODE(void *dest, const void *src, size_t n)
  90:Generated_Source\PSoC4/cyfitter_cfg.c **** {
 100              		.loc 1 90 0
 101              		.cfi_startproc
 102              		@ args = 0, pretend = 0, frame = 16
 103              		@ frame_needed = 1, uses_anonymous_args = 0
 104 0000 80B5     		push	{r7, lr}
 105              		.cfi_def_cfa_offset 8
 106              		.cfi_offset 7, -8
 107              		.cfi_offset 14, -4
 108 0002 84B0     		sub	sp, sp, #16
 109              		.cfi_def_cfa_offset 24
 110 0004 00AF     		add	r7, sp, #0
 111              		.cfi_def_cfa_register 7
 112 0006 F860     		str	r0, [r7, #12]
 113 0008 B960     		str	r1, [r7, #8]
 114 000a 7A60     		str	r2, [r7, #4]
  91:Generated_Source\PSoC4/cyfitter_cfg.c **** 	(void)memcpy(dest, src, n);
 115              		.loc 1 91 0
 116 000c 7A68     		ldr	r2, [r7, #4]
 117 000e B968     		ldr	r1, [r7, #8]
 118 0010 FB68     		ldr	r3, [r7, #12]
 119 0012 1800     		movs	r0, r3
 120 0014 FFF7FEFF 		bl	memcpy
  92:Generated_Source\PSoC4/cyfitter_cfg.c **** }
 121              		.loc 1 92 0
 122 0018 C046     		nop
 123 001a BD46     		mov	sp, r7
 124 001c 04B0     		add	sp, sp, #16
 125              		@ sp needed
 126 001e 80BD     		pop	{r7, pc}
 127              		.cfi_endproc
 128              	.LFE3:
 129              		.size	CYCONFIGCPYCODE, .-CYCONFIGCPYCODE
 130              		.section	.psocinit,"ax",%progbits
 131              		.align	2
 132              		.code	16
 133              		.thumb_func
 134              		.type	ClockSetup, %function
 135              	ClockSetup:
 136              	.LFB4:
ARM GAS  C:\Users\Jason\AppData\Local\Temp\ccnGWpLc.s 			page 5


  93:Generated_Source\PSoC4/cyfitter_cfg.c **** 
  94:Generated_Source\PSoC4/cyfitter_cfg.c **** 
  95:Generated_Source\PSoC4/cyfitter_cfg.c **** 
  96:Generated_Source\PSoC4/cyfitter_cfg.c **** 
  97:Generated_Source\PSoC4/cyfitter_cfg.c **** /* Clock startup error codes                                                   */
  98:Generated_Source\PSoC4/cyfitter_cfg.c **** #define CYCLOCKSTART_NO_ERROR    0u
  99:Generated_Source\PSoC4/cyfitter_cfg.c **** #define CYCLOCKSTART_XTAL_ERROR  1u
 100:Generated_Source\PSoC4/cyfitter_cfg.c **** #define CYCLOCKSTART_32KHZ_ERROR 2u
 101:Generated_Source\PSoC4/cyfitter_cfg.c **** #define CYCLOCKSTART_PLL_ERROR   3u
 102:Generated_Source\PSoC4/cyfitter_cfg.c **** #define CYCLOCKSTART_FLL_ERROR   4u
 103:Generated_Source\PSoC4/cyfitter_cfg.c **** #define CYCLOCKSTART_WCO_ERROR   5u
 104:Generated_Source\PSoC4/cyfitter_cfg.c **** 
 105:Generated_Source\PSoC4/cyfitter_cfg.c **** 
 106:Generated_Source\PSoC4/cyfitter_cfg.c **** #ifdef CY_NEED_CYCLOCKSTARTUPERROR
 107:Generated_Source\PSoC4/cyfitter_cfg.c **** /*******************************************************************************
 108:Generated_Source\PSoC4/cyfitter_cfg.c **** * Function Name: CyClockStartupError
 109:Generated_Source\PSoC4/cyfitter_cfg.c **** ********************************************************************************
 110:Generated_Source\PSoC4/cyfitter_cfg.c **** * Summary:
 111:Generated_Source\PSoC4/cyfitter_cfg.c **** *  If an error is encountered during clock configuration (crystal startup error,
 112:Generated_Source\PSoC4/cyfitter_cfg.c **** *  PLL lock error, etc.), the system will end up here.  Unless reimplemented by
 113:Generated_Source\PSoC4/cyfitter_cfg.c **** *  the customer, this function will stop in an infinite loop.
 114:Generated_Source\PSoC4/cyfitter_cfg.c **** *
 115:Generated_Source\PSoC4/cyfitter_cfg.c **** * Parameters:
 116:Generated_Source\PSoC4/cyfitter_cfg.c **** *   void
 117:Generated_Source\PSoC4/cyfitter_cfg.c **** *
 118:Generated_Source\PSoC4/cyfitter_cfg.c **** * Return:
 119:Generated_Source\PSoC4/cyfitter_cfg.c **** *   void
 120:Generated_Source\PSoC4/cyfitter_cfg.c **** *
 121:Generated_Source\PSoC4/cyfitter_cfg.c **** *******************************************************************************/
 122:Generated_Source\PSoC4/cyfitter_cfg.c **** CY_CFG_UNUSED
 123:Generated_Source\PSoC4/cyfitter_cfg.c **** static void CyClockStartupError(uint8 errorCode);
 124:Generated_Source\PSoC4/cyfitter_cfg.c **** CY_CFG_UNUSED
 125:Generated_Source\PSoC4/cyfitter_cfg.c **** static void CyClockStartupError(uint8 errorCode)
 126:Generated_Source\PSoC4/cyfitter_cfg.c **** {
 127:Generated_Source\PSoC4/cyfitter_cfg.c ****     /* To remove the compiler warning if errorCode not used.                */
 128:Generated_Source\PSoC4/cyfitter_cfg.c ****     errorCode = errorCode;
 129:Generated_Source\PSoC4/cyfitter_cfg.c **** 
 130:Generated_Source\PSoC4/cyfitter_cfg.c ****     /* If we have a clock startup error (bad MHz crystal, PLL lock, etc.),  */
 131:Generated_Source\PSoC4/cyfitter_cfg.c ****     /* we will end up here to allow the customer to implement something to  */
 132:Generated_Source\PSoC4/cyfitter_cfg.c ****     /* deal with the clock condition.                                       */
 133:Generated_Source\PSoC4/cyfitter_cfg.c **** 
 134:Generated_Source\PSoC4/cyfitter_cfg.c **** #ifdef CY_CFG_CLOCK_STARTUP_ERROR_CALLBACK
 135:Generated_Source\PSoC4/cyfitter_cfg.c ****     CY_CFG_Clock_Startup_ErrorCallback();
 136:Generated_Source\PSoC4/cyfitter_cfg.c **** #else
 137:Generated_Source\PSoC4/cyfitter_cfg.c ****     /*  If not using CY_CFG_CLOCK_STARTUP_ERROR_CALLBACK, place your clock startup code here. */
 138:Generated_Source\PSoC4/cyfitter_cfg.c ****     /* `#START CyClockStartupError` */
 139:Generated_Source\PSoC4/cyfitter_cfg.c **** 
 140:Generated_Source\PSoC4/cyfitter_cfg.c **** 
 141:Generated_Source\PSoC4/cyfitter_cfg.c **** 
 142:Generated_Source\PSoC4/cyfitter_cfg.c ****     /* `#END` */
 143:Generated_Source\PSoC4/cyfitter_cfg.c **** 
 144:Generated_Source\PSoC4/cyfitter_cfg.c ****     while(1) {}
 145:Generated_Source\PSoC4/cyfitter_cfg.c **** #endif /* CY_CFG_CLOCK_STARTUP_ERROR_CALLBACK */
 146:Generated_Source\PSoC4/cyfitter_cfg.c **** }
 147:Generated_Source\PSoC4/cyfitter_cfg.c **** #endif
 148:Generated_Source\PSoC4/cyfitter_cfg.c **** 
 149:Generated_Source\PSoC4/cyfitter_cfg.c **** 
ARM GAS  C:\Users\Jason\AppData\Local\Temp\ccnGWpLc.s 			page 6


 150:Generated_Source\PSoC4/cyfitter_cfg.c **** 
 151:Generated_Source\PSoC4/cyfitter_cfg.c **** /*******************************************************************************
 152:Generated_Source\PSoC4/cyfitter_cfg.c **** * Function Name: ClockSetup
 153:Generated_Source\PSoC4/cyfitter_cfg.c **** ********************************************************************************
 154:Generated_Source\PSoC4/cyfitter_cfg.c **** *
 155:Generated_Source\PSoC4/cyfitter_cfg.c **** * Summary:
 156:Generated_Source\PSoC4/cyfitter_cfg.c **** *   Performs the initialization of all of the clocks in the device based on the
 157:Generated_Source\PSoC4/cyfitter_cfg.c **** *   settings in the Clock tab of the DWR.  This includes enabling the requested
 158:Generated_Source\PSoC4/cyfitter_cfg.c **** *   clocks and setting the necessary dividers to produce the desired frequency. 
 159:Generated_Source\PSoC4/cyfitter_cfg.c **** *
 160:Generated_Source\PSoC4/cyfitter_cfg.c **** * Parameters:
 161:Generated_Source\PSoC4/cyfitter_cfg.c **** *   void
 162:Generated_Source\PSoC4/cyfitter_cfg.c **** *
 163:Generated_Source\PSoC4/cyfitter_cfg.c **** * Return:
 164:Generated_Source\PSoC4/cyfitter_cfg.c **** *   void
 165:Generated_Source\PSoC4/cyfitter_cfg.c **** *
 166:Generated_Source\PSoC4/cyfitter_cfg.c **** *******************************************************************************/
 167:Generated_Source\PSoC4/cyfitter_cfg.c **** static void ClockSetup(void);
 168:Generated_Source\PSoC4/cyfitter_cfg.c **** CY_CFG_SECTION
 169:Generated_Source\PSoC4/cyfitter_cfg.c **** static void ClockSetup(void)
 170:Generated_Source\PSoC4/cyfitter_cfg.c **** {
 137              		.loc 1 170 0
 138              		.cfi_startproc
 139              		@ args = 0, pretend = 0, frame = 0
 140              		@ frame_needed = 1, uses_anonymous_args = 0
 141 0000 80B5     		push	{r7, lr}
 142              		.cfi_def_cfa_offset 8
 143              		.cfi_offset 7, -8
 144              		.cfi_offset 14, -4
 145 0002 00AF     		add	r7, sp, #0
 146              		.cfi_def_cfa_register 7
 171:Generated_Source\PSoC4/cyfitter_cfg.c **** 
 172:Generated_Source\PSoC4/cyfitter_cfg.c **** 	/* Set Flash Cycles based on max possible frequency in case a glitch occurs during ClockSetup(). *
 173:Generated_Source\PSoC4/cyfitter_cfg.c **** 	CY_SET_REG32((void CYXDATA *)(CYREG_CPUSS_FLASH_CTL), (0x0012u));
 147              		.loc 1 173 0
 148 0004 0C4B     		ldr	r3, .L5
 149 0006 1222     		movs	r2, #18
 150 0008 1A60     		str	r2, [r3]
 174:Generated_Source\PSoC4/cyfitter_cfg.c **** 	/* Setup and trim IMO based on desired frequency. */
 175:Generated_Source\PSoC4/cyfitter_cfg.c **** 	CySysClkWriteImoFreq(24u);
 151              		.loc 1 175 0
 152 000a 1820     		movs	r0, #24
 153 000c FFF7FEFF 		bl	CySysClkWriteImoFreq
 176:Generated_Source\PSoC4/cyfitter_cfg.c **** 	/* CYDEV_CLK_ILO_CONFIG Starting address: CYDEV_CLK_ILO_CONFIG */
 177:Generated_Source\PSoC4/cyfitter_cfg.c **** 	CY_SET_REG32((void *)(CYREG_CLK_ILO_CONFIG), 0x80000006u);
 154              		.loc 1 177 0
 155 0010 0A4B     		ldr	r3, .L5+4
 156 0012 0B4A     		ldr	r2, .L5+8
 157 0014 1A60     		str	r2, [r3]
 178:Generated_Source\PSoC4/cyfitter_cfg.c **** 
 179:Generated_Source\PSoC4/cyfitter_cfg.c **** 
 180:Generated_Source\PSoC4/cyfitter_cfg.c **** 	/* Setup phase aligned clocks */
 181:Generated_Source\PSoC4/cyfitter_cfg.c **** 
 182:Generated_Source\PSoC4/cyfitter_cfg.c **** 	/* CYDEV_CLK_IMO_CONFIG Starting address: CYDEV_CLK_IMO_CONFIG */
 183:Generated_Source\PSoC4/cyfitter_cfg.c **** 	CY_SET_REG32((void *)(CYREG_CLK_IMO_CONFIG), 0x80000000u);
 158              		.loc 1 183 0
 159 0016 0B4B     		ldr	r3, .L5+12
ARM GAS  C:\Users\Jason\AppData\Local\Temp\ccnGWpLc.s 			page 7


 160 0018 8022     		movs	r2, #128
 161 001a 1206     		lsls	r2, r2, #24
 162 001c 1A60     		str	r2, [r3]
 184:Generated_Source\PSoC4/cyfitter_cfg.c **** 
 185:Generated_Source\PSoC4/cyfitter_cfg.c **** 	/* CYDEV_CLK_SELECT Starting address: CYDEV_CLK_SELECT */
 186:Generated_Source\PSoC4/cyfitter_cfg.c **** 	CY_SET_REG32((void *)(CYREG_CLK_SELECT), 0x00000000u);
 163              		.loc 1 186 0
 164 001e 0A4B     		ldr	r3, .L5+16
 165 0020 0022     		movs	r2, #0
 166 0022 1A60     		str	r2, [r3]
 187:Generated_Source\PSoC4/cyfitter_cfg.c **** 
 188:Generated_Source\PSoC4/cyfitter_cfg.c **** 	CY_SET_REG32((void *)(CYREG_WDT_CONFIG), 0x00000000u);
 167              		.loc 1 188 0
 168 0024 094B     		ldr	r3, .L5+20
 169 0026 0022     		movs	r2, #0
 170 0028 1A60     		str	r2, [r3]
 189:Generated_Source\PSoC4/cyfitter_cfg.c **** 	/* Set Flash Cycles based on newly configured 24.00MHz HFCLK. */
 190:Generated_Source\PSoC4/cyfitter_cfg.c **** 	CY_SET_REG32((void CYXDATA *)(CYREG_CPUSS_FLASH_CTL), (0x0011u));
 171              		.loc 1 190 0
 172 002a 034B     		ldr	r3, .L5
 173 002c 1122     		movs	r2, #17
 174 002e 1A60     		str	r2, [r3]
 191:Generated_Source\PSoC4/cyfitter_cfg.c **** }
 175              		.loc 1 191 0
 176 0030 C046     		nop
 177 0032 BD46     		mov	sp, r7
 178              		@ sp needed
 179 0034 80BD     		pop	{r7, pc}
 180              	.L6:
 181 0036 C046     		.align	2
 182              	.L5:
 183 0038 30001040 		.word	1074790448
 184 003c 04010B40 		.word	1074462980
 185 0040 06000080 		.word	-2147483642
 186 0044 08010B40 		.word	1074462984
 187 0048 00010B40 		.word	1074462976
 188 004c 0C020B40 		.word	1074463244
 189              		.cfi_endproc
 190              	.LFE4:
 191              		.size	ClockSetup, .-ClockSetup
 192              		.section	.text.AnalogSetDefault,"ax",%progbits
 193              		.align	2
 194              		.code	16
 195              		.thumb_func
 196              		.type	AnalogSetDefault, %function
 197              	AnalogSetDefault:
 198              	.LFB5:
 192:Generated_Source\PSoC4/cyfitter_cfg.c **** 
 193:Generated_Source\PSoC4/cyfitter_cfg.c **** 
 194:Generated_Source\PSoC4/cyfitter_cfg.c **** /* Analog API Functions */
 195:Generated_Source\PSoC4/cyfitter_cfg.c **** 
 196:Generated_Source\PSoC4/cyfitter_cfg.c **** 
 197:Generated_Source\PSoC4/cyfitter_cfg.c **** /*******************************************************************************
 198:Generated_Source\PSoC4/cyfitter_cfg.c **** * Function Name: AnalogSetDefault
 199:Generated_Source\PSoC4/cyfitter_cfg.c **** ********************************************************************************
 200:Generated_Source\PSoC4/cyfitter_cfg.c **** *
 201:Generated_Source\PSoC4/cyfitter_cfg.c **** * Summary:
ARM GAS  C:\Users\Jason\AppData\Local\Temp\ccnGWpLc.s 			page 8


 202:Generated_Source\PSoC4/cyfitter_cfg.c **** *  Sets up the analog portions of the chip to default values based on chip
 203:Generated_Source\PSoC4/cyfitter_cfg.c **** *  configuration options from the project.
 204:Generated_Source\PSoC4/cyfitter_cfg.c **** *
 205:Generated_Source\PSoC4/cyfitter_cfg.c **** * Parameters:
 206:Generated_Source\PSoC4/cyfitter_cfg.c **** *  void
 207:Generated_Source\PSoC4/cyfitter_cfg.c **** *
 208:Generated_Source\PSoC4/cyfitter_cfg.c **** * Return:
 209:Generated_Source\PSoC4/cyfitter_cfg.c **** *  void
 210:Generated_Source\PSoC4/cyfitter_cfg.c **** *
 211:Generated_Source\PSoC4/cyfitter_cfg.c **** *******************************************************************************/
 212:Generated_Source\PSoC4/cyfitter_cfg.c **** static void AnalogSetDefault(void);
 213:Generated_Source\PSoC4/cyfitter_cfg.c **** static void AnalogSetDefault(void)
 214:Generated_Source\PSoC4/cyfitter_cfg.c **** {
 199              		.loc 1 214 0
 200              		.cfi_startproc
 201              		@ args = 0, pretend = 0, frame = 0
 202              		@ frame_needed = 1, uses_anonymous_args = 0
 203 0000 80B5     		push	{r7, lr}
 204              		.cfi_def_cfa_offset 8
 205              		.cfi_offset 7, -8
 206              		.cfi_offset 14, -4
 207 0002 00AF     		add	r7, sp, #0
 208              		.cfi_def_cfa_register 7
 215:Generated_Source\PSoC4/cyfitter_cfg.c **** 	CY_SET_XTND_REG32((void CYFAR *)CYREG_CTBM0_DFT_CTRL, 0x00000003u);
 209              		.loc 1 215 0
 210 0004 054B     		ldr	r3, .L8
 211 0006 0322     		movs	r2, #3
 212 0008 1A60     		str	r2, [r3]
 216:Generated_Source\PSoC4/cyfitter_cfg.c **** 	CY_SET_XTND_REG32((void CYFAR *)CYREG_CTBM1_DFT_CTRL, 0x00000003u);
 213              		.loc 1 216 0
 214 000a 054B     		ldr	r3, .L8+4
 215 000c 0322     		movs	r2, #3
 216 000e 1A60     		str	r2, [r3]
 217:Generated_Source\PSoC4/cyfitter_cfg.c **** 	CY_SET_XTND_REG32((void CYFAR *)CYREG_PASS_DSAB_DSAB_CTRL, 0x00000000u);
 217              		.loc 1 217 0
 218 0010 044B     		ldr	r3, .L8+8
 219 0012 0022     		movs	r2, #0
 220 0014 1A60     		str	r2, [r3]
 218:Generated_Source\PSoC4/cyfitter_cfg.c **** }
 221              		.loc 1 218 0
 222 0016 C046     		nop
 223 0018 BD46     		mov	sp, r7
 224              		@ sp needed
 225 001a 80BD     		pop	{r7, pc}
 226              	.L9:
 227              		.align	2
 228              	.L8:
 229 001c 30003040 		.word	1076887600
 230 0020 30003140 		.word	1076953136
 231 0024 000E3F40 		.word	1077874176
 232              		.cfi_endproc
 233              	.LFE5:
 234              		.size	AnalogSetDefault, .-AnalogSetDefault
 235              		.section	.psocinit
 236              		.align	2
 237              		.global	cyfitter_cfg
 238              		.code	16
ARM GAS  C:\Users\Jason\AppData\Local\Temp\ccnGWpLc.s 			page 9


 239              		.thumb_func
 240              		.type	cyfitter_cfg, %function
 241              	cyfitter_cfg:
 242              	.LFB6:
 219:Generated_Source\PSoC4/cyfitter_cfg.c **** 
 220:Generated_Source\PSoC4/cyfitter_cfg.c **** 
 221:Generated_Source\PSoC4/cyfitter_cfg.c **** 
 222:Generated_Source\PSoC4/cyfitter_cfg.c **** 
 223:Generated_Source\PSoC4/cyfitter_cfg.c **** /*******************************************************************************
 224:Generated_Source\PSoC4/cyfitter_cfg.c **** * Function Name: cyfitter_cfg
 225:Generated_Source\PSoC4/cyfitter_cfg.c **** ********************************************************************************
 226:Generated_Source\PSoC4/cyfitter_cfg.c **** * Summary:
 227:Generated_Source\PSoC4/cyfitter_cfg.c **** *  This function is called by the start-up code for the selected device. It
 228:Generated_Source\PSoC4/cyfitter_cfg.c **** *  performs all of the necessary device configuration based on the design
 229:Generated_Source\PSoC4/cyfitter_cfg.c **** *  settings.  This includes settings from the Design Wide Resources (DWR) such
 230:Generated_Source\PSoC4/cyfitter_cfg.c **** *  as Clocks and Pins as well as any component configuration that is necessary.
 231:Generated_Source\PSoC4/cyfitter_cfg.c **** *
 232:Generated_Source\PSoC4/cyfitter_cfg.c **** * Parameters:
 233:Generated_Source\PSoC4/cyfitter_cfg.c **** *   void
 234:Generated_Source\PSoC4/cyfitter_cfg.c **** *
 235:Generated_Source\PSoC4/cyfitter_cfg.c **** * Return:
 236:Generated_Source\PSoC4/cyfitter_cfg.c **** *   void
 237:Generated_Source\PSoC4/cyfitter_cfg.c **** *
 238:Generated_Source\PSoC4/cyfitter_cfg.c **** *******************************************************************************/
 239:Generated_Source\PSoC4/cyfitter_cfg.c **** CY_CFG_SECTION
 240:Generated_Source\PSoC4/cyfitter_cfg.c **** void cyfitter_cfg(void)
 241:Generated_Source\PSoC4/cyfitter_cfg.c **** {
 243              		.loc 1 241 0
 244              		.cfi_startproc
 245              		@ args = 0, pretend = 0, frame = 8
 246              		@ frame_needed = 1, uses_anonymous_args = 0
 247 0050 80B5     		push	{r7, lr}
 248              		.cfi_def_cfa_offset 8
 249              		.cfi_offset 7, -8
 250              		.cfi_offset 14, -4
 251 0052 82B0     		sub	sp, sp, #8
 252              		.cfi_def_cfa_offset 16
 253 0054 00AF     		add	r7, sp, #0
 254              		.cfi_def_cfa_register 7
 242:Generated_Source\PSoC4/cyfitter_cfg.c **** 	/* Disable interrupts by default. Let user enable if/when they want. */
 243:Generated_Source\PSoC4/cyfitter_cfg.c **** 	CyGlobalIntDisable;
 255              		.loc 1 243 0
 256              		.syntax divided
 257              	@ 243 "Generated_Source\PSoC4\cyfitter_cfg.c" 1
 258 0056 72B6     		CPSID   i
 259              	@ 0 "" 2
 260              		.thumb
 261              		.syntax unified
 262              	.LBB2:
 244:Generated_Source\PSoC4/cyfitter_cfg.c **** 
 245:Generated_Source\PSoC4/cyfitter_cfg.c **** 	{
 246:Generated_Source\PSoC4/cyfitter_cfg.c **** 
 247:Generated_Source\PSoC4/cyfitter_cfg.c **** 		CYPACKED typedef struct {
 248:Generated_Source\PSoC4/cyfitter_cfg.c **** 			void CYFAR *address;
 249:Generated_Source\PSoC4/cyfitter_cfg.c **** 			uint16 size;
 250:Generated_Source\PSoC4/cyfitter_cfg.c **** 		} CYPACKED_ATTR cfg_memset_t;
 251:Generated_Source\PSoC4/cyfitter_cfg.c **** 
ARM GAS  C:\Users\Jason\AppData\Local\Temp\ccnGWpLc.s 			page 10


 252:Generated_Source\PSoC4/cyfitter_cfg.c **** 		static const cfg_memset_t CYCODE cfg_memset_list[] = {
 253:Generated_Source\PSoC4/cyfitter_cfg.c **** 			/* address, size */
 254:Generated_Source\PSoC4/cyfitter_cfg.c **** 			{(void CYFAR *)(CYDEV_UDB_P0_U0_BASE), 2048u},
 255:Generated_Source\PSoC4/cyfitter_cfg.c **** 			{(void CYFAR *)(CYDEV_UDB_DSI0_BASE), 2048u},
 256:Generated_Source\PSoC4/cyfitter_cfg.c **** 		};
 257:Generated_Source\PSoC4/cyfitter_cfg.c **** 
 258:Generated_Source\PSoC4/cyfitter_cfg.c **** 		uint8 CYDATA i;
 259:Generated_Source\PSoC4/cyfitter_cfg.c **** 
 260:Generated_Source\PSoC4/cyfitter_cfg.c **** 		/* Zero out critical memory blocks before beginning configuration */
 261:Generated_Source\PSoC4/cyfitter_cfg.c **** 		for (i = 0u; i < (sizeof(cfg_memset_list)/sizeof(cfg_memset_list[0])); i++)
 263              		.loc 1 261 0
 264 0058 FB1D     		adds	r3, r7, #7
 265 005a 0022     		movs	r2, #0
 266 005c 1A70     		strb	r2, [r3]
 267 005e 22E0     		b	.L11
 268              	.L12:
 269              	.LBB3:
 262:Generated_Source\PSoC4/cyfitter_cfg.c **** 		{
 263:Generated_Source\PSoC4/cyfitter_cfg.c **** 			const cfg_memset_t CYCODE * CYDATA ms = &cfg_memset_list[i];
 270              		.loc 1 263 0 discriminator 3
 271 0060 FB1D     		adds	r3, r7, #7
 272 0062 1A78     		ldrb	r2, [r3]
 273 0064 1300     		movs	r3, r2
 274 0066 5B00     		lsls	r3, r3, #1
 275 0068 9B18     		adds	r3, r3, r2
 276 006a 5B00     		lsls	r3, r3, #1
 277 006c 234A     		ldr	r2, .L13
 278 006e 9B18     		adds	r3, r3, r2
 279 0070 3B60     		str	r3, [r7]
 264:Generated_Source\PSoC4/cyfitter_cfg.c **** 			CYMEMZERO(ms->address, (size_t)(uint32)(ms->size));
 280              		.loc 1 264 0 discriminator 3
 281 0072 3B68     		ldr	r3, [r7]
 282 0074 1A78     		ldrb	r2, [r3]
 283 0076 5978     		ldrb	r1, [r3, #1]
 284 0078 0902     		lsls	r1, r1, #8
 285 007a 0A43     		orrs	r2, r1
 286 007c 9978     		ldrb	r1, [r3, #2]
 287 007e 0904     		lsls	r1, r1, #16
 288 0080 0A43     		orrs	r2, r1
 289 0082 DB78     		ldrb	r3, [r3, #3]
 290 0084 1B06     		lsls	r3, r3, #24
 291 0086 1343     		orrs	r3, r2
 292 0088 1800     		movs	r0, r3
 293 008a 3B68     		ldr	r3, [r7]
 294 008c 1A79     		ldrb	r2, [r3, #4]
 295 008e 5B79     		ldrb	r3, [r3, #5]
 296 0090 1B02     		lsls	r3, r3, #8
 297 0092 1343     		orrs	r3, r2
 298 0094 9BB2     		uxth	r3, r3
 299 0096 1900     		movs	r1, r3
 300 0098 FFF7FEFF 		bl	CYMEMZERO
 301              	.LBE3:
 261:Generated_Source\PSoC4/cyfitter_cfg.c **** 		{
 302              		.loc 1 261 0 discriminator 3
 303 009c FB1D     		adds	r3, r7, #7
 304 009e 1A78     		ldrb	r2, [r3]
 305 00a0 FB1D     		adds	r3, r7, #7
ARM GAS  C:\Users\Jason\AppData\Local\Temp\ccnGWpLc.s 			page 11


 306 00a2 0132     		adds	r2, r2, #1
 307 00a4 1A70     		strb	r2, [r3]
 308              	.L11:
 261:Generated_Source\PSoC4/cyfitter_cfg.c **** 		{
 309              		.loc 1 261 0 is_stmt 0 discriminator 1
 310 00a6 FB1D     		adds	r3, r7, #7
 311 00a8 1B78     		ldrb	r3, [r3]
 312 00aa 012B     		cmp	r3, #1
 313 00ac D8D9     		bls	.L12
 265:Generated_Source\PSoC4/cyfitter_cfg.c **** 		}
 266:Generated_Source\PSoC4/cyfitter_cfg.c **** 
 267:Generated_Source\PSoC4/cyfitter_cfg.c **** 		/* HSIOM Starting address: CYDEV_HSIOM_BASE */
 268:Generated_Source\PSoC4/cyfitter_cfg.c **** 		CY_SET_REG32((void *)(CYREG_HSIOM_PORT_SEL3), 0x0000EE00u);
 314              		.loc 1 268 0 is_stmt 1
 315 00ae 144B     		ldr	r3, .L13+4
 316 00b0 EE22     		movs	r2, #238
 317 00b2 1202     		lsls	r2, r2, #8
 318 00b4 1A60     		str	r2, [r3]
 269:Generated_Source\PSoC4/cyfitter_cfg.c **** 
 270:Generated_Source\PSoC4/cyfitter_cfg.c **** 		/* UDB_PA_2 Starting address: CYDEV_UDB_PA2_BASE */
 271:Generated_Source\PSoC4/cyfitter_cfg.c **** 		CY_SET_REG32((void *)(CYDEV_UDB_PA2_BASE), 0x00990000u);
 319              		.loc 1 271 0
 320 00b6 134B     		ldr	r3, .L13+8
 321 00b8 9922     		movs	r2, #153
 322 00ba 1204     		lsls	r2, r2, #16
 323 00bc 1A60     		str	r2, [r3]
 272:Generated_Source\PSoC4/cyfitter_cfg.c **** 
 273:Generated_Source\PSoC4/cyfitter_cfg.c **** 		/* UDB_PA_7 Starting address: CYDEV_UDB_PA7_BASE */
 274:Generated_Source\PSoC4/cyfitter_cfg.c **** 		CY_SET_REG32((void *)(CYDEV_UDB_PA7_BASE), 0x00990000u);
 324              		.loc 1 274 0
 325 00be 124B     		ldr	r3, .L13+12
 326 00c0 9922     		movs	r2, #153
 327 00c2 1204     		lsls	r2, r2, #16
 328 00c4 1A60     		str	r2, [r3]
 275:Generated_Source\PSoC4/cyfitter_cfg.c **** 
 276:Generated_Source\PSoC4/cyfitter_cfg.c **** 		/* Enable digital routing */
 277:Generated_Source\PSoC4/cyfitter_cfg.c **** 		CY_SET_XTND_REG8((void *)CYREG_UDB_UDB_BANK_CTL, (uint8)(CY_GET_XTND_REG8((void *)CYREG_UDB_UDB_B
 329              		.loc 1 277 0
 330 00c6 114A     		ldr	r2, .L13+16
 331 00c8 104B     		ldr	r3, .L13+16
 332 00ca 1B78     		ldrb	r3, [r3]
 333 00cc DBB2     		uxtb	r3, r3
 334 00ce 0621     		movs	r1, #6
 335 00d0 0B43     		orrs	r3, r1
 336 00d2 DBB2     		uxtb	r3, r3
 337 00d4 1370     		strb	r3, [r2]
 338              	.LBE2:
 278:Generated_Source\PSoC4/cyfitter_cfg.c **** 	}
 279:Generated_Source\PSoC4/cyfitter_cfg.c **** 
 280:Generated_Source\PSoC4/cyfitter_cfg.c **** 	/* Perform second pass device configuration. These items must be configured in specific order afte
 281:Generated_Source\PSoC4/cyfitter_cfg.c **** 	/* IOPINS0_2 Starting address: CYDEV_GPIO_PRT2_BASE */
 282:Generated_Source\PSoC4/cyfitter_cfg.c **** 	CY_SET_REG32((void *)(CYREG_GPIO_PRT2_PC), 0x00036DB6u);
 339              		.loc 1 282 0
 340 00d6 0E4B     		ldr	r3, .L13+20
 341 00d8 0E4A     		ldr	r2, .L13+24
 342 00da 1A60     		str	r2, [r3]
 283:Generated_Source\PSoC4/cyfitter_cfg.c **** 
ARM GAS  C:\Users\Jason\AppData\Local\Temp\ccnGWpLc.s 			page 12


 284:Generated_Source\PSoC4/cyfitter_cfg.c **** 	/* IOPINS0_3 Starting address: CYDEV_GPIO_PRT3_BASE */
 285:Generated_Source\PSoC4/cyfitter_cfg.c **** 	CY_SET_REG32((void *)(CYREG_GPIO_PRT3_PC), 0x00000D80u);
 343              		.loc 1 285 0
 344 00dc 0E4B     		ldr	r3, .L13+28
 345 00de D822     		movs	r2, #216
 346 00e0 1201     		lsls	r2, r2, #4
 347 00e2 1A60     		str	r2, [r3]
 286:Generated_Source\PSoC4/cyfitter_cfg.c **** 
 287:Generated_Source\PSoC4/cyfitter_cfg.c **** 	/* IOPINS0_9 Starting address: CYDEV_GPIO_PRT9_BASE */
 288:Generated_Source\PSoC4/cyfitter_cfg.c **** 	CY_SET_REG32((void *)(CYREG_GPIO_PRT9_PC), 0x00000D80u);
 348              		.loc 1 288 0
 349 00e4 0D4B     		ldr	r3, .L13+32
 350 00e6 D822     		movs	r2, #216
 351 00e8 1201     		lsls	r2, r2, #4
 352 00ea 1A60     		str	r2, [r3]
 289:Generated_Source\PSoC4/cyfitter_cfg.c **** 
 290:Generated_Source\PSoC4/cyfitter_cfg.c **** 
 291:Generated_Source\PSoC4/cyfitter_cfg.c **** 	/* Setup clocks based on selections from Clock DWR */
 292:Generated_Source\PSoC4/cyfitter_cfg.c **** 	ClockSetup();
 353              		.loc 1 292 0
 354 00ec FFF788FF 		bl	ClockSetup
 293:Generated_Source\PSoC4/cyfitter_cfg.c **** 
 294:Generated_Source\PSoC4/cyfitter_cfg.c **** 	/* Perform basic analog initialization to defaults */
 295:Generated_Source\PSoC4/cyfitter_cfg.c **** 	AnalogSetDefault();
 355              		.loc 1 295 0
 356 00f0 FFF7FEFF 		bl	AnalogSetDefault
 296:Generated_Source\PSoC4/cyfitter_cfg.c **** 
 297:Generated_Source\PSoC4/cyfitter_cfg.c **** }
 357              		.loc 1 297 0
 358 00f4 C046     		nop
 359 00f6 BD46     		mov	sp, r7
 360 00f8 02B0     		add	sp, sp, #8
 361              		@ sp needed
 362 00fa 80BD     		pop	{r7, pc}
 363              	.L14:
 364              		.align	2
 365              	.L13:
 366 00fc 00000000 		.word	cfg_memset_list.4948
 367 0100 00030240 		.word	1073873664
 368 0104 20500F40 		.word	1074745376
 369 0108 70500F40 		.word	1074745456
 370 010c 00700F40 		.word	1074753536
 371 0110 08020440 		.word	1074004488
 372 0114 B66D0300 		.word	224694
 373 0118 08030440 		.word	1074004744
 374 011c 08090440 		.word	1074006280
 375              		.cfi_endproc
 376              	.LFE6:
 377              		.size	cyfitter_cfg, .-cyfitter_cfg
 378              		.section	.rodata
 379              		.align	2
 380              		.type	cfg_memset_list.4948, %object
 381              		.size	cfg_memset_list.4948, 12
 382              	cfg_memset_list.4948:
 383 0000 00300F40 		.word	1074737152
 384 0004 0008     		.short	2048
 385 0006 00400F40 		.4byte	1074741248
ARM GAS  C:\Users\Jason\AppData\Local\Temp\ccnGWpLc.s 			page 13


 386 000a 0008     		.short	2048
 387              		.text
 388              	.Letext0:
 389              		.file 2 "c:\\program files (x86)\\cypress\\psoc creator\\4.4\\psoc creator\\import\\gnu\\arm\\5.4.
 390              		.file 3 "Generated_Source\\PSoC4\\cytypes.h"
 391              		.section	.debug_info,"",%progbits
 392              	.Ldebug_info0:
 393 0000 4F020000 		.4byte	0x24f
 394 0004 0400     		.2byte	0x4
 395 0006 00000000 		.4byte	.Ldebug_abbrev0
 396 000a 04       		.byte	0x4
 397 000b 01       		.uleb128 0x1
 398 000c 83000000 		.4byte	.LASF30
 399 0010 0C       		.byte	0xc
 400 0011 01020000 		.4byte	.LASF31
 401 0015 11010000 		.4byte	.LASF32
 402 0019 00000000 		.4byte	.Ldebug_ranges0+0
 403 001d 00000000 		.4byte	0
 404 0021 00000000 		.4byte	.Ldebug_line0
 405 0025 02       		.uleb128 0x2
 406 0026 04       		.byte	0x4
 407 0027 05       		.byte	0x5
 408 0028 696E7400 		.ascii	"int\000"
 409 002c 03       		.uleb128 0x3
 410 002d 06000000 		.4byte	.LASF12
 411 0031 02       		.byte	0x2
 412 0032 D8       		.byte	0xd8
 413 0033 37000000 		.4byte	0x37
 414 0037 04       		.uleb128 0x4
 415 0038 04       		.byte	0x4
 416 0039 07       		.byte	0x7
 417 003a 81010000 		.4byte	.LASF0
 418 003e 04       		.uleb128 0x4
 419 003f 08       		.byte	0x8
 420 0040 05       		.byte	0x5
 421 0041 C3010000 		.4byte	.LASF1
 422 0045 04       		.uleb128 0x4
 423 0046 08       		.byte	0x8
 424 0047 04       		.byte	0x4
 425 0048 E9010000 		.4byte	.LASF2
 426 004c 04       		.uleb128 0x4
 427 004d 01       		.byte	0x1
 428 004e 06       		.byte	0x6
 429 004f F5010000 		.4byte	.LASF3
 430 0053 04       		.uleb128 0x4
 431 0054 01       		.byte	0x1
 432 0055 08       		.byte	0x8
 433 0056 51010000 		.4byte	.LASF4
 434 005a 04       		.uleb128 0x4
 435 005b 02       		.byte	0x2
 436 005c 05       		.byte	0x5
 437 005d D6010000 		.4byte	.LASF5
 438 0061 04       		.uleb128 0x4
 439 0062 02       		.byte	0x2
 440 0063 07       		.byte	0x7
 441 0064 39000000 		.4byte	.LASF6
 442 0068 04       		.uleb128 0x4
ARM GAS  C:\Users\Jason\AppData\Local\Temp\ccnGWpLc.s 			page 14


 443 0069 04       		.byte	0x4
 444 006a 05       		.byte	0x5
 445 006b E0010000 		.4byte	.LASF7
 446 006f 04       		.uleb128 0x4
 447 0070 04       		.byte	0x4
 448 0071 07       		.byte	0x7
 449 0072 61000000 		.4byte	.LASF8
 450 0076 04       		.uleb128 0x4
 451 0077 08       		.byte	0x8
 452 0078 07       		.byte	0x7
 453 0079 96010000 		.4byte	.LASF9
 454 007d 04       		.uleb128 0x4
 455 007e 04       		.byte	0x4
 456 007f 07       		.byte	0x7
 457 0080 BA010000 		.4byte	.LASF10
 458 0084 05       		.uleb128 0x5
 459 0085 04       		.byte	0x4
 460 0086 04       		.uleb128 0x4
 461 0087 01       		.byte	0x1
 462 0088 08       		.byte	0x8
 463 0089 D1010000 		.4byte	.LASF11
 464 008d 06       		.uleb128 0x6
 465 008e 73000000 		.4byte	.LASF13
 466 0092 03       		.byte	0x3
 467 0093 E401     		.2byte	0x1e4
 468 0095 53000000 		.4byte	0x53
 469 0099 06       		.uleb128 0x6
 470 009a 73010000 		.4byte	.LASF14
 471 009e 03       		.byte	0x3
 472 009f E501     		.2byte	0x1e5
 473 00a1 61000000 		.4byte	0x61
 474 00a5 06       		.uleb128 0x6
 475 00a6 7A010000 		.4byte	.LASF15
 476 00aa 03       		.byte	0x3
 477 00ab E601     		.2byte	0x1e6
 478 00ad 6F000000 		.4byte	0x6f
 479 00b1 04       		.uleb128 0x4
 480 00b2 04       		.byte	0x4
 481 00b3 04       		.byte	0x4
 482 00b4 4C000000 		.4byte	.LASF16
 483 00b8 04       		.uleb128 0x4
 484 00b9 08       		.byte	0x8
 485 00ba 04       		.byte	0x4
 486 00bb 5F010000 		.4byte	.LASF17
 487 00bf 06       		.uleb128 0x6
 488 00c0 5C000000 		.4byte	.LASF18
 489 00c4 03       		.byte	0x3
 490 00c5 8E02     		.2byte	0x28e
 491 00c7 CB000000 		.4byte	0xcb
 492 00cb 07       		.uleb128 0x7
 493 00cc 8D000000 		.4byte	0x8d
 494 00d0 06       		.uleb128 0x6
 495 00d1 00000000 		.4byte	.LASF19
 496 00d5 03       		.byte	0x3
 497 00d6 9002     		.2byte	0x290
 498 00d8 DC000000 		.4byte	0xdc
 499 00dc 07       		.uleb128 0x7
ARM GAS  C:\Users\Jason\AppData\Local\Temp\ccnGWpLc.s 			page 15


 500 00dd A5000000 		.4byte	0xa5
 501 00e1 08       		.uleb128 0x8
 502 00e2 79000000 		.4byte	.LASF20
 503 00e6 01       		.byte	0x1
 504 00e7 4B       		.byte	0x4b
 505 00e8 00000000 		.4byte	.LFB1
 506 00ec 1E000000 		.4byte	.LFE1-.LFB1
 507 00f0 01       		.uleb128 0x1
 508 00f1 9C       		.byte	0x9c
 509 00f2 0F010000 		.4byte	0x10f
 510 00f6 09       		.uleb128 0x9
 511 00f7 7300     		.ascii	"s\000"
 512 00f9 01       		.byte	0x1
 513 00fa 4B       		.byte	0x4b
 514 00fb 84000000 		.4byte	0x84
 515 00ff 02       		.uleb128 0x2
 516 0100 91       		.byte	0x91
 517 0101 74       		.sleb128 -12
 518 0102 09       		.uleb128 0x9
 519 0103 6E00     		.ascii	"n\000"
 520 0105 01       		.byte	0x1
 521 0106 4B       		.byte	0x4b
 522 0107 2C000000 		.4byte	0x2c
 523 010b 02       		.uleb128 0x2
 524 010c 91       		.byte	0x91
 525 010d 70       		.sleb128 -16
 526 010e 00       		.byte	0
 527 010f 08       		.uleb128 0x8
 528 0110 37020000 		.4byte	.LASF21
 529 0114 01       		.byte	0x1
 530 0115 52       		.byte	0x52
 531 0116 00000000 		.4byte	.LFB2
 532 011a 20000000 		.4byte	.LFE2-.LFB2
 533 011e 01       		.uleb128 0x1
 534 011f 9C       		.byte	0x9c
 535 0120 4D010000 		.4byte	0x14d
 536 0124 0A       		.uleb128 0xa
 537 0125 52000000 		.4byte	.LASF22
 538 0129 01       		.byte	0x1
 539 012a 52       		.byte	0x52
 540 012b 84000000 		.4byte	0x84
 541 012f 02       		.uleb128 0x2
 542 0130 91       		.byte	0x91
 543 0131 74       		.sleb128 -12
 544 0132 09       		.uleb128 0x9
 545 0133 73726300 		.ascii	"src\000"
 546 0137 01       		.byte	0x1
 547 0138 52       		.byte	0x52
 548 0139 4D010000 		.4byte	0x14d
 549 013d 02       		.uleb128 0x2
 550 013e 91       		.byte	0x91
 551 013f 70       		.sleb128 -16
 552 0140 09       		.uleb128 0x9
 553 0141 6E00     		.ascii	"n\000"
 554 0143 01       		.byte	0x1
 555 0144 52       		.byte	0x52
 556 0145 2C000000 		.4byte	0x2c
ARM GAS  C:\Users\Jason\AppData\Local\Temp\ccnGWpLc.s 			page 16


 557 0149 02       		.uleb128 0x2
 558 014a 91       		.byte	0x91
 559 014b 6C       		.sleb128 -20
 560 014c 00       		.byte	0
 561 014d 0B       		.uleb128 0xb
 562 014e 04       		.byte	0x4
 563 014f 53010000 		.4byte	0x153
 564 0153 0C       		.uleb128 0xc
 565 0154 08       		.uleb128 0x8
 566 0155 27020000 		.4byte	.LASF23
 567 0159 01       		.byte	0x1
 568 015a 59       		.byte	0x59
 569 015b 00000000 		.4byte	.LFB3
 570 015f 20000000 		.4byte	.LFE3-.LFB3
 571 0163 01       		.uleb128 0x1
 572 0164 9C       		.byte	0x9c
 573 0165 92010000 		.4byte	0x192
 574 0169 0A       		.uleb128 0xa
 575 016a 52000000 		.4byte	.LASF22
 576 016e 01       		.byte	0x1
 577 016f 59       		.byte	0x59
 578 0170 84000000 		.4byte	0x84
 579 0174 02       		.uleb128 0x2
 580 0175 91       		.byte	0x91
 581 0176 74       		.sleb128 -12
 582 0177 09       		.uleb128 0x9
 583 0178 73726300 		.ascii	"src\000"
 584 017c 01       		.byte	0x1
 585 017d 59       		.byte	0x59
 586 017e 4D010000 		.4byte	0x14d
 587 0182 02       		.uleb128 0x2
 588 0183 91       		.byte	0x91
 589 0184 70       		.sleb128 -16
 590 0185 09       		.uleb128 0x9
 591 0186 6E00     		.ascii	"n\000"
 592 0188 01       		.byte	0x1
 593 0189 59       		.byte	0x59
 594 018a 2C000000 		.4byte	0x2c
 595 018e 02       		.uleb128 0x2
 596 018f 91       		.byte	0x91
 597 0190 6C       		.sleb128 -20
 598 0191 00       		.byte	0
 599 0192 0D       		.uleb128 0xd
 600 0193 2E000000 		.4byte	.LASF24
 601 0197 01       		.byte	0x1
 602 0198 A9       		.byte	0xa9
 603 0199 00000000 		.4byte	.LFB4
 604 019d 50000000 		.4byte	.LFE4-.LFB4
 605 01a1 01       		.uleb128 0x1
 606 01a2 9C       		.byte	0x9c
 607 01a3 0E       		.uleb128 0xe
 608 01a4 0D000000 		.4byte	.LASF25
 609 01a8 01       		.byte	0x1
 610 01a9 D5       		.byte	0xd5
 611 01aa 00000000 		.4byte	.LFB5
 612 01ae 28000000 		.4byte	.LFE5-.LFB5
 613 01b2 01       		.uleb128 0x1
ARM GAS  C:\Users\Jason\AppData\Local\Temp\ccnGWpLc.s 			page 17


 614 01b3 9C       		.byte	0x9c
 615 01b4 0F       		.uleb128 0xf
 616 01b5 66010000 		.4byte	.LASF33
 617 01b9 01       		.byte	0x1
 618 01ba F0       		.byte	0xf0
 619 01bb 50000000 		.4byte	.LFB6
 620 01bf D0000000 		.4byte	.LFE6-.LFB6
 621 01c3 01       		.uleb128 0x1
 622 01c4 9C       		.byte	0x9c
 623 01c5 10       		.uleb128 0x10
 624 01c6 58000000 		.4byte	.LBB2
 625 01ca 7E000000 		.4byte	.LBE2-.LBB2
 626 01ce 11       		.uleb128 0x11
 627 01cf 06       		.byte	0x6
 628 01d0 01       		.byte	0x1
 629 01d1 F7       		.byte	0xf7
 630 01d2 EF010000 		.4byte	0x1ef
 631 01d6 12       		.uleb128 0x12
 632 01d7 8E010000 		.4byte	.LASF26
 633 01db 01       		.byte	0x1
 634 01dc F8       		.byte	0xf8
 635 01dd 84000000 		.4byte	0x84
 636 01e1 00       		.byte	0
 637 01e2 12       		.uleb128 0x12
 638 01e3 57000000 		.4byte	.LASF27
 639 01e7 01       		.byte	0x1
 640 01e8 F9       		.byte	0xf9
 641 01e9 99000000 		.4byte	0x99
 642 01ed 04       		.byte	0x4
 643 01ee 00       		.byte	0
 644 01ef 03       		.uleb128 0x3
 645 01f0 AD010000 		.4byte	.LASF28
 646 01f4 01       		.byte	0x1
 647 01f5 FA       		.byte	0xfa
 648 01f6 CE010000 		.4byte	0x1ce
 649 01fa 13       		.uleb128 0x13
 650 01fb 0A020000 		.4byte	0x20a
 651 01ff 0A020000 		.4byte	0x20a
 652 0203 14       		.uleb128 0x14
 653 0204 7D000000 		.4byte	0x7d
 654 0208 01       		.byte	0x1
 655 0209 00       		.byte	0
 656 020a 15       		.uleb128 0x15
 657 020b EF010000 		.4byte	0x1ef
 658 020f 16       		.uleb128 0x16
 659 0210 1E000000 		.4byte	.LASF29
 660 0214 01       		.byte	0x1
 661 0215 FC       		.byte	0xfc
 662 0216 20020000 		.4byte	0x220
 663 021a 05       		.uleb128 0x5
 664 021b 03       		.byte	0x3
 665 021c 00000000 		.4byte	cfg_memset_list.4948
 666 0220 15       		.uleb128 0x15
 667 0221 FA010000 		.4byte	0x1fa
 668 0225 17       		.uleb128 0x17
 669 0226 6900     		.ascii	"i\000"
 670 0228 01       		.byte	0x1
ARM GAS  C:\Users\Jason\AppData\Local\Temp\ccnGWpLc.s 			page 18


 671 0229 0201     		.2byte	0x102
 672 022b 8D000000 		.4byte	0x8d
 673 022f 02       		.uleb128 0x2
 674 0230 91       		.byte	0x91
 675 0231 77       		.sleb128 -9
 676 0232 10       		.uleb128 0x10
 677 0233 60000000 		.4byte	.LBB3
 678 0237 3C000000 		.4byte	.LBE3-.LBB3
 679 023b 17       		.uleb128 0x17
 680 023c 6D7300   		.ascii	"ms\000"
 681 023f 01       		.byte	0x1
 682 0240 0701     		.2byte	0x107
 683 0242 49020000 		.4byte	0x249
 684 0246 02       		.uleb128 0x2
 685 0247 91       		.byte	0x91
 686 0248 70       		.sleb128 -16
 687 0249 0B       		.uleb128 0xb
 688 024a 04       		.byte	0x4
 689 024b 0A020000 		.4byte	0x20a
 690 024f 00       		.byte	0
 691 0250 00       		.byte	0
 692 0251 00       		.byte	0
 693 0252 00       		.byte	0
 694              		.section	.debug_abbrev,"",%progbits
 695              	.Ldebug_abbrev0:
 696 0000 01       		.uleb128 0x1
 697 0001 11       		.uleb128 0x11
 698 0002 01       		.byte	0x1
 699 0003 25       		.uleb128 0x25
 700 0004 0E       		.uleb128 0xe
 701 0005 13       		.uleb128 0x13
 702 0006 0B       		.uleb128 0xb
 703 0007 03       		.uleb128 0x3
 704 0008 0E       		.uleb128 0xe
 705 0009 1B       		.uleb128 0x1b
 706 000a 0E       		.uleb128 0xe
 707 000b 55       		.uleb128 0x55
 708 000c 17       		.uleb128 0x17
 709 000d 11       		.uleb128 0x11
 710 000e 01       		.uleb128 0x1
 711 000f 10       		.uleb128 0x10
 712 0010 17       		.uleb128 0x17
 713 0011 00       		.byte	0
 714 0012 00       		.byte	0
 715 0013 02       		.uleb128 0x2
 716 0014 24       		.uleb128 0x24
 717 0015 00       		.byte	0
 718 0016 0B       		.uleb128 0xb
 719 0017 0B       		.uleb128 0xb
 720 0018 3E       		.uleb128 0x3e
 721 0019 0B       		.uleb128 0xb
 722 001a 03       		.uleb128 0x3
 723 001b 08       		.uleb128 0x8
 724 001c 00       		.byte	0
 725 001d 00       		.byte	0
 726 001e 03       		.uleb128 0x3
 727 001f 16       		.uleb128 0x16
ARM GAS  C:\Users\Jason\AppData\Local\Temp\ccnGWpLc.s 			page 19


 728 0020 00       		.byte	0
 729 0021 03       		.uleb128 0x3
 730 0022 0E       		.uleb128 0xe
 731 0023 3A       		.uleb128 0x3a
 732 0024 0B       		.uleb128 0xb
 733 0025 3B       		.uleb128 0x3b
 734 0026 0B       		.uleb128 0xb
 735 0027 49       		.uleb128 0x49
 736 0028 13       		.uleb128 0x13
 737 0029 00       		.byte	0
 738 002a 00       		.byte	0
 739 002b 04       		.uleb128 0x4
 740 002c 24       		.uleb128 0x24
 741 002d 00       		.byte	0
 742 002e 0B       		.uleb128 0xb
 743 002f 0B       		.uleb128 0xb
 744 0030 3E       		.uleb128 0x3e
 745 0031 0B       		.uleb128 0xb
 746 0032 03       		.uleb128 0x3
 747 0033 0E       		.uleb128 0xe
 748 0034 00       		.byte	0
 749 0035 00       		.byte	0
 750 0036 05       		.uleb128 0x5
 751 0037 0F       		.uleb128 0xf
 752 0038 00       		.byte	0
 753 0039 0B       		.uleb128 0xb
 754 003a 0B       		.uleb128 0xb
 755 003b 00       		.byte	0
 756 003c 00       		.byte	0
 757 003d 06       		.uleb128 0x6
 758 003e 16       		.uleb128 0x16
 759 003f 00       		.byte	0
 760 0040 03       		.uleb128 0x3
 761 0041 0E       		.uleb128 0xe
 762 0042 3A       		.uleb128 0x3a
 763 0043 0B       		.uleb128 0xb
 764 0044 3B       		.uleb128 0x3b
 765 0045 05       		.uleb128 0x5
 766 0046 49       		.uleb128 0x49
 767 0047 13       		.uleb128 0x13
 768 0048 00       		.byte	0
 769 0049 00       		.byte	0
 770 004a 07       		.uleb128 0x7
 771 004b 35       		.uleb128 0x35
 772 004c 00       		.byte	0
 773 004d 49       		.uleb128 0x49
 774 004e 13       		.uleb128 0x13
 775 004f 00       		.byte	0
 776 0050 00       		.byte	0
 777 0051 08       		.uleb128 0x8
 778 0052 2E       		.uleb128 0x2e
 779 0053 01       		.byte	0x1
 780 0054 03       		.uleb128 0x3
 781 0055 0E       		.uleb128 0xe
 782 0056 3A       		.uleb128 0x3a
 783 0057 0B       		.uleb128 0xb
 784 0058 3B       		.uleb128 0x3b
ARM GAS  C:\Users\Jason\AppData\Local\Temp\ccnGWpLc.s 			page 20


 785 0059 0B       		.uleb128 0xb
 786 005a 27       		.uleb128 0x27
 787 005b 19       		.uleb128 0x19
 788 005c 11       		.uleb128 0x11
 789 005d 01       		.uleb128 0x1
 790 005e 12       		.uleb128 0x12
 791 005f 06       		.uleb128 0x6
 792 0060 40       		.uleb128 0x40
 793 0061 18       		.uleb128 0x18
 794 0062 9642     		.uleb128 0x2116
 795 0064 19       		.uleb128 0x19
 796 0065 01       		.uleb128 0x1
 797 0066 13       		.uleb128 0x13
 798 0067 00       		.byte	0
 799 0068 00       		.byte	0
 800 0069 09       		.uleb128 0x9
 801 006a 05       		.uleb128 0x5
 802 006b 00       		.byte	0
 803 006c 03       		.uleb128 0x3
 804 006d 08       		.uleb128 0x8
 805 006e 3A       		.uleb128 0x3a
 806 006f 0B       		.uleb128 0xb
 807 0070 3B       		.uleb128 0x3b
 808 0071 0B       		.uleb128 0xb
 809 0072 49       		.uleb128 0x49
 810 0073 13       		.uleb128 0x13
 811 0074 02       		.uleb128 0x2
 812 0075 18       		.uleb128 0x18
 813 0076 00       		.byte	0
 814 0077 00       		.byte	0
 815 0078 0A       		.uleb128 0xa
 816 0079 05       		.uleb128 0x5
 817 007a 00       		.byte	0
 818 007b 03       		.uleb128 0x3
 819 007c 0E       		.uleb128 0xe
 820 007d 3A       		.uleb128 0x3a
 821 007e 0B       		.uleb128 0xb
 822 007f 3B       		.uleb128 0x3b
 823 0080 0B       		.uleb128 0xb
 824 0081 49       		.uleb128 0x49
 825 0082 13       		.uleb128 0x13
 826 0083 02       		.uleb128 0x2
 827 0084 18       		.uleb128 0x18
 828 0085 00       		.byte	0
 829 0086 00       		.byte	0
 830 0087 0B       		.uleb128 0xb
 831 0088 0F       		.uleb128 0xf
 832 0089 00       		.byte	0
 833 008a 0B       		.uleb128 0xb
 834 008b 0B       		.uleb128 0xb
 835 008c 49       		.uleb128 0x49
 836 008d 13       		.uleb128 0x13
 837 008e 00       		.byte	0
 838 008f 00       		.byte	0
 839 0090 0C       		.uleb128 0xc
 840 0091 26       		.uleb128 0x26
 841 0092 00       		.byte	0
ARM GAS  C:\Users\Jason\AppData\Local\Temp\ccnGWpLc.s 			page 21


 842 0093 00       		.byte	0
 843 0094 00       		.byte	0
 844 0095 0D       		.uleb128 0xd
 845 0096 2E       		.uleb128 0x2e
 846 0097 00       		.byte	0
 847 0098 03       		.uleb128 0x3
 848 0099 0E       		.uleb128 0xe
 849 009a 3A       		.uleb128 0x3a
 850 009b 0B       		.uleb128 0xb
 851 009c 3B       		.uleb128 0x3b
 852 009d 0B       		.uleb128 0xb
 853 009e 27       		.uleb128 0x27
 854 009f 19       		.uleb128 0x19
 855 00a0 11       		.uleb128 0x11
 856 00a1 01       		.uleb128 0x1
 857 00a2 12       		.uleb128 0x12
 858 00a3 06       		.uleb128 0x6
 859 00a4 40       		.uleb128 0x40
 860 00a5 18       		.uleb128 0x18
 861 00a6 9642     		.uleb128 0x2116
 862 00a8 19       		.uleb128 0x19
 863 00a9 00       		.byte	0
 864 00aa 00       		.byte	0
 865 00ab 0E       		.uleb128 0xe
 866 00ac 2E       		.uleb128 0x2e
 867 00ad 00       		.byte	0
 868 00ae 03       		.uleb128 0x3
 869 00af 0E       		.uleb128 0xe
 870 00b0 3A       		.uleb128 0x3a
 871 00b1 0B       		.uleb128 0xb
 872 00b2 3B       		.uleb128 0x3b
 873 00b3 0B       		.uleb128 0xb
 874 00b4 27       		.uleb128 0x27
 875 00b5 19       		.uleb128 0x19
 876 00b6 11       		.uleb128 0x11
 877 00b7 01       		.uleb128 0x1
 878 00b8 12       		.uleb128 0x12
 879 00b9 06       		.uleb128 0x6
 880 00ba 40       		.uleb128 0x40
 881 00bb 18       		.uleb128 0x18
 882 00bc 9742     		.uleb128 0x2117
 883 00be 19       		.uleb128 0x19
 884 00bf 00       		.byte	0
 885 00c0 00       		.byte	0
 886 00c1 0F       		.uleb128 0xf
 887 00c2 2E       		.uleb128 0x2e
 888 00c3 01       		.byte	0x1
 889 00c4 3F       		.uleb128 0x3f
 890 00c5 19       		.uleb128 0x19
 891 00c6 03       		.uleb128 0x3
 892 00c7 0E       		.uleb128 0xe
 893 00c8 3A       		.uleb128 0x3a
 894 00c9 0B       		.uleb128 0xb
 895 00ca 3B       		.uleb128 0x3b
 896 00cb 0B       		.uleb128 0xb
 897 00cc 27       		.uleb128 0x27
 898 00cd 19       		.uleb128 0x19
ARM GAS  C:\Users\Jason\AppData\Local\Temp\ccnGWpLc.s 			page 22


 899 00ce 11       		.uleb128 0x11
 900 00cf 01       		.uleb128 0x1
 901 00d0 12       		.uleb128 0x12
 902 00d1 06       		.uleb128 0x6
 903 00d2 40       		.uleb128 0x40
 904 00d3 18       		.uleb128 0x18
 905 00d4 9642     		.uleb128 0x2116
 906 00d6 19       		.uleb128 0x19
 907 00d7 00       		.byte	0
 908 00d8 00       		.byte	0
 909 00d9 10       		.uleb128 0x10
 910 00da 0B       		.uleb128 0xb
 911 00db 01       		.byte	0x1
 912 00dc 11       		.uleb128 0x11
 913 00dd 01       		.uleb128 0x1
 914 00de 12       		.uleb128 0x12
 915 00df 06       		.uleb128 0x6
 916 00e0 00       		.byte	0
 917 00e1 00       		.byte	0
 918 00e2 11       		.uleb128 0x11
 919 00e3 13       		.uleb128 0x13
 920 00e4 01       		.byte	0x1
 921 00e5 0B       		.uleb128 0xb
 922 00e6 0B       		.uleb128 0xb
 923 00e7 3A       		.uleb128 0x3a
 924 00e8 0B       		.uleb128 0xb
 925 00e9 3B       		.uleb128 0x3b
 926 00ea 0B       		.uleb128 0xb
 927 00eb 01       		.uleb128 0x1
 928 00ec 13       		.uleb128 0x13
 929 00ed 00       		.byte	0
 930 00ee 00       		.byte	0
 931 00ef 12       		.uleb128 0x12
 932 00f0 0D       		.uleb128 0xd
 933 00f1 00       		.byte	0
 934 00f2 03       		.uleb128 0x3
 935 00f3 0E       		.uleb128 0xe
 936 00f4 3A       		.uleb128 0x3a
 937 00f5 0B       		.uleb128 0xb
 938 00f6 3B       		.uleb128 0x3b
 939 00f7 0B       		.uleb128 0xb
 940 00f8 49       		.uleb128 0x49
 941 00f9 13       		.uleb128 0x13
 942 00fa 38       		.uleb128 0x38
 943 00fb 0B       		.uleb128 0xb
 944 00fc 00       		.byte	0
 945 00fd 00       		.byte	0
 946 00fe 13       		.uleb128 0x13
 947 00ff 01       		.uleb128 0x1
 948 0100 01       		.byte	0x1
 949 0101 49       		.uleb128 0x49
 950 0102 13       		.uleb128 0x13
 951 0103 01       		.uleb128 0x1
 952 0104 13       		.uleb128 0x13
 953 0105 00       		.byte	0
 954 0106 00       		.byte	0
 955 0107 14       		.uleb128 0x14
ARM GAS  C:\Users\Jason\AppData\Local\Temp\ccnGWpLc.s 			page 23


 956 0108 21       		.uleb128 0x21
 957 0109 00       		.byte	0
 958 010a 49       		.uleb128 0x49
 959 010b 13       		.uleb128 0x13
 960 010c 2F       		.uleb128 0x2f
 961 010d 0B       		.uleb128 0xb
 962 010e 00       		.byte	0
 963 010f 00       		.byte	0
 964 0110 15       		.uleb128 0x15
 965 0111 26       		.uleb128 0x26
 966 0112 00       		.byte	0
 967 0113 49       		.uleb128 0x49
 968 0114 13       		.uleb128 0x13
 969 0115 00       		.byte	0
 970 0116 00       		.byte	0
 971 0117 16       		.uleb128 0x16
 972 0118 34       		.uleb128 0x34
 973 0119 00       		.byte	0
 974 011a 03       		.uleb128 0x3
 975 011b 0E       		.uleb128 0xe
 976 011c 3A       		.uleb128 0x3a
 977 011d 0B       		.uleb128 0xb
 978 011e 3B       		.uleb128 0x3b
 979 011f 0B       		.uleb128 0xb
 980 0120 49       		.uleb128 0x49
 981 0121 13       		.uleb128 0x13
 982 0122 02       		.uleb128 0x2
 983 0123 18       		.uleb128 0x18
 984 0124 00       		.byte	0
 985 0125 00       		.byte	0
 986 0126 17       		.uleb128 0x17
 987 0127 34       		.uleb128 0x34
 988 0128 00       		.byte	0
 989 0129 03       		.uleb128 0x3
 990 012a 08       		.uleb128 0x8
 991 012b 3A       		.uleb128 0x3a
 992 012c 0B       		.uleb128 0xb
 993 012d 3B       		.uleb128 0x3b
 994 012e 05       		.uleb128 0x5
 995 012f 49       		.uleb128 0x49
 996 0130 13       		.uleb128 0x13
 997 0131 02       		.uleb128 0x2
 998 0132 18       		.uleb128 0x18
 999 0133 00       		.byte	0
 1000 0134 00       		.byte	0
 1001 0135 00       		.byte	0
 1002              		.section	.debug_aranges,"",%progbits
 1003 0000 44000000 		.4byte	0x44
 1004 0004 0200     		.2byte	0x2
 1005 0006 00000000 		.4byte	.Ldebug_info0
 1006 000a 04       		.byte	0x4
 1007 000b 00       		.byte	0
 1008 000c 0000     		.2byte	0
 1009 000e 0000     		.2byte	0
 1010 0010 00000000 		.4byte	.LFB1
 1011 0014 1E000000 		.4byte	.LFE1-.LFB1
 1012 0018 00000000 		.4byte	.LFB2
ARM GAS  C:\Users\Jason\AppData\Local\Temp\ccnGWpLc.s 			page 24


 1013 001c 20000000 		.4byte	.LFE2-.LFB2
 1014 0020 00000000 		.4byte	.LFB3
 1015 0024 20000000 		.4byte	.LFE3-.LFB3
 1016 0028 00000000 		.4byte	.LFB4
 1017 002c 50000000 		.4byte	.LFE4-.LFB4
 1018 0030 00000000 		.4byte	.LFB5
 1019 0034 28000000 		.4byte	.LFE5-.LFB5
 1020 0038 50000000 		.4byte	.LFB6
 1021 003c D0000000 		.4byte	.LFE6-.LFB6
 1022 0040 00000000 		.4byte	0
 1023 0044 00000000 		.4byte	0
 1024              		.section	.debug_ranges,"",%progbits
 1025              	.Ldebug_ranges0:
 1026 0000 00000000 		.4byte	.LFB1
 1027 0004 1E000000 		.4byte	.LFE1
 1028 0008 00000000 		.4byte	.LFB2
 1029 000c 20000000 		.4byte	.LFE2
 1030 0010 00000000 		.4byte	.LFB3
 1031 0014 20000000 		.4byte	.LFE3
 1032 0018 00000000 		.4byte	.LFB4
 1033 001c 50000000 		.4byte	.LFE4
 1034 0020 00000000 		.4byte	.LFB5
 1035 0024 28000000 		.4byte	.LFE5
 1036 0028 50000000 		.4byte	.LFB6
 1037 002c 20010000 		.4byte	.LFE6
 1038 0030 00000000 		.4byte	0
 1039 0034 00000000 		.4byte	0
 1040              		.section	.debug_line,"",%progbits
 1041              	.Ldebug_line0:
 1042 0000 5B010000 		.section	.debug_str,"MS",%progbits,1
 1042      0200CB00 
 1042      00000201 
 1042      FB0E0D00 
 1042      01010101 
 1043              	.LASF19:
 1044 0000 72656733 		.ascii	"reg32\000"
 1044      3200
 1045              	.LASF12:
 1046 0006 73697A65 		.ascii	"size_t\000"
 1046      5F7400
 1047              	.LASF25:
 1048 000d 416E616C 		.ascii	"AnalogSetDefault\000"
 1048      6F675365 
 1048      74446566 
 1048      61756C74 
 1048      00
 1049              	.LASF29:
 1050 001e 6366675F 		.ascii	"cfg_memset_list\000"
 1050      6D656D73 
 1050      65745F6C 
 1050      69737400 
 1051              	.LASF24:
 1052 002e 436C6F63 		.ascii	"ClockSetup\000"
 1052      6B536574 
 1052      757000
 1053              	.LASF6:
 1054 0039 73686F72 		.ascii	"short unsigned int\000"
ARM GAS  C:\Users\Jason\AppData\Local\Temp\ccnGWpLc.s 			page 25


 1054      7420756E 
 1054      7369676E 
 1054      65642069 
 1054      6E7400
 1055              	.LASF16:
 1056 004c 666C6F61 		.ascii	"float\000"
 1056      7400
 1057              	.LASF22:
 1058 0052 64657374 		.ascii	"dest\000"
 1058      00
 1059              	.LASF27:
 1060 0057 73697A65 		.ascii	"size\000"
 1060      00
 1061              	.LASF18:
 1062 005c 72656738 		.ascii	"reg8\000"
 1062      00
 1063              	.LASF8:
 1064 0061 6C6F6E67 		.ascii	"long unsigned int\000"
 1064      20756E73 
 1064      69676E65 
 1064      6420696E 
 1064      7400
 1065              	.LASF13:
 1066 0073 75696E74 		.ascii	"uint8\000"
 1066      3800
 1067              	.LASF20:
 1068 0079 43594D45 		.ascii	"CYMEMZERO\000"
 1068      4D5A4552 
 1068      4F00
 1069              	.LASF30:
 1070 0083 474E5520 		.ascii	"GNU C11 5.4.1 20160609 (release) [ARM/embedded-5-br"
 1070      43313120 
 1070      352E342E 
 1070      31203230 
 1070      31363036 
 1071 00b6 616E6368 		.ascii	"anch revision 237715] -mcpu=cortex-m0 -mthumb -g -O"
 1071      20726576 
 1071      6973696F 
 1071      6E203233 
 1071      37373135 
 1072 00e9 30202D66 		.ascii	"0 -ffunction-sections -ffat-lto-objects\000"
 1072      66756E63 
 1072      74696F6E 
 1072      2D736563 
 1072      74696F6E 
 1073              	.LASF32:
 1074 0111 433A5C55 		.ascii	"C:\\Users\\Jason\\Documents\\PSoC Creator\\nixie\\n"
 1074      73657273 
 1074      5C4A6173 
 1074      6F6E5C44 
 1074      6F63756D 
 1075 013e 69786965 		.ascii	"ixie_control.cydsn\000"
 1075      5F636F6E 
 1075      74726F6C 
 1075      2E637964 
 1075      736E00
 1076              	.LASF4:
ARM GAS  C:\Users\Jason\AppData\Local\Temp\ccnGWpLc.s 			page 26


 1077 0151 756E7369 		.ascii	"unsigned char\000"
 1077      676E6564 
 1077      20636861 
 1077      7200
 1078              	.LASF17:
 1079 015f 646F7562 		.ascii	"double\000"
 1079      6C6500
 1080              	.LASF33:
 1081 0166 63796669 		.ascii	"cyfitter_cfg\000"
 1081      74746572 
 1081      5F636667 
 1081      00
 1082              	.LASF14:
 1083 0173 75696E74 		.ascii	"uint16\000"
 1083      313600
 1084              	.LASF15:
 1085 017a 75696E74 		.ascii	"uint32\000"
 1085      333200
 1086              	.LASF0:
 1087 0181 756E7369 		.ascii	"unsigned int\000"
 1087      676E6564 
 1087      20696E74 
 1087      00
 1088              	.LASF26:
 1089 018e 61646472 		.ascii	"address\000"
 1089      65737300 
 1090              	.LASF9:
 1091 0196 6C6F6E67 		.ascii	"long long unsigned int\000"
 1091      206C6F6E 
 1091      6720756E 
 1091      7369676E 
 1091      65642069 
 1092              	.LASF28:
 1093 01ad 6366675F 		.ascii	"cfg_memset_t\000"
 1093      6D656D73 
 1093      65745F74 
 1093      00
 1094              	.LASF10:
 1095 01ba 73697A65 		.ascii	"sizetype\000"
 1095      74797065 
 1095      00
 1096              	.LASF1:
 1097 01c3 6C6F6E67 		.ascii	"long long int\000"
 1097      206C6F6E 
 1097      6720696E 
 1097      7400
 1098              	.LASF11:
 1099 01d1 63686172 		.ascii	"char\000"
 1099      00
 1100              	.LASF5:
 1101 01d6 73686F72 		.ascii	"short int\000"
 1101      7420696E 
 1101      7400
 1102              	.LASF7:
 1103 01e0 6C6F6E67 		.ascii	"long int\000"
 1103      20696E74 
 1103      00
ARM GAS  C:\Users\Jason\AppData\Local\Temp\ccnGWpLc.s 			page 27


 1104              	.LASF2:
 1105 01e9 6C6F6E67 		.ascii	"long double\000"
 1105      20646F75 
 1105      626C6500 
 1106              	.LASF3:
 1107 01f5 7369676E 		.ascii	"signed char\000"
 1107      65642063 
 1107      68617200 
 1108              	.LASF31:
 1109 0201 47656E65 		.ascii	"Generated_Source\\PSoC4\\cyfitter_cfg.c\000"
 1109      72617465 
 1109      645F536F 
 1109      75726365 
 1109      5C50536F 
 1110              	.LASF23:
 1111 0227 4359434F 		.ascii	"CYCONFIGCPYCODE\000"
 1111      4E464947 
 1111      43505943 
 1111      4F444500 
 1112              	.LASF21:
 1113 0237 4359434F 		.ascii	"CYCONFIGCPY\000"
 1113      4E464947 
 1113      43505900 
 1114              		.ident	"GCC: (GNU Tools for ARM Embedded Processors) 5.4.1 20160609 (release) [ARM/embedded-5-bran
