ARM GAS  C:\Users\Jason\AppData\Local\Temp\ccp4u79f.s 			page 1


   1              		.syntax unified
   2              		.cpu cortex-m0
   3              		.fpu softvfp
   4              		.eabi_attribute 20, 1
   5              		.eabi_attribute 21, 1
   6              		.eabi_attribute 23, 3
   7              		.eabi_attribute 24, 1
   8              		.eabi_attribute 25, 1
   9              		.eabi_attribute 26, 1
  10              		.eabi_attribute 30, 6
  11              		.eabi_attribute 34, 0
  12              		.eabi_attribute 18, 4
  13              		.thumb
  14              		.syntax unified
  15              		.file	"IDAC.c"
  16              		.text
  17              	.Ltext0:
  18              		.cfi_sections	.debug_frame
  19              		.global	IDAC_initVar
  20              		.bss
  21              		.align	2
  22              		.type	IDAC_initVar, %object
  23              		.size	IDAC_initVar, 4
  24              	IDAC_initVar:
  25 0000 00000000 		.space	4
  26              		.section	.text.IDAC_Init,"ax",%progbits
  27              		.align	2
  28              		.global	IDAC_Init
  29              		.code	16
  30              		.thumb_func
  31              		.type	IDAC_Init, %function
  32              	IDAC_Init:
  33              	.LFB1:
  34              		.file 1 "Generated_Source\\PSoC4\\IDAC.c"
   1:Generated_Source\PSoC4/IDAC.c **** /*******************************************************************************
   2:Generated_Source\PSoC4/IDAC.c **** * File Name: IDAC.c
   3:Generated_Source\PSoC4/IDAC.c **** * Version 1.10
   4:Generated_Source\PSoC4/IDAC.c **** *
   5:Generated_Source\PSoC4/IDAC.c **** * Description:
   6:Generated_Source\PSoC4/IDAC.c **** *  This file provides the source code of APIs for the IDAC_P4 component.
   7:Generated_Source\PSoC4/IDAC.c **** *
   8:Generated_Source\PSoC4/IDAC.c **** *******************************************************************************
   9:Generated_Source\PSoC4/IDAC.c **** * Copyright 2013-2015, Cypress Semiconductor Corporation.  All rights reserved.
  10:Generated_Source\PSoC4/IDAC.c **** * You may use this file only in accordance with the license, terms, conditions,
  11:Generated_Source\PSoC4/IDAC.c **** * disclaimers, and limitations in the end user license agreement accompanying
  12:Generated_Source\PSoC4/IDAC.c **** * the software package with which this file was provided.
  13:Generated_Source\PSoC4/IDAC.c **** *******************************************************************************/
  14:Generated_Source\PSoC4/IDAC.c **** 
  15:Generated_Source\PSoC4/IDAC.c **** #include "IDAC.h"
  16:Generated_Source\PSoC4/IDAC.c **** 
  17:Generated_Source\PSoC4/IDAC.c **** uint32 IDAC_initVar = 0u;
  18:Generated_Source\PSoC4/IDAC.c **** 
  19:Generated_Source\PSoC4/IDAC.c **** 
  20:Generated_Source\PSoC4/IDAC.c **** /*******************************************************************************
  21:Generated_Source\PSoC4/IDAC.c **** * Function Name: IDAC_Init
  22:Generated_Source\PSoC4/IDAC.c **** ********************************************************************************
  23:Generated_Source\PSoC4/IDAC.c **** *
ARM GAS  C:\Users\Jason\AppData\Local\Temp\ccp4u79f.s 			page 2


  24:Generated_Source\PSoC4/IDAC.c **** * Summary:
  25:Generated_Source\PSoC4/IDAC.c **** *  Initializes IDAC registers with initial values provided from customizer.
  26:Generated_Source\PSoC4/IDAC.c **** *
  27:Generated_Source\PSoC4/IDAC.c **** * Parameters:
  28:Generated_Source\PSoC4/IDAC.c **** *  None
  29:Generated_Source\PSoC4/IDAC.c **** *
  30:Generated_Source\PSoC4/IDAC.c **** * Return:
  31:Generated_Source\PSoC4/IDAC.c **** *  None
  32:Generated_Source\PSoC4/IDAC.c **** *
  33:Generated_Source\PSoC4/IDAC.c **** * Global variables:
  34:Generated_Source\PSoC4/IDAC.c **** *  None
  35:Generated_Source\PSoC4/IDAC.c **** *
  36:Generated_Source\PSoC4/IDAC.c **** *******************************************************************************/
  37:Generated_Source\PSoC4/IDAC.c **** void IDAC_Init(void)
  38:Generated_Source\PSoC4/IDAC.c **** {
  35              		.loc 1 38 0
  36              		.cfi_startproc
  37              		@ args = 0, pretend = 0, frame = 8
  38              		@ frame_needed = 1, uses_anonymous_args = 0
  39 0000 90B5     		push	{r4, r7, lr}
  40              		.cfi_def_cfa_offset 12
  41              		.cfi_offset 4, -12
  42              		.cfi_offset 7, -8
  43              		.cfi_offset 14, -4
  44 0002 83B0     		sub	sp, sp, #12
  45              		.cfi_def_cfa_offset 24
  46 0004 00AF     		add	r7, sp, #0
  47              		.cfi_def_cfa_register 7
  39:Generated_Source\PSoC4/IDAC.c ****     uint32 regVal;
  40:Generated_Source\PSoC4/IDAC.c ****     uint8 enableInterrupts;
  41:Generated_Source\PSoC4/IDAC.c **** 
  42:Generated_Source\PSoC4/IDAC.c ****     /* Set initial configuration */
  43:Generated_Source\PSoC4/IDAC.c ****     enableInterrupts = CyEnterCriticalSection();
  48              		.loc 1 43 0
  49 0006 FC1D     		adds	r4, r7, #7
  50 0008 FFF7FEFF 		bl	CyEnterCriticalSection
  51 000c 0300     		movs	r3, r0
  52 000e 2370     		strb	r3, [r4]
  44:Generated_Source\PSoC4/IDAC.c ****     
  45:Generated_Source\PSoC4/IDAC.c ****     #if(IDAC_MODE_SOURCE == IDAC_IDAC_POLARITY)
  46:Generated_Source\PSoC4/IDAC.c ****         regVal  = IDAC_CSD_TRIM1_REG & ~(IDAC_CSD_IDAC_TRIM1_MASK);
  53              		.loc 1 46 0
  54 0010 164B     		ldr	r3, .L2
  55 0012 1B68     		ldr	r3, [r3]
  56 0014 0F22     		movs	r2, #15
  57 0016 9343     		bics	r3, r2
  58 0018 3B60     		str	r3, [r7]
  47:Generated_Source\PSoC4/IDAC.c ****         regVal |=  (IDAC_SFLASH_TRIM1_REG & IDAC_CSD_IDAC_TRIM1_MASK);
  59              		.loc 1 47 0
  60 001a 154B     		ldr	r3, .L2+4
  61 001c 1B78     		ldrb	r3, [r3]
  62 001e DBB2     		uxtb	r3, r3
  63 0020 1A00     		movs	r2, r3
  64 0022 0F23     		movs	r3, #15
  65 0024 1340     		ands	r3, r2
  66 0026 3A68     		ldr	r2, [r7]
  67 0028 1343     		orrs	r3, r2
ARM GAS  C:\Users\Jason\AppData\Local\Temp\ccp4u79f.s 			page 3


  68 002a 3B60     		str	r3, [r7]
  48:Generated_Source\PSoC4/IDAC.c ****         IDAC_CSD_TRIM1_REG = regVal;
  69              		.loc 1 48 0
  70 002c 0F4B     		ldr	r3, .L2
  71 002e 3A68     		ldr	r2, [r7]
  72 0030 1A60     		str	r2, [r3]
  49:Generated_Source\PSoC4/IDAC.c ****     #else
  50:Generated_Source\PSoC4/IDAC.c ****         regVal  = IDAC_CSD_TRIM2_REG & ~(IDAC_CSD_IDAC_TRIM2_MASK);
  51:Generated_Source\PSoC4/IDAC.c ****         regVal |=  (IDAC_SFLASH_TRIM2_REG & IDAC_CSD_IDAC_TRIM2_MASK);
  52:Generated_Source\PSoC4/IDAC.c ****         IDAC_CSD_TRIM2_REG = regVal;
  53:Generated_Source\PSoC4/IDAC.c ****     #endif /* (IDAC_MODE_SOURCE == IDAC_IDAC_POLARITY) */
  54:Generated_Source\PSoC4/IDAC.c **** 
  55:Generated_Source\PSoC4/IDAC.c ****     /* clear previous values */
  56:Generated_Source\PSoC4/IDAC.c ****     IDAC_IDAC_CONTROL_REG &= ((uint32)~((uint32)IDAC_IDAC_VALUE_MASK <<
  73              		.loc 1 56 0
  74 0032 104B     		ldr	r3, .L2+8
  75 0034 0F4A     		ldr	r2, .L2+8
  76 0036 1268     		ldr	r2, [r2]
  77 0038 1A60     		str	r2, [r3]
  57:Generated_Source\PSoC4/IDAC.c ****         IDAC_IDAC_VALUE_POSITION)) | ((uint32)~((uint32)IDAC_IDAC_MODE_MASK <<
  58:Generated_Source\PSoC4/IDAC.c ****         IDAC_IDAC_MODE_POSITION))  | ((uint32)~((uint32)IDAC_IDAC_RANGE_MASK  <<
  59:Generated_Source\PSoC4/IDAC.c ****         IDAC_IDAC_RANGE_POSITION));
  60:Generated_Source\PSoC4/IDAC.c **** 
  61:Generated_Source\PSoC4/IDAC.c ****     IDAC_IDAC_POLARITY_CONTROL_REG &= (~(uint32)((uint32)IDAC_IDAC_POLARITY_MASK <<
  78              		.loc 1 61 0
  79 003a 0F4B     		ldr	r3, .L2+12
  80 003c 0E4A     		ldr	r2, .L2+12
  81 003e 1268     		ldr	r2, [r2]
  82 0040 0E49     		ldr	r1, .L2+16
  83 0042 0A40     		ands	r2, r1
  84 0044 1A60     		str	r2, [r3]
  62:Generated_Source\PSoC4/IDAC.c ****         IDAC_IDAC_POLARITY_POSITION));
  63:Generated_Source\PSoC4/IDAC.c **** 
  64:Generated_Source\PSoC4/IDAC.c ****     /* set new configuration */
  65:Generated_Source\PSoC4/IDAC.c ****     IDAC_IDAC_CONTROL_REG |= (((uint32)IDAC_IDAC_INIT_VALUE <<
  85              		.loc 1 65 0
  86 0046 0B4B     		ldr	r3, .L2+8
  87 0048 0A4A     		ldr	r2, .L2+8
  88 004a 1268     		ldr	r2, [r2]
  89 004c 7821     		movs	r1, #120
  90 004e 0A43     		orrs	r2, r1
  91 0050 1A60     		str	r2, [r3]
  66:Generated_Source\PSoC4/IDAC.c ****         IDAC_IDAC_VALUE_POSITION) | ((uint32)IDAC_IDAC_RANGE <<
  67:Generated_Source\PSoC4/IDAC.c ****         IDAC_IDAC_RANGE_POSITION));
  68:Generated_Source\PSoC4/IDAC.c **** 
  69:Generated_Source\PSoC4/IDAC.c ****     IDAC_IDAC_POLARITY_CONTROL_REG |= ((uint32)IDAC_IDAC_POLARITY <<
  92              		.loc 1 69 0
  93 0052 094B     		ldr	r3, .L2+12
  94 0054 084A     		ldr	r2, .L2+12
  95 0056 1268     		ldr	r2, [r2]
  96 0058 1A60     		str	r2, [r3]
  70:Generated_Source\PSoC4/IDAC.c ****                                                            IDAC_IDAC_POLARITY_POSITION);
  71:Generated_Source\PSoC4/IDAC.c **** 
  72:Generated_Source\PSoC4/IDAC.c ****     CyExitCriticalSection(enableInterrupts);
  97              		.loc 1 72 0
  98 005a FB1D     		adds	r3, r7, #7
  99 005c 1B78     		ldrb	r3, [r3]
ARM GAS  C:\Users\Jason\AppData\Local\Temp\ccp4u79f.s 			page 4


 100 005e 1800     		movs	r0, r3
 101 0060 FFF7FEFF 		bl	CyExitCriticalSection
  73:Generated_Source\PSoC4/IDAC.c **** 
  74:Generated_Source\PSoC4/IDAC.c **** }
 102              		.loc 1 74 0
 103 0064 C046     		nop
 104 0066 BD46     		mov	sp, r7
 105 0068 03B0     		add	sp, sp, #12
 106              		@ sp needed
 107 006a 90BD     		pop	{r4, r7, pc}
 108              	.L3:
 109              		.align	2
 110              	.L2:
 111 006c 00FF2940 		.word	1076494080
 112 0070 60F2FF0F 		.word	268431968
 113 0074 08002940 		.word	1076428808
 114 0078 04002940 		.word	1076428804
 115 007c FFFFFEFF 		.word	-65537
 116              		.cfi_endproc
 117              	.LFE1:
 118              		.size	IDAC_Init, .-IDAC_Init
 119              		.section	.text.IDAC_Enable,"ax",%progbits
 120              		.align	2
 121              		.global	IDAC_Enable
 122              		.code	16
 123              		.thumb_func
 124              		.type	IDAC_Enable, %function
 125              	IDAC_Enable:
 126              	.LFB2:
  75:Generated_Source\PSoC4/IDAC.c **** 
  76:Generated_Source\PSoC4/IDAC.c **** 
  77:Generated_Source\PSoC4/IDAC.c **** /*******************************************************************************
  78:Generated_Source\PSoC4/IDAC.c **** * Function Name: IDAC_Enable
  79:Generated_Source\PSoC4/IDAC.c **** ********************************************************************************
  80:Generated_Source\PSoC4/IDAC.c **** *
  81:Generated_Source\PSoC4/IDAC.c **** * Summary:
  82:Generated_Source\PSoC4/IDAC.c **** *  Enables IDAC operations.
  83:Generated_Source\PSoC4/IDAC.c **** *
  84:Generated_Source\PSoC4/IDAC.c **** * Parameters:
  85:Generated_Source\PSoC4/IDAC.c **** *  None
  86:Generated_Source\PSoC4/IDAC.c **** *
  87:Generated_Source\PSoC4/IDAC.c **** * Return:
  88:Generated_Source\PSoC4/IDAC.c **** *  None
  89:Generated_Source\PSoC4/IDAC.c **** *
  90:Generated_Source\PSoC4/IDAC.c **** * Global variables:
  91:Generated_Source\PSoC4/IDAC.c **** *  None
  92:Generated_Source\PSoC4/IDAC.c **** *
  93:Generated_Source\PSoC4/IDAC.c **** *******************************************************************************/
  94:Generated_Source\PSoC4/IDAC.c **** void IDAC_Enable(void)
  95:Generated_Source\PSoC4/IDAC.c **** {
 127              		.loc 1 95 0
 128              		.cfi_startproc
 129              		@ args = 0, pretend = 0, frame = 8
 130              		@ frame_needed = 1, uses_anonymous_args = 0
 131 0000 90B5     		push	{r4, r7, lr}
 132              		.cfi_def_cfa_offset 12
 133              		.cfi_offset 4, -12
ARM GAS  C:\Users\Jason\AppData\Local\Temp\ccp4u79f.s 			page 5


 134              		.cfi_offset 7, -8
 135              		.cfi_offset 14, -4
 136 0002 83B0     		sub	sp, sp, #12
 137              		.cfi_def_cfa_offset 24
 138 0004 00AF     		add	r7, sp, #0
 139              		.cfi_def_cfa_register 7
  96:Generated_Source\PSoC4/IDAC.c ****     uint8 enableInterrupts;
  97:Generated_Source\PSoC4/IDAC.c **** 
  98:Generated_Source\PSoC4/IDAC.c ****     enableInterrupts = CyEnterCriticalSection();
 140              		.loc 1 98 0
 141 0006 FC1D     		adds	r4, r7, #7
 142 0008 FFF7FEFF 		bl	CyEnterCriticalSection
 143 000c 0300     		movs	r3, r0
 144 000e 2370     		strb	r3, [r4]
  99:Generated_Source\PSoC4/IDAC.c **** 
 100:Generated_Source\PSoC4/IDAC.c ****     /* Enable the IDAC */
 101:Generated_Source\PSoC4/IDAC.c ****     IDAC_IDAC_CONTROL_REG |= ((uint32)IDAC_IDAC_EN_MODE <<
 145              		.loc 1 101 0
 146 0010 0B4B     		ldr	r3, .L5
 147 0012 0B4A     		ldr	r2, .L5
 148 0014 1268     		ldr	r2, [r2]
 149 0016 C021     		movs	r1, #192
 150 0018 8900     		lsls	r1, r1, #2
 151 001a 0A43     		orrs	r2, r1
 152 001c 1A60     		str	r2, [r3]
 102:Generated_Source\PSoC4/IDAC.c ****                                                   IDAC_IDAC_MODE_POSITION);
 103:Generated_Source\PSoC4/IDAC.c ****     IDAC_IDAC_POLARITY_CONTROL_REG |= ((uint32)IDAC_IDAC_CSD_EN <<
 153              		.loc 1 103 0
 154 001e 094B     		ldr	r3, .L5+4
 155 0020 084A     		ldr	r2, .L5+4
 156 0022 1268     		ldr	r2, [r2]
 157 0024 8021     		movs	r1, #128
 158 0026 0906     		lsls	r1, r1, #24
 159 0028 0A43     		orrs	r2, r1
 160 002a 1A60     		str	r2, [r3]
 104:Generated_Source\PSoC4/IDAC.c ****                                                            IDAC_IDAC_CSD_EN_POSITION);
 105:Generated_Source\PSoC4/IDAC.c ****     CyExitCriticalSection(enableInterrupts);
 161              		.loc 1 105 0
 162 002c FB1D     		adds	r3, r7, #7
 163 002e 1B78     		ldrb	r3, [r3]
 164 0030 1800     		movs	r0, r3
 165 0032 FFF7FEFF 		bl	CyExitCriticalSection
 106:Generated_Source\PSoC4/IDAC.c **** 
 107:Generated_Source\PSoC4/IDAC.c **** }
 166              		.loc 1 107 0
 167 0036 C046     		nop
 168 0038 BD46     		mov	sp, r7
 169 003a 03B0     		add	sp, sp, #12
 170              		@ sp needed
 171 003c 90BD     		pop	{r4, r7, pc}
 172              	.L6:
 173 003e C046     		.align	2
 174              	.L5:
 175 0040 08002940 		.word	1076428808
 176 0044 04002940 		.word	1076428804
 177              		.cfi_endproc
 178              	.LFE2:
ARM GAS  C:\Users\Jason\AppData\Local\Temp\ccp4u79f.s 			page 6


 179              		.size	IDAC_Enable, .-IDAC_Enable
 180              		.section	.text.IDAC_Start,"ax",%progbits
 181              		.align	2
 182              		.global	IDAC_Start
 183              		.code	16
 184              		.thumb_func
 185              		.type	IDAC_Start, %function
 186              	IDAC_Start:
 187              	.LFB3:
 108:Generated_Source\PSoC4/IDAC.c **** 
 109:Generated_Source\PSoC4/IDAC.c **** 
 110:Generated_Source\PSoC4/IDAC.c **** /*******************************************************************************
 111:Generated_Source\PSoC4/IDAC.c **** * Function Name: IDAC_Start
 112:Generated_Source\PSoC4/IDAC.c **** ********************************************************************************
 113:Generated_Source\PSoC4/IDAC.c **** *
 114:Generated_Source\PSoC4/IDAC.c **** * Summary:
 115:Generated_Source\PSoC4/IDAC.c **** *  Starts the IDAC hardware.
 116:Generated_Source\PSoC4/IDAC.c **** *
 117:Generated_Source\PSoC4/IDAC.c **** * Parameters:
 118:Generated_Source\PSoC4/IDAC.c **** *  None
 119:Generated_Source\PSoC4/IDAC.c **** *
 120:Generated_Source\PSoC4/IDAC.c **** * Return:
 121:Generated_Source\PSoC4/IDAC.c **** *  None
 122:Generated_Source\PSoC4/IDAC.c **** *
 123:Generated_Source\PSoC4/IDAC.c **** * Global variables:
 124:Generated_Source\PSoC4/IDAC.c **** *  IDAC_initVar
 125:Generated_Source\PSoC4/IDAC.c **** *
 126:Generated_Source\PSoC4/IDAC.c **** *******************************************************************************/
 127:Generated_Source\PSoC4/IDAC.c **** void IDAC_Start(void)
 128:Generated_Source\PSoC4/IDAC.c **** {
 188              		.loc 1 128 0
 189              		.cfi_startproc
 190              		@ args = 0, pretend = 0, frame = 0
 191              		@ frame_needed = 1, uses_anonymous_args = 0
 192 0000 80B5     		push	{r7, lr}
 193              		.cfi_def_cfa_offset 8
 194              		.cfi_offset 7, -8
 195              		.cfi_offset 14, -4
 196 0002 00AF     		add	r7, sp, #0
 197              		.cfi_def_cfa_register 7
 129:Generated_Source\PSoC4/IDAC.c ****     if(0u == IDAC_initVar)
 198              		.loc 1 129 0
 199 0004 064B     		ldr	r3, .L9
 200 0006 1B68     		ldr	r3, [r3]
 201 0008 002B     		cmp	r3, #0
 202 000a 04D1     		bne	.L8
 130:Generated_Source\PSoC4/IDAC.c ****     {
 131:Generated_Source\PSoC4/IDAC.c ****         IDAC_Init();
 203              		.loc 1 131 0
 204 000c FFF7FEFF 		bl	IDAC_Init
 132:Generated_Source\PSoC4/IDAC.c ****         IDAC_initVar = 1u;
 205              		.loc 1 132 0
 206 0010 034B     		ldr	r3, .L9
 207 0012 0122     		movs	r2, #1
 208 0014 1A60     		str	r2, [r3]
 209              	.L8:
 133:Generated_Source\PSoC4/IDAC.c ****     }
ARM GAS  C:\Users\Jason\AppData\Local\Temp\ccp4u79f.s 			page 7


 134:Generated_Source\PSoC4/IDAC.c **** 
 135:Generated_Source\PSoC4/IDAC.c ****     IDAC_Enable();
 210              		.loc 1 135 0
 211 0016 FFF7FEFF 		bl	IDAC_Enable
 136:Generated_Source\PSoC4/IDAC.c **** 
 137:Generated_Source\PSoC4/IDAC.c **** }
 212              		.loc 1 137 0
 213 001a C046     		nop
 214 001c BD46     		mov	sp, r7
 215              		@ sp needed
 216 001e 80BD     		pop	{r7, pc}
 217              	.L10:
 218              		.align	2
 219              	.L9:
 220 0020 00000000 		.word	IDAC_initVar
 221              		.cfi_endproc
 222              	.LFE3:
 223              		.size	IDAC_Start, .-IDAC_Start
 224              		.section	.text.IDAC_Stop,"ax",%progbits
 225              		.align	2
 226              		.global	IDAC_Stop
 227              		.code	16
 228              		.thumb_func
 229              		.type	IDAC_Stop, %function
 230              	IDAC_Stop:
 231              	.LFB4:
 138:Generated_Source\PSoC4/IDAC.c **** 
 139:Generated_Source\PSoC4/IDAC.c **** 
 140:Generated_Source\PSoC4/IDAC.c **** /*******************************************************************************
 141:Generated_Source\PSoC4/IDAC.c **** * Function Name: IDAC_Stop
 142:Generated_Source\PSoC4/IDAC.c **** ********************************************************************************
 143:Generated_Source\PSoC4/IDAC.c **** *
 144:Generated_Source\PSoC4/IDAC.c **** * Summary:
 145:Generated_Source\PSoC4/IDAC.c **** *  Stops the IDAC hardware.
 146:Generated_Source\PSoC4/IDAC.c **** *
 147:Generated_Source\PSoC4/IDAC.c **** * Parameters:
 148:Generated_Source\PSoC4/IDAC.c **** *  None
 149:Generated_Source\PSoC4/IDAC.c **** *
 150:Generated_Source\PSoC4/IDAC.c **** * Return:
 151:Generated_Source\PSoC4/IDAC.c **** *  None
 152:Generated_Source\PSoC4/IDAC.c **** *
 153:Generated_Source\PSoC4/IDAC.c **** * Global variables:
 154:Generated_Source\PSoC4/IDAC.c **** *  None
 155:Generated_Source\PSoC4/IDAC.c **** *
 156:Generated_Source\PSoC4/IDAC.c **** *******************************************************************************/
 157:Generated_Source\PSoC4/IDAC.c **** void IDAC_Stop(void)
 158:Generated_Source\PSoC4/IDAC.c **** {
 232              		.loc 1 158 0
 233              		.cfi_startproc
 234              		@ args = 0, pretend = 0, frame = 8
 235              		@ frame_needed = 1, uses_anonymous_args = 0
 236 0000 90B5     		push	{r4, r7, lr}
 237              		.cfi_def_cfa_offset 12
 238              		.cfi_offset 4, -12
 239              		.cfi_offset 7, -8
 240              		.cfi_offset 14, -4
 241 0002 83B0     		sub	sp, sp, #12
ARM GAS  C:\Users\Jason\AppData\Local\Temp\ccp4u79f.s 			page 8


 242              		.cfi_def_cfa_offset 24
 243 0004 00AF     		add	r7, sp, #0
 244              		.cfi_def_cfa_register 7
 159:Generated_Source\PSoC4/IDAC.c ****     uint8 enableInterrupts;
 160:Generated_Source\PSoC4/IDAC.c **** 
 161:Generated_Source\PSoC4/IDAC.c ****     enableInterrupts = CyEnterCriticalSection();
 245              		.loc 1 161 0
 246 0006 FC1D     		adds	r4, r7, #7
 247 0008 FFF7FEFF 		bl	CyEnterCriticalSection
 248 000c 0300     		movs	r3, r0
 249 000e 2370     		strb	r3, [r4]
 162:Generated_Source\PSoC4/IDAC.c **** 
 163:Generated_Source\PSoC4/IDAC.c ****     /* Disable the IDAC */
 164:Generated_Source\PSoC4/IDAC.c ****     IDAC_IDAC_CONTROL_REG &= ((uint32)~((uint32)IDAC_IDAC_MODE_MASK <<
 250              		.loc 1 164 0
 251 0010 074B     		ldr	r3, .L12
 252 0012 074A     		ldr	r2, .L12
 253 0014 1268     		ldr	r2, [r2]
 254 0016 0749     		ldr	r1, .L12+4
 255 0018 0A40     		ands	r2, r1
 256 001a 1A60     		str	r2, [r3]
 165:Generated_Source\PSoC4/IDAC.c ****         IDAC_IDAC_MODE_POSITION));
 166:Generated_Source\PSoC4/IDAC.c ****     CyExitCriticalSection(enableInterrupts);
 257              		.loc 1 166 0
 258 001c FB1D     		adds	r3, r7, #7
 259 001e 1B78     		ldrb	r3, [r3]
 260 0020 1800     		movs	r0, r3
 261 0022 FFF7FEFF 		bl	CyExitCriticalSection
 167:Generated_Source\PSoC4/IDAC.c **** }
 262              		.loc 1 167 0
 263 0026 C046     		nop
 264 0028 BD46     		mov	sp, r7
 265 002a 03B0     		add	sp, sp, #12
 266              		@ sp needed
 267 002c 90BD     		pop	{r4, r7, pc}
 268              	.L13:
 269 002e C046     		.align	2
 270              	.L12:
 271 0030 08002940 		.word	1076428808
 272 0034 FFFCFFFF 		.word	-769
 273              		.cfi_endproc
 274              	.LFE4:
 275              		.size	IDAC_Stop, .-IDAC_Stop
 276              		.section	.text.IDAC_SetValue,"ax",%progbits
 277              		.align	2
 278              		.global	IDAC_SetValue
 279              		.code	16
 280              		.thumb_func
 281              		.type	IDAC_SetValue, %function
 282              	IDAC_SetValue:
 283              	.LFB5:
 168:Generated_Source\PSoC4/IDAC.c **** 
 169:Generated_Source\PSoC4/IDAC.c **** 
 170:Generated_Source\PSoC4/IDAC.c **** /*******************************************************************************
 171:Generated_Source\PSoC4/IDAC.c **** * Function Name: IDAC_SetValue
 172:Generated_Source\PSoC4/IDAC.c **** ********************************************************************************
 173:Generated_Source\PSoC4/IDAC.c **** *
ARM GAS  C:\Users\Jason\AppData\Local\Temp\ccp4u79f.s 			page 9


 174:Generated_Source\PSoC4/IDAC.c **** * Summary:
 175:Generated_Source\PSoC4/IDAC.c **** *  Sets the IDAC value.
 176:Generated_Source\PSoC4/IDAC.c **** *
 177:Generated_Source\PSoC4/IDAC.c **** * Parameters:
 178:Generated_Source\PSoC4/IDAC.c **** *  uint32 value
 179:Generated_Source\PSoC4/IDAC.c **** *
 180:Generated_Source\PSoC4/IDAC.c **** * Return:
 181:Generated_Source\PSoC4/IDAC.c **** *  None
 182:Generated_Source\PSoC4/IDAC.c **** *
 183:Generated_Source\PSoC4/IDAC.c **** * Global variables:
 184:Generated_Source\PSoC4/IDAC.c **** *  None
 185:Generated_Source\PSoC4/IDAC.c **** *
 186:Generated_Source\PSoC4/IDAC.c **** *******************************************************************************/
 187:Generated_Source\PSoC4/IDAC.c **** void IDAC_SetValue(uint32 value)
 188:Generated_Source\PSoC4/IDAC.c **** {
 284              		.loc 1 188 0
 285              		.cfi_startproc
 286              		@ args = 0, pretend = 0, frame = 16
 287              		@ frame_needed = 1, uses_anonymous_args = 0
 288 0000 90B5     		push	{r4, r7, lr}
 289              		.cfi_def_cfa_offset 12
 290              		.cfi_offset 4, -12
 291              		.cfi_offset 7, -8
 292              		.cfi_offset 14, -4
 293 0002 85B0     		sub	sp, sp, #20
 294              		.cfi_def_cfa_offset 32
 295 0004 00AF     		add	r7, sp, #0
 296              		.cfi_def_cfa_register 7
 297 0006 7860     		str	r0, [r7, #4]
 189:Generated_Source\PSoC4/IDAC.c ****     uint8 enableInterrupts;
 190:Generated_Source\PSoC4/IDAC.c ****     uint32 newRegisterValue;
 191:Generated_Source\PSoC4/IDAC.c **** 
 192:Generated_Source\PSoC4/IDAC.c ****     enableInterrupts = CyEnterCriticalSection();
 298              		.loc 1 192 0
 299 0008 0F23     		movs	r3, #15
 300 000a FC18     		adds	r4, r7, r3
 301 000c FFF7FEFF 		bl	CyEnterCriticalSection
 302 0010 0300     		movs	r3, r0
 303 0012 2370     		strb	r3, [r4]
 193:Generated_Source\PSoC4/IDAC.c **** 
 194:Generated_Source\PSoC4/IDAC.c ****     #if(IDAC_IDAC_VALUE_POSITION != 0u)
 195:Generated_Source\PSoC4/IDAC.c ****         newRegisterValue = ((IDAC_IDAC_CONTROL_REG & (~(uint32)((uint32)IDAC_IDAC_VALUE_MASK <<
 196:Generated_Source\PSoC4/IDAC.c ****         IDAC_IDAC_VALUE_POSITION))) | (value << IDAC_IDAC_VALUE_POSITION));
 197:Generated_Source\PSoC4/IDAC.c ****     #else
 198:Generated_Source\PSoC4/IDAC.c ****         newRegisterValue = ((IDAC_IDAC_CONTROL_REG & (~(uint32)IDAC_IDAC_VALUE_MASK)) | value);
 304              		.loc 1 198 0
 305 0014 0A4B     		ldr	r3, .L15
 306 0016 1B68     		ldr	r3, [r3]
 307 0018 FF22     		movs	r2, #255
 308 001a 9343     		bics	r3, r2
 309 001c 1A00     		movs	r2, r3
 310 001e 7B68     		ldr	r3, [r7, #4]
 311 0020 1343     		orrs	r3, r2
 312 0022 BB60     		str	r3, [r7, #8]
 199:Generated_Source\PSoC4/IDAC.c ****     #endif /* IDAC_IDAC_VALUE_POSITION != 0u */
 200:Generated_Source\PSoC4/IDAC.c **** 
 201:Generated_Source\PSoC4/IDAC.c ****     IDAC_IDAC_CONTROL_REG = newRegisterValue;
ARM GAS  C:\Users\Jason\AppData\Local\Temp\ccp4u79f.s 			page 10


 313              		.loc 1 201 0
 314 0024 064B     		ldr	r3, .L15
 315 0026 BA68     		ldr	r2, [r7, #8]
 316 0028 1A60     		str	r2, [r3]
 202:Generated_Source\PSoC4/IDAC.c **** 
 203:Generated_Source\PSoC4/IDAC.c ****     CyExitCriticalSection(enableInterrupts);
 317              		.loc 1 203 0
 318 002a 0F23     		movs	r3, #15
 319 002c FB18     		adds	r3, r7, r3
 320 002e 1B78     		ldrb	r3, [r3]
 321 0030 1800     		movs	r0, r3
 322 0032 FFF7FEFF 		bl	CyExitCriticalSection
 204:Generated_Source\PSoC4/IDAC.c **** }
 323              		.loc 1 204 0
 324 0036 C046     		nop
 325 0038 BD46     		mov	sp, r7
 326 003a 05B0     		add	sp, sp, #20
 327              		@ sp needed
 328 003c 90BD     		pop	{r4, r7, pc}
 329              	.L16:
 330 003e C046     		.align	2
 331              	.L15:
 332 0040 08002940 		.word	1076428808
 333              		.cfi_endproc
 334              	.LFE5:
 335              		.size	IDAC_SetValue, .-IDAC_SetValue
 336              		.text
 337              	.Letext0:
 338              		.file 2 "Generated_Source\\PSoC4\\cytypes.h"
 339              		.section	.debug_info,"",%progbits
 340              	.Ldebug_info0:
 341 0000 A1010000 		.4byte	0x1a1
 342 0004 0400     		.2byte	0x4
 343 0006 00000000 		.4byte	.Ldebug_abbrev0
 344 000a 04       		.byte	0x4
 345 000b 01       		.uleb128 0x1
 346 000c 84000000 		.4byte	.LASF25
 347 0010 0C       		.byte	0xc
 348 0011 00000000 		.4byte	.LASF26
 349 0015 D6010000 		.4byte	.LASF27
 350 0019 00000000 		.4byte	.Ldebug_ranges0+0
 351 001d 00000000 		.4byte	0
 352 0021 00000000 		.4byte	.Ldebug_line0
 353 0025 02       		.uleb128 0x2
 354 0026 01       		.byte	0x1
 355 0027 06       		.byte	0x6
 356 0028 BF010000 		.4byte	.LASF0
 357 002c 02       		.uleb128 0x2
 358 002d 01       		.byte	0x1
 359 002e 08       		.byte	0x8
 360 002f 59000000 		.4byte	.LASF1
 361 0033 02       		.uleb128 0x2
 362 0034 02       		.byte	0x2
 363 0035 05       		.byte	0x5
 364 0036 9B010000 		.4byte	.LASF2
 365 003a 02       		.uleb128 0x2
 366 003b 02       		.byte	0x2
ARM GAS  C:\Users\Jason\AppData\Local\Temp\ccp4u79f.s 			page 11


 367 003c 07       		.byte	0x7
 368 003d 2A000000 		.4byte	.LASF3
 369 0041 02       		.uleb128 0x2
 370 0042 04       		.byte	0x4
 371 0043 05       		.byte	0x5
 372 0044 A5010000 		.4byte	.LASF4
 373 0048 02       		.uleb128 0x2
 374 0049 04       		.byte	0x4
 375 004a 07       		.byte	0x7
 376 004b 6C000000 		.4byte	.LASF5
 377 004f 02       		.uleb128 0x2
 378 0050 08       		.byte	0x8
 379 0051 05       		.byte	0x5
 380 0052 80010000 		.4byte	.LASF6
 381 0056 02       		.uleb128 0x2
 382 0057 08       		.byte	0x8
 383 0058 07       		.byte	0x7
 384 0059 45010000 		.4byte	.LASF7
 385 005d 03       		.uleb128 0x3
 386 005e 04       		.byte	0x4
 387 005f 05       		.byte	0x5
 388 0060 696E7400 		.ascii	"int\000"
 389 0064 02       		.uleb128 0x2
 390 0065 04       		.byte	0x4
 391 0066 07       		.byte	0x7
 392 0067 38010000 		.4byte	.LASF8
 393 006b 04       		.uleb128 0x4
 394 006c 7E000000 		.4byte	.LASF9
 395 0070 02       		.byte	0x2
 396 0071 E401     		.2byte	0x1e4
 397 0073 2C000000 		.4byte	0x2c
 398 0077 04       		.uleb128 0x4
 399 0078 31010000 		.4byte	.LASF10
 400 007c 02       		.byte	0x2
 401 007d E601     		.2byte	0x1e6
 402 007f 48000000 		.4byte	0x48
 403 0083 02       		.uleb128 0x2
 404 0084 04       		.byte	0x4
 405 0085 04       		.byte	0x4
 406 0086 49000000 		.4byte	.LASF11
 407 008a 02       		.uleb128 0x2
 408 008b 08       		.byte	0x8
 409 008c 04       		.byte	0x4
 410 008d 23010000 		.4byte	.LASF12
 411 0091 02       		.uleb128 0x2
 412 0092 01       		.byte	0x1
 413 0093 08       		.byte	0x8
 414 0094 AE010000 		.4byte	.LASF13
 415 0098 04       		.uleb128 0x4
 416 0099 67000000 		.4byte	.LASF14
 417 009d 02       		.byte	0x2
 418 009e 8E02     		.2byte	0x28e
 419 00a0 A4000000 		.4byte	0xa4
 420 00a4 05       		.uleb128 0x5
 421 00a5 6B000000 		.4byte	0x6b
 422 00a9 04       		.uleb128 0x4
 423 00aa 1E000000 		.4byte	.LASF15
ARM GAS  C:\Users\Jason\AppData\Local\Temp\ccp4u79f.s 			page 12


 424 00ae 02       		.byte	0x2
 425 00af 9002     		.2byte	0x290
 426 00b1 B5000000 		.4byte	0xb5
 427 00b5 05       		.uleb128 0x5
 428 00b6 77000000 		.4byte	0x77
 429 00ba 02       		.uleb128 0x2
 430 00bb 08       		.byte	0x8
 431 00bc 04       		.byte	0x4
 432 00bd B3010000 		.4byte	.LASF16
 433 00c1 02       		.uleb128 0x2
 434 00c2 04       		.byte	0x4
 435 00c3 07       		.byte	0x7
 436 00c4 77010000 		.4byte	.LASF17
 437 00c8 06       		.uleb128 0x6
 438 00c9 4F000000 		.4byte	.LASF20
 439 00cd 01       		.byte	0x1
 440 00ce 25       		.byte	0x25
 441 00cf 00000000 		.4byte	.LFB1
 442 00d3 80000000 		.4byte	.LFE1-.LFB1
 443 00d7 01       		.uleb128 0x1
 444 00d8 9C       		.byte	0x9c
 445 00d9 FA000000 		.4byte	0xfa
 446 00dd 07       		.uleb128 0x7
 447 00de 2A010000 		.4byte	.LASF18
 448 00e2 01       		.byte	0x1
 449 00e3 27       		.byte	0x27
 450 00e4 77000000 		.4byte	0x77
 451 00e8 02       		.uleb128 0x2
 452 00e9 91       		.byte	0x91
 453 00ea 68       		.sleb128 -24
 454 00eb 07       		.uleb128 0x7
 455 00ec 12010000 		.4byte	.LASF19
 456 00f0 01       		.byte	0x1
 457 00f1 28       		.byte	0x28
 458 00f2 6B000000 		.4byte	0x6b
 459 00f6 02       		.uleb128 0x2
 460 00f7 91       		.byte	0x91
 461 00f8 6F       		.sleb128 -17
 462 00f9 00       		.byte	0
 463 00fa 06       		.uleb128 0x6
 464 00fb 3D000000 		.4byte	.LASF21
 465 00ff 01       		.byte	0x1
 466 0100 5E       		.byte	0x5e
 467 0101 00000000 		.4byte	.LFB2
 468 0105 48000000 		.4byte	.LFE2-.LFB2
 469 0109 01       		.uleb128 0x1
 470 010a 9C       		.byte	0x9c
 471 010b 1E010000 		.4byte	0x11e
 472 010f 07       		.uleb128 0x7
 473 0110 12010000 		.4byte	.LASF19
 474 0114 01       		.byte	0x1
 475 0115 60       		.byte	0x60
 476 0116 6B000000 		.4byte	0x6b
 477 011a 02       		.uleb128 0x2
 478 011b 91       		.byte	0x91
 479 011c 6F       		.sleb128 -17
 480 011d 00       		.byte	0
ARM GAS  C:\Users\Jason\AppData\Local\Temp\ccp4u79f.s 			page 13


 481 011e 08       		.uleb128 0x8
 482 011f CB010000 		.4byte	.LASF28
 483 0123 01       		.byte	0x1
 484 0124 7F       		.byte	0x7f
 485 0125 00000000 		.4byte	.LFB3
 486 0129 24000000 		.4byte	.LFE3-.LFB3
 487 012d 01       		.uleb128 0x1
 488 012e 9C       		.byte	0x9c
 489 012f 06       		.uleb128 0x6
 490 0130 5C010000 		.4byte	.LASF22
 491 0134 01       		.byte	0x1
 492 0135 9D       		.byte	0x9d
 493 0136 00000000 		.4byte	.LFB4
 494 013a 38000000 		.4byte	.LFE4-.LFB4
 495 013e 01       		.uleb128 0x1
 496 013f 9C       		.byte	0x9c
 497 0140 53010000 		.4byte	0x153
 498 0144 07       		.uleb128 0x7
 499 0145 12010000 		.4byte	.LASF19
 500 0149 01       		.byte	0x1
 501 014a 9F       		.byte	0x9f
 502 014b 6B000000 		.4byte	0x6b
 503 014f 02       		.uleb128 0x2
 504 0150 91       		.byte	0x91
 505 0151 6F       		.sleb128 -17
 506 0152 00       		.byte	0
 507 0153 06       		.uleb128 0x6
 508 0154 1B020000 		.4byte	.LASF23
 509 0158 01       		.byte	0x1
 510 0159 BB       		.byte	0xbb
 511 015a 00000000 		.4byte	.LFB5
 512 015e 44000000 		.4byte	.LFE5-.LFB5
 513 0162 01       		.uleb128 0x1
 514 0163 9C       		.byte	0x9c
 515 0164 93010000 		.4byte	0x193
 516 0168 09       		.uleb128 0x9
 517 0169 24000000 		.4byte	.LASF29
 518 016d 01       		.byte	0x1
 519 016e BB       		.byte	0xbb
 520 016f 77000000 		.4byte	0x77
 521 0173 02       		.uleb128 0x2
 522 0174 91       		.byte	0x91
 523 0175 64       		.sleb128 -28
 524 0176 07       		.uleb128 0x7
 525 0177 12010000 		.4byte	.LASF19
 526 017b 01       		.byte	0x1
 527 017c BD       		.byte	0xbd
 528 017d 6B000000 		.4byte	0x6b
 529 0181 02       		.uleb128 0x2
 530 0182 91       		.byte	0x91
 531 0183 6F       		.sleb128 -17
 532 0184 07       		.uleb128 0x7
 533 0185 66010000 		.4byte	.LASF24
 534 0189 01       		.byte	0x1
 535 018a BE       		.byte	0xbe
 536 018b 77000000 		.4byte	0x77
 537 018f 02       		.uleb128 0x2
ARM GAS  C:\Users\Jason\AppData\Local\Temp\ccp4u79f.s 			page 14


 538 0190 91       		.byte	0x91
 539 0191 68       		.sleb128 -24
 540 0192 00       		.byte	0
 541 0193 0A       		.uleb128 0xa
 542 0194 8E010000 		.4byte	.LASF30
 543 0198 01       		.byte	0x1
 544 0199 11       		.byte	0x11
 545 019a 77000000 		.4byte	0x77
 546 019e 05       		.uleb128 0x5
 547 019f 03       		.byte	0x3
 548 01a0 00000000 		.4byte	IDAC_initVar
 549 01a4 00       		.byte	0
 550              		.section	.debug_abbrev,"",%progbits
 551              	.Ldebug_abbrev0:
 552 0000 01       		.uleb128 0x1
 553 0001 11       		.uleb128 0x11
 554 0002 01       		.byte	0x1
 555 0003 25       		.uleb128 0x25
 556 0004 0E       		.uleb128 0xe
 557 0005 13       		.uleb128 0x13
 558 0006 0B       		.uleb128 0xb
 559 0007 03       		.uleb128 0x3
 560 0008 0E       		.uleb128 0xe
 561 0009 1B       		.uleb128 0x1b
 562 000a 0E       		.uleb128 0xe
 563 000b 55       		.uleb128 0x55
 564 000c 17       		.uleb128 0x17
 565 000d 11       		.uleb128 0x11
 566 000e 01       		.uleb128 0x1
 567 000f 10       		.uleb128 0x10
 568 0010 17       		.uleb128 0x17
 569 0011 00       		.byte	0
 570 0012 00       		.byte	0
 571 0013 02       		.uleb128 0x2
 572 0014 24       		.uleb128 0x24
 573 0015 00       		.byte	0
 574 0016 0B       		.uleb128 0xb
 575 0017 0B       		.uleb128 0xb
 576 0018 3E       		.uleb128 0x3e
 577 0019 0B       		.uleb128 0xb
 578 001a 03       		.uleb128 0x3
 579 001b 0E       		.uleb128 0xe
 580 001c 00       		.byte	0
 581 001d 00       		.byte	0
 582 001e 03       		.uleb128 0x3
 583 001f 24       		.uleb128 0x24
 584 0020 00       		.byte	0
 585 0021 0B       		.uleb128 0xb
 586 0022 0B       		.uleb128 0xb
 587 0023 3E       		.uleb128 0x3e
 588 0024 0B       		.uleb128 0xb
 589 0025 03       		.uleb128 0x3
 590 0026 08       		.uleb128 0x8
 591 0027 00       		.byte	0
 592 0028 00       		.byte	0
 593 0029 04       		.uleb128 0x4
 594 002a 16       		.uleb128 0x16
ARM GAS  C:\Users\Jason\AppData\Local\Temp\ccp4u79f.s 			page 15


 595 002b 00       		.byte	0
 596 002c 03       		.uleb128 0x3
 597 002d 0E       		.uleb128 0xe
 598 002e 3A       		.uleb128 0x3a
 599 002f 0B       		.uleb128 0xb
 600 0030 3B       		.uleb128 0x3b
 601 0031 05       		.uleb128 0x5
 602 0032 49       		.uleb128 0x49
 603 0033 13       		.uleb128 0x13
 604 0034 00       		.byte	0
 605 0035 00       		.byte	0
 606 0036 05       		.uleb128 0x5
 607 0037 35       		.uleb128 0x35
 608 0038 00       		.byte	0
 609 0039 49       		.uleb128 0x49
 610 003a 13       		.uleb128 0x13
 611 003b 00       		.byte	0
 612 003c 00       		.byte	0
 613 003d 06       		.uleb128 0x6
 614 003e 2E       		.uleb128 0x2e
 615 003f 01       		.byte	0x1
 616 0040 3F       		.uleb128 0x3f
 617 0041 19       		.uleb128 0x19
 618 0042 03       		.uleb128 0x3
 619 0043 0E       		.uleb128 0xe
 620 0044 3A       		.uleb128 0x3a
 621 0045 0B       		.uleb128 0xb
 622 0046 3B       		.uleb128 0x3b
 623 0047 0B       		.uleb128 0xb
 624 0048 27       		.uleb128 0x27
 625 0049 19       		.uleb128 0x19
 626 004a 11       		.uleb128 0x11
 627 004b 01       		.uleb128 0x1
 628 004c 12       		.uleb128 0x12
 629 004d 06       		.uleb128 0x6
 630 004e 40       		.uleb128 0x40
 631 004f 18       		.uleb128 0x18
 632 0050 9642     		.uleb128 0x2116
 633 0052 19       		.uleb128 0x19
 634 0053 01       		.uleb128 0x1
 635 0054 13       		.uleb128 0x13
 636 0055 00       		.byte	0
 637 0056 00       		.byte	0
 638 0057 07       		.uleb128 0x7
 639 0058 34       		.uleb128 0x34
 640 0059 00       		.byte	0
 641 005a 03       		.uleb128 0x3
 642 005b 0E       		.uleb128 0xe
 643 005c 3A       		.uleb128 0x3a
 644 005d 0B       		.uleb128 0xb
 645 005e 3B       		.uleb128 0x3b
 646 005f 0B       		.uleb128 0xb
 647 0060 49       		.uleb128 0x49
 648 0061 13       		.uleb128 0x13
 649 0062 02       		.uleb128 0x2
 650 0063 18       		.uleb128 0x18
 651 0064 00       		.byte	0
ARM GAS  C:\Users\Jason\AppData\Local\Temp\ccp4u79f.s 			page 16


 652 0065 00       		.byte	0
 653 0066 08       		.uleb128 0x8
 654 0067 2E       		.uleb128 0x2e
 655 0068 00       		.byte	0
 656 0069 3F       		.uleb128 0x3f
 657 006a 19       		.uleb128 0x19
 658 006b 03       		.uleb128 0x3
 659 006c 0E       		.uleb128 0xe
 660 006d 3A       		.uleb128 0x3a
 661 006e 0B       		.uleb128 0xb
 662 006f 3B       		.uleb128 0x3b
 663 0070 0B       		.uleb128 0xb
 664 0071 27       		.uleb128 0x27
 665 0072 19       		.uleb128 0x19
 666 0073 11       		.uleb128 0x11
 667 0074 01       		.uleb128 0x1
 668 0075 12       		.uleb128 0x12
 669 0076 06       		.uleb128 0x6
 670 0077 40       		.uleb128 0x40
 671 0078 18       		.uleb128 0x18
 672 0079 9642     		.uleb128 0x2116
 673 007b 19       		.uleb128 0x19
 674 007c 00       		.byte	0
 675 007d 00       		.byte	0
 676 007e 09       		.uleb128 0x9
 677 007f 05       		.uleb128 0x5
 678 0080 00       		.byte	0
 679 0081 03       		.uleb128 0x3
 680 0082 0E       		.uleb128 0xe
 681 0083 3A       		.uleb128 0x3a
 682 0084 0B       		.uleb128 0xb
 683 0085 3B       		.uleb128 0x3b
 684 0086 0B       		.uleb128 0xb
 685 0087 49       		.uleb128 0x49
 686 0088 13       		.uleb128 0x13
 687 0089 02       		.uleb128 0x2
 688 008a 18       		.uleb128 0x18
 689 008b 00       		.byte	0
 690 008c 00       		.byte	0
 691 008d 0A       		.uleb128 0xa
 692 008e 34       		.uleb128 0x34
 693 008f 00       		.byte	0
 694 0090 03       		.uleb128 0x3
 695 0091 0E       		.uleb128 0xe
 696 0092 3A       		.uleb128 0x3a
 697 0093 0B       		.uleb128 0xb
 698 0094 3B       		.uleb128 0x3b
 699 0095 0B       		.uleb128 0xb
 700 0096 49       		.uleb128 0x49
 701 0097 13       		.uleb128 0x13
 702 0098 3F       		.uleb128 0x3f
 703 0099 19       		.uleb128 0x19
 704 009a 02       		.uleb128 0x2
 705 009b 18       		.uleb128 0x18
 706 009c 00       		.byte	0
 707 009d 00       		.byte	0
 708 009e 00       		.byte	0
ARM GAS  C:\Users\Jason\AppData\Local\Temp\ccp4u79f.s 			page 17


 709              		.section	.debug_aranges,"",%progbits
 710 0000 3C000000 		.4byte	0x3c
 711 0004 0200     		.2byte	0x2
 712 0006 00000000 		.4byte	.Ldebug_info0
 713 000a 04       		.byte	0x4
 714 000b 00       		.byte	0
 715 000c 0000     		.2byte	0
 716 000e 0000     		.2byte	0
 717 0010 00000000 		.4byte	.LFB1
 718 0014 80000000 		.4byte	.LFE1-.LFB1
 719 0018 00000000 		.4byte	.LFB2
 720 001c 48000000 		.4byte	.LFE2-.LFB2
 721 0020 00000000 		.4byte	.LFB3
 722 0024 24000000 		.4byte	.LFE3-.LFB3
 723 0028 00000000 		.4byte	.LFB4
 724 002c 38000000 		.4byte	.LFE4-.LFB4
 725 0030 00000000 		.4byte	.LFB5
 726 0034 44000000 		.4byte	.LFE5-.LFB5
 727 0038 00000000 		.4byte	0
 728 003c 00000000 		.4byte	0
 729              		.section	.debug_ranges,"",%progbits
 730              	.Ldebug_ranges0:
 731 0000 00000000 		.4byte	.LFB1
 732 0004 80000000 		.4byte	.LFE1
 733 0008 00000000 		.4byte	.LFB2
 734 000c 48000000 		.4byte	.LFE2
 735 0010 00000000 		.4byte	.LFB3
 736 0014 24000000 		.4byte	.LFE3
 737 0018 00000000 		.4byte	.LFB4
 738 001c 38000000 		.4byte	.LFE4
 739 0020 00000000 		.4byte	.LFB5
 740 0024 44000000 		.4byte	.LFE5
 741 0028 00000000 		.4byte	0
 742 002c 00000000 		.4byte	0
 743              		.section	.debug_line,"",%progbits
 744              	.Ldebug_line0:
 745 0000 B3000000 		.section	.debug_str,"MS",%progbits,1
 745      02004100 
 745      00000201 
 745      FB0E0D00 
 745      01010101 
 746              	.LASF26:
 747 0000 47656E65 		.ascii	"Generated_Source\\PSoC4\\IDAC.c\000"
 747      72617465 
 747      645F536F 
 747      75726365 
 747      5C50536F 
 748              	.LASF15:
 749 001e 72656733 		.ascii	"reg32\000"
 749      3200
 750              	.LASF29:
 751 0024 76616C75 		.ascii	"value\000"
 751      6500
 752              	.LASF3:
 753 002a 73686F72 		.ascii	"short unsigned int\000"
 753      7420756E 
 753      7369676E 
ARM GAS  C:\Users\Jason\AppData\Local\Temp\ccp4u79f.s 			page 18


 753      65642069 
 753      6E7400
 754              	.LASF21:
 755 003d 49444143 		.ascii	"IDAC_Enable\000"
 755      5F456E61 
 755      626C6500 
 756              	.LASF11:
 757 0049 666C6F61 		.ascii	"float\000"
 757      7400
 758              	.LASF20:
 759 004f 49444143 		.ascii	"IDAC_Init\000"
 759      5F496E69 
 759      7400
 760              	.LASF1:
 761 0059 756E7369 		.ascii	"unsigned char\000"
 761      676E6564 
 761      20636861 
 761      7200
 762              	.LASF14:
 763 0067 72656738 		.ascii	"reg8\000"
 763      00
 764              	.LASF5:
 765 006c 6C6F6E67 		.ascii	"long unsigned int\000"
 765      20756E73 
 765      69676E65 
 765      6420696E 
 765      7400
 766              	.LASF9:
 767 007e 75696E74 		.ascii	"uint8\000"
 767      3800
 768              	.LASF25:
 769 0084 474E5520 		.ascii	"GNU C11 5.4.1 20160609 (release) [ARM/embedded-5-br"
 769      43313120 
 769      352E342E 
 769      31203230 
 769      31363036 
 770 00b7 616E6368 		.ascii	"anch revision 237715] -mcpu=cortex-m0 -mthumb -g -O"
 770      20726576 
 770      6973696F 
 770      6E203233 
 770      37373135 
 771 00ea 30202D66 		.ascii	"0 -ffunction-sections -ffat-lto-objects\000"
 771      66756E63 
 771      74696F6E 
 771      2D736563 
 771      74696F6E 
 772              	.LASF19:
 773 0112 656E6162 		.ascii	"enableInterrupts\000"
 773      6C65496E 
 773      74657272 
 773      75707473 
 773      00
 774              	.LASF12:
 775 0123 646F7562 		.ascii	"double\000"
 775      6C6500
 776              	.LASF18:
 777 012a 72656756 		.ascii	"regVal\000"
ARM GAS  C:\Users\Jason\AppData\Local\Temp\ccp4u79f.s 			page 19


 777      616C00
 778              	.LASF10:
 779 0131 75696E74 		.ascii	"uint32\000"
 779      333200
 780              	.LASF8:
 781 0138 756E7369 		.ascii	"unsigned int\000"
 781      676E6564 
 781      20696E74 
 781      00
 782              	.LASF7:
 783 0145 6C6F6E67 		.ascii	"long long unsigned int\000"
 783      206C6F6E 
 783      6720756E 
 783      7369676E 
 783      65642069 
 784              	.LASF22:
 785 015c 49444143 		.ascii	"IDAC_Stop\000"
 785      5F53746F 
 785      7000
 786              	.LASF24:
 787 0166 6E657752 		.ascii	"newRegisterValue\000"
 787      65676973 
 787      74657256 
 787      616C7565 
 787      00
 788              	.LASF17:
 789 0177 73697A65 		.ascii	"sizetype\000"
 789      74797065 
 789      00
 790              	.LASF6:
 791 0180 6C6F6E67 		.ascii	"long long int\000"
 791      206C6F6E 
 791      6720696E 
 791      7400
 792              	.LASF30:
 793 018e 49444143 		.ascii	"IDAC_initVar\000"
 793      5F696E69 
 793      74566172 
 793      00
 794              	.LASF2:
 795 019b 73686F72 		.ascii	"short int\000"
 795      7420696E 
 795      7400
 796              	.LASF4:
 797 01a5 6C6F6E67 		.ascii	"long int\000"
 797      20696E74 
 797      00
 798              	.LASF13:
 799 01ae 63686172 		.ascii	"char\000"
 799      00
 800              	.LASF16:
 801 01b3 6C6F6E67 		.ascii	"long double\000"
 801      20646F75 
 801      626C6500 
 802              	.LASF0:
 803 01bf 7369676E 		.ascii	"signed char\000"
 803      65642063 
ARM GAS  C:\Users\Jason\AppData\Local\Temp\ccp4u79f.s 			page 20


 803      68617200 
 804              	.LASF28:
 805 01cb 49444143 		.ascii	"IDAC_Start\000"
 805      5F537461 
 805      727400
 806              	.LASF27:
 807 01d6 433A5C55 		.ascii	"C:\\Users\\Jason\\Desktop\\github\\nixie-psoc-proje"
 807      73657273 
 807      5C4A6173 
 807      6F6E5C44 
 807      65736B74 
 808 0204 63745C6E 		.ascii	"ct\\nixie_control.cydsn\000"
 808      69786965 
 808      5F636F6E 
 808      74726F6C 
 808      2E637964 
 809              	.LASF23:
 810 021b 49444143 		.ascii	"IDAC_SetValue\000"
 810      5F536574 
 810      56616C75 
 810      6500
 811              		.ident	"GCC: (GNU Tools for ARM Embedded Processors) 5.4.1 20160609 (release) [ARM/embedded-5-bran
