Archive member included to satisfy reference by file (symbol)

.\CortexM0\ARM_GCC_541\Debug\nixie_control.a(CyLib.o)
                              .\CortexM0\ARM_GCC_541\Debug\main.o (CyDelay)
.\CortexM0\ARM_GCC_541\Debug\nixie_control.a(CyLFClk.o)
                              .\CortexM0\ARM_GCC_541\Debug\cyfitter_cfg.o (CySysClkWcoStart)
.\CortexM0\ARM_GCC_541\Debug\nixie_control.a(C.o)
                              .\CortexM0\ARM_GCC_541\Debug\main.o (C_Write)
.\CortexM0\ARM_GCC_541\Debug\nixie_control.a(B.o)
                              .\CortexM0\ARM_GCC_541\Debug\main.o (B_Write)
.\CortexM0\ARM_GCC_541\Debug\nixie_control.a(D.o)
                              .\CortexM0\ARM_GCC_541\Debug\main.o (D_Write)
.\CortexM0\ARM_GCC_541\Debug\nixie_control.a(A.o)
                              .\CortexM0\ARM_GCC_541\Debug\main.o (A_Write)
.\CortexM0\ARM_GCC_541\Debug\nixie_control.a(E.o)
                              .\CortexM0\ARM_GCC_541\Debug\main.o (E_Write)
.\CortexM0\ARM_GCC_541\Debug\nixie_control.a(F.o)
                              .\CortexM0\ARM_GCC_541\Debug\main.o (F_Write)
.\CortexM0\ARM_GCC_541\Debug\nixie_control.a(G.o)
                              .\CortexM0\ARM_GCC_541\Debug\main.o (G_Write)
.\CortexM0\ARM_GCC_541\Debug\nixie_control.a(H.o)
                              .\CortexM0\ARM_GCC_541\Debug\main.o (H_Write)
.\CortexM0\ARM_GCC_541\Debug\nixie_control.a(RTC.o)
                              .\CortexM0\ARM_GCC_541\Debug\main.o (RTC_Update)
.\CortexM0\ARM_GCC_541\Debug\nixie_control.a(I.o)
                              .\CortexM0\ARM_GCC_541\Debug\main.o (I_Write)
.\CortexM0\ARM_GCC_541\Debug\nixie_control.a(J.o)
                              .\CortexM0\ARM_GCC_541\Debug\main.o (J_Write)
.\CortexM0\ARM_GCC_541\Debug\nixie_control.a(K.o)
                              .\CortexM0\ARM_GCC_541\Debug\main.o (K_Write)
.\CortexM0\ARM_GCC_541\Debug\nixie_control.a(L.o)
                              .\CortexM0\ARM_GCC_541\Debug\main.o (L_Write)
.\CortexM0\ARM_GCC_541\Debug\nixie_control.a(M.o)
                              .\CortexM0\ARM_GCC_541\Debug\main.o (M_Write)
.\CortexM0\ARM_GCC_541\Debug\nixie_control.a(N.o)
                              .\CortexM0\ARM_GCC_541\Debug\main.o (N_Write)
.\CortexM0\ARM_GCC_541\Debug\nixie_control.a(O.o)
                              .\CortexM0\ARM_GCC_541\Debug\main.o (O_Write)
.\CortexM0\ARM_GCC_541\Debug\nixie_control.a(P.o)
                              .\CortexM0\ARM_GCC_541\Debug\main.o (P_Write)
.\CortexM0\ARM_GCC_541\Debug\nixie_control.a(Q.o)
                              .\CortexM0\ARM_GCC_541\Debug\main.o (Q_Write)
.\CortexM0\ARM_GCC_541\Debug\nixie_control.a(R.o)
                              .\CortexM0\ARM_GCC_541\Debug\main.o (R_Write)
.\CortexM0\ARM_GCC_541\Debug\nixie_control.a(S.o)
                              .\CortexM0\ARM_GCC_541\Debug\main.o (S_Write)
.\CortexM0\ARM_GCC_541\Debug\nixie_control.a(T.o)
                              .\CortexM0\ARM_GCC_541\Debug\main.o (T_Write)
.\CortexM0\ARM_GCC_541\Debug\nixie_control.a(U.o)
                              .\CortexM0\ARM_GCC_541\Debug\main.o (U_Write)
.\CortexM0\ARM_GCC_541\Debug\nixie_control.a(V.o)
                              .\CortexM0\ARM_GCC_541\Debug\main.o (V_Write)
.\CortexM0\ARM_GCC_541\Debug\nixie_control.a(W.o)
                              .\CortexM0\ARM_GCC_541\Debug\main.o (W_Write)
.\CortexM0\ARM_GCC_541\Debug\nixie_control.a(X.o)
                              .\CortexM0\ARM_GCC_541\Debug\main.o (X_Write)
.\CortexM0\ARM_GCC_541\Debug\nixie_control.a(PB.o)
                              .\CortexM0\ARM_GCC_541\Debug\main.o (PB_Read)
.\CortexM0\ARM_GCC_541\Debug\nixie_control.a(Timer.o)
                              .\CortexM0\ARM_GCC_541\Debug\main.o (Timer_Start)
.\CortexM0\ARM_GCC_541\Debug\nixie_control.a(CyBootAsmGnu.o)
                              .\CortexM0\ARM_GCC_541\Debug\cyfitter_cfg.o (CyDelayCycles)
.\CortexM0\ARM_GCC_541\Debug\nixie_control.a(CyFlash.o)
                              .\CortexM0\ARM_GCC_541\Debug\nixie_control.a(CyLib.o) (CySysFlashSetWaitCycles)
c:/program files (x86)/cypress/psoc creator/4.4/psoc creator/import/gnu/arm/5.4.1/bin/../lib/gcc/arm-none-eabi/5.4.1/armv6-m\libgcc.a(_udivsi3.o)
                              .\CortexM0\ARM_GCC_541\Debug\main.o (__aeabi_uidiv)
c:/program files (x86)/cypress/psoc creator/4.4/psoc creator/import/gnu/arm/5.4.1/bin/../lib/gcc/arm-none-eabi/5.4.1/armv6-m\libgcc.a(_divsi3.o)
                              .\CortexM0\ARM_GCC_541\Debug\nixie_control.a(CyLib.o) (__aeabi_idiv)
c:/program files (x86)/cypress/psoc creator/4.4/psoc creator/import/gnu/arm/5.4.1/bin/../lib/gcc/arm-none-eabi/5.4.1/armv6-m\libgcc.a(_dvmd_tls.o)
                              c:/program files (x86)/cypress/psoc creator/4.4/psoc creator/import/gnu/arm/5.4.1/bin/../lib/gcc/arm-none-eabi/5.4.1/armv6-m\libgcc.a(_udivsi3.o) (__aeabi_idiv0)
[...]
Memory Configuration

Name             Origin             Length             Attributes
rom              0x00000000         0x00040000         xr
ram              0x20000000         0x00008000         xrw
*default*        0x00000000         0xffffffff

Linker script and memory map

LOAD c:/program files (x86)/cypress/psoc creator/4.4/psoc creator/import/gnu/arm/5.4.1/bin/../lib/gcc/arm-none-eabi/5.4.1/armv6-m/crti.o
LOAD c:/program files (x86)/cypress/psoc creator/4.4/psoc creator/import/gnu/arm/5.4.1/bin/../lib/gcc/arm-none-eabi/5.4.1/armv6-m/crtbegin.o
LOAD c:/program files (x86)/cypress/psoc creator/4.4/psoc creator/import/gnu/arm/5.4.1/bin/../lib/gcc/arm-none-eabi/5.4.1/../../../../arm-none-eabi/lib/armv6-m/crt0.o
START GROUP
LOAD .\CortexM0\ARM_GCC_541\Debug\main.o
LOAD .\CortexM0\ARM_GCC_541\Debug\cyfitter_cfg.o
LOAD .\CortexM0\ARM_GCC_541\Debug\cymetadata.o
LOAD .\CortexM0\ARM_GCC_541\Debug\Cm0Start.o
LOAD .\CortexM0\ARM_GCC_541\Debug\nixie_control.a
END GROUP
START GROUP
LOAD c:/program files (x86)/cypress/psoc creator/4.4/psoc creator/import/gnu/arm/5.4.1/bin/../lib/gcc/arm-none-eabi/5.4.1/armv6-m\libgcc.a
LOAD c:/program files (x86)/cypress/psoc creator/4.4/psoc creator/import/gnu/arm/5.4.1/bin/../lib/gcc/arm-none-eabi/5.4.1/../../../../arm-none-eabi/lib/armv6-m\libg_nano.a
LOAD c:/program files (x86)/cypress/psoc creator/4.4/psoc creator/import/gnu/arm/5.4.1/bin/../lib/gcc/arm-none-eabi/5.4.1/../../../../arm-none-eabi/lib/armv6-m\libc_nano.a
END GROUP
START GROUP
LOAD c:/program files (x86)/cypress/psoc creator/4.4/psoc creator/import/gnu/arm/5.4.1/bin/../lib/gcc/arm-none-eabi/5.4.1/armv6-m\libgcc.a
LOAD c:/program files (x86)/cypress/psoc creator/4.4/psoc creator/import/gnu/arm/5.4.1/bin/../lib/gcc/arm-none-eabi/5.4.1/../../../../arm-none-eabi/lib/armv6-m\libc_nano.a
END GROUP
LOAD c:/program files (x86)/cypress/psoc creator/4.4/psoc creator/import/gnu/arm/5.4.1/bin/../lib/gcc/arm-none-eabi/5.4.1/armv6-m/crtend.o
LOAD c:/program files (x86)/cypress/psoc creator/4.4/psoc creator/import/gnu/arm/5.4.1/bin/../lib/gcc/arm-none-eabi/5.4.1/armv6-m/crtn.o
START GROUP
LOAD c:/program files (x86)/cypress/psoc creator/4.4/psoc creator/import/gnu/arm/5.4.1/bin/../lib/gcc/arm-none-eabi/5.4.1/armv6-m\libgcc.a
LOAD c:/program files (x86)/cypress/psoc creator/4.4/psoc creator/import/gnu/arm/5.4.1/bin/../lib/gcc/arm-none-eabi/5.4.1/../../../../arm-none-eabi/lib/armv6-m\libc.a
LOAD c:/program files (x86)/cypress/psoc creator/4.4/psoc creator/import/gnu/arm/5.4.1/bin/../lib/gcc/arm-none-eabi/5.4.1/../../../../arm-none-eabi/lib/armv6-m\libnosys.a
END GROUP
                0x00000000                CY_APPL_ORIGIN = 0x0
                0x00000100                CY_FLASH_ROW_SIZE = 0x100
                0x00000001                CY_APPL_NUM = 0x1
                0x00000001                CY_APPL_MAX = 0x1
                0x00000040                CY_METADATA_SIZE = 0x40
                0x00000000                CY_APPL_LOADABLE = 0x0
                0x00000000                CY_CHECKSUM_EXCLUDE_SIZE = ALIGN (0x0, CY_FLASH_ROW_SIZE)
                0x00000000                CY_APP_FOR_STACK_AND_COPIER = 0x0
                [!provide]                PROVIDE (__cy_heap_start, _end)
                0x00000001                PROVIDE (__cy_region_num, ((__cy_regions_end - __cy_regions) / 0x10))
                0x20008000                PROVIDE (__cy_stack, (ORIGIN (ram) + LENGTH (ram)))
                [!provide]                PROVIDE (__cy_heap_end, (__cy_stack - 0x400))

.cybootloader   0x00000000        0x0
 *(.cybootloader)
                0x00000000                appl1_start = CY_APPL_ORIGIN?CY_APPL_ORIGIN:ALIGN (CY_FLASH_ROW_SIZE)
                0x0001ff00                appl2_start = (appl1_start + ALIGN ((((LENGTH (rom) - appl1_start) - (0x2 * CY_FLASH_ROW_SIZE)) / 0x2), CY_FLASH_ROW_SIZE))
                0x00000000                appl_start = (CY_APPL_NUM == 0x1)?appl1_start:appl2_start
                0x00000001                cy_project_type_bootloader = (appl_start == 0x0)?0x1:0x0
                0x00000000                cy_project_type_app_for_stack_and_copier = (CY_APP_FOR_STACK_AND_COPIER == 0x1)?0x1:0x0

.text           0x00000000     0x34de
 CREATE_OBJECT_SYMBOLS
                0x00000000                PROVIDE (__cy_interrupt_vector, RomVectors)
 *(.romvectors)
 .romvectors    0x00000000       0x10 .\CortexM0\ARM_GCC_541\Debug\Cm0Start.o
                0x00000000                RomVectors
                0x00000001                ASSERT ((. != __cy_interrupt_vector), No interrupt vector)
                0x00000001                ASSERT (CY_APPL_ORIGIN?(SIZEOF (.cybootloader) <= CY_APPL_ORIGIN):0x1, Wrong image location)
                0x00000010                PROVIDE (__cy_reset, Reset)
 *(.text.Reset)
 .text.Reset    0x00000010        0x8 .\CortexM0\ARM_GCC_541\Debug\Cm0Start.o
                0x00000010                Reset
                0x00000001                ASSERT ((. != __cy_reset), No reset code)
 *(.psocinit)
 .psocinit      0x00000018      0x2f4 .\CortexM0\ARM_GCC_541\Debug\cyfitter_cfg.o
                0x000000e8                cyfitter_cfg
                0x0000030c                . = MAX (., 0x100)
 *(.text .text.* .gnu.linkonce.t.*)
 .text          0x0000030c       0x60 c:/program files (x86)/cypress/psoc creator/4.4/psoc creator/import/gnu/arm/5.4.1/bin/../lib/gcc/arm-none-eabi/5.4.1/armv6-m/crtbegin.o
 .text.RTC_GetSecond
                0x0000036c       0x30 .\CortexM0\ARM_GCC_541\Debug\main.o
 .text.RTC_GetMinutes
                0x0000039c       0x34 .\CortexM0\ARM_GCC_541\Debug\main.o
 .text.RTC_GetHours
                0x000003d0       0x34 .\CortexM0\ARM_GCC_541\Debug\main.o
 .text.RTC_GetDay
                0x00000404       0x34 .\CortexM0\ARM_GCC_541\Debug\main.o
 .text.RTC_GetMonth
                0x00000438       0x34 .\CortexM0\ARM_GCC_541\Debug\main.o
 .text.RTC_GetYear
                0x0000046c       0x58 .\CortexM0\ARM_GCC_541\Debug\main.o
 .text.nixie_write
                0x000004c4      0x204 .\CortexM0\ARM_GCC_541\Debug\main.o
                0x000004c4                nixie_write
 .text.wdt_callback
                0x000006c8      0x110 .\CortexM0\ARM_GCC_541\Debug\main.o
                0x000006c8                wdt_callback
 .text.cathode_antidote
                0x000007d8      0x788 .\CortexM0\ARM_GCC_541\Debug\main.o
                0x000007d8                cathode_antidote
 .text.set_time
                0x00000f60       0x48 .\CortexM0\ARM_GCC_541\Debug\main.o
                0x00000f60                set_time
 .text.set_date
                0x00000fa8       0x40 .\CortexM0\ARM_GCC_541\Debug\main.o
                0x00000fa8                set_date
 .text.main     0x00000fe8      0x184 .\CortexM0\ARM_GCC_541\Debug\main.o
                0x00000fe8                main
 .text.CYMEMZERO
                0x0000116c       0x20 .\CortexM0\ARM_GCC_541\Debug\cyfitter_cfg.o
 .text.CYCONFIGCPYCODE
                0x0000118c       0x20 .\CortexM0\ARM_GCC_541\Debug\cyfitter_cfg.o
 .text.AnalogSetDefault
                0x000011ac       0x28 .\CortexM0\ARM_GCC_541\Debug\cyfitter_cfg.o
 .text.IntDefaultHandler
                0x000011d4       0x14 .\CortexM0\ARM_GCC_541\Debug\Cm0Start.o
                0x000011d4                IntDefaultHandler
 .text.Start_c  0x000011e8       0x98 .\CortexM0\ARM_GCC_541\Debug\Cm0Start.o
                0x000011e8                Start_c
 .text.initialize_psoc
                0x00001280       0x70 .\CortexM0\ARM_GCC_541\Debug\Cm0Start.o
                0x00001280                initialize_psoc
 .text.CySysClkImoEnableWcoLock
                0x000012f0      0x154 .\CortexM0\ARM_GCC_541\Debug\nixie_control.a(CyLib.o)
                0x000012f0                CySysClkImoEnableWcoLock
 .text.CySysClkImoDisableWcoLock
                0x00001444       0x20 .\CortexM0\ARM_GCC_541\Debug\nixie_control.a(CyLib.o)
                0x00001444                CySysClkImoDisableWcoLock
 .text.CySysClkImoGetWcoLock
                0x00001464       0x20 .\CortexM0\ARM_GCC_541\Debug\nixie_control.a(CyLib.o)
                0x00001464                CySysClkImoGetWcoLock
 .text.CySysClkImoEnableUsbLock
                0x00001484      0x138 .\CortexM0\ARM_GCC_541\Debug\nixie_control.a(CyLib.o)
                0x00001484                CySysClkImoEnableUsbLock
 .text.CySysClkImoDisableUsbLock
                0x000015bc       0xc4 .\CortexM0\ARM_GCC_541\Debug\nixie_control.a(CyLib.o)
                0x000015bc                CySysClkImoDisableUsbLock
 .text.CySysClkImoGetUsbLock
                0x00001680       0x20 .\CortexM0\ARM_GCC_541\Debug\nixie_control.a(CyLib.o)
                0x00001680                CySysClkImoGetUsbLock
 .text.CySysClkWriteImoFreq
                0x000016a0      0x22c .\CortexM0\ARM_GCC_541\Debug\nixie_control.a(CyLib.o)
                0x000016a0                CySysClkWriteImoFreq
 .text.CyIntSetVector
                0x000018cc       0x4c .\CortexM0\ARM_GCC_541\Debug\nixie_control.a(CyLib.o)
                0x000018cc                CyIntSetVector
 .text.CyIntEnable
                0x00001918       0x2c .\CortexM0\ARM_GCC_541\Debug\nixie_control.a(CyLib.o)
                0x00001918                CyIntEnable
 .text.CyHalt   0x00001944       0x18 .\CortexM0\ARM_GCC_541\Debug\nixie_control.a(CyLib.o)
                0x00001944                CyHalt
 .text.CyDelay  0x0000195c       0x4c .\CortexM0\ARM_GCC_541\Debug\nixie_control.a(CyLib.o)
                0x0000195c                CyDelay
 .text.CyDelayUs
                0x000019a8       0x28 .\CortexM0\ARM_GCC_541\Debug\nixie_control.a(CyLib.o)
                0x000019a8                CyDelayUs
 .text.CySysClkWcoSetHighPowerMode
                0x000019d0       0x4c .\CortexM0\ARM_GCC_541\Debug\nixie_control.a(CyLFClk.o)
 .text.CySysClkWcoStart
                0x00001a1c       0x20 .\CortexM0\ARM_GCC_541\Debug\nixie_control.a(CyLFClk.o)
                0x00001a1c                CySysClkWcoStart
 .text.CySysClkWcoEnabled
                0x00001a3c       0x1c .\CortexM0\ARM_GCC_541\Debug\nixie_control.a(CyLFClk.o)
                0x00001a3c                CySysClkWcoEnabled
 .text.CySysWdtLock
                0x00001a58       0x34 .\CortexM0\ARM_GCC_541\Debug\nixie_control.a(CyLFClk.o)
                0x00001a58                CySysWdtLock
 .text.CySysWdtLocked
                0x00001a8c       0x20 .\CortexM0\ARM_GCC_541\Debug\nixie_control.a(CyLFClk.o)
 .text.CySysWdtUnlock
                0x00001aac       0x50 .\CortexM0\ARM_GCC_541\Debug\nixie_control.a(CyLFClk.o)
                0x00001aac                CySysWdtUnlock
 .text.CySysWdtClearInterrupt
                0x00001afc       0x70 .\CortexM0\ARM_GCC_541\Debug\nixie_control.a(CyLFClk.o)
                0x00001afc                CySysWdtClearInterrupt
 .text.CySysWdtSetInterruptCallback
                0x00001b6c       0x40 .\CortexM0\ARM_GCC_541\Debug\nixie_control.a(CyLFClk.o)
                0x00001b6c                CySysWdtSetInterruptCallback
 .text.CySysWdtIsr
                0x00001bac       0xec .\CortexM0\ARM_GCC_541\Debug\nixie_control.a(CyLFClk.o)
                0x00001bac                CySysWdtIsr
 .text.C_Write  0x00001c98       0x50 .\CortexM0\ARM_GCC_541\Debug\nixie_control.a(C.o)
                0x00001c98                C_Write
 .text.B_Write  0x00001ce8       0x4c .\CortexM0\ARM_GCC_541\Debug\nixie_control.a(B.o)
                0x00001ce8                B_Write
 .text.D_Write  0x00001d34       0x50 .\CortexM0\ARM_GCC_541\Debug\nixie_control.a(D.o)
                0x00001d34                D_Write
 .text.A_Write  0x00001d84       0x50 .\CortexM0\ARM_GCC_541\Debug\nixie_control.a(A.o)
                0x00001d84                A_Write
 .text.E_Write  0x00001dd4       0x50 .\CortexM0\ARM_GCC_541\Debug\nixie_control.a(E.o)
                0x00001dd4                E_Write
 .text.F_Write  0x00001e24       0x50 .\CortexM0\ARM_GCC_541\Debug\nixie_control.a(F.o)
                0x00001e24                F_Write
 .text.G_Write  0x00001e74       0x50 .\CortexM0\ARM_GCC_541\Debug\nixie_control.a(G.o)
                0x00001e74                G_Write
 .text.H_Write  0x00001ec4       0x50 .\CortexM0\ARM_GCC_541\Debug\nixie_control.a(H.o)
                0x00001ec4                H_Write
 .text.RTC_IsBitSet
                0x00001f14       0x24 .\CortexM0\ARM_GCC_541\Debug\nixie_control.a(RTC.o)
 .text.RTC_LeapYear
                0x00001f38       0x44 .\CortexM0\ARM_GCC_541\Debug\nixie_control.a(RTC.o)
 .text.RTC_GetSecond
                0x00001f7c       0x30 .\CortexM0\ARM_GCC_541\Debug\nixie_control.a(RTC.o)
 .text.RTC_GetMinutes
                0x00001fac       0x34 .\CortexM0\ARM_GCC_541\Debug\nixie_control.a(RTC.o)
 .text.RTC_GetHours
                0x00001fe0       0x34 .\CortexM0\ARM_GCC_541\Debug\nixie_control.a(RTC.o)
 .text.RTC_GetAmPm
                0x00002014       0x20 .\CortexM0\ARM_GCC_541\Debug\nixie_control.a(RTC.o)
 .text.RTC_GetDay
                0x00002034       0x34 .\CortexM0\ARM_GCC_541\Debug\nixie_control.a(RTC.o)
 .text.RTC_GetMonth
                0x00002068       0x34 .\CortexM0\ARM_GCC_541\Debug\nixie_control.a(RTC.o)
 .text.RTC_GetYear
                0x0000209c       0x58 .\CortexM0\ARM_GCC_541\Debug\nixie_control.a(RTC.o)
 .text.RTC_GetTimeFormat
                0x000020f4       0x20 .\CortexM0\ARM_GCC_541\Debug\nixie_control.a(RTC.o)
 .text.RTC_ConstructTime
                0x00002114       0xa0 .\CortexM0\ARM_GCC_541\Debug\nixie_control.a(RTC.o)
 .text.RTC_ConstructDate
                0x000021b4       0xd8 .\CortexM0\ARM_GCC_541\Debug\nixie_control.a(RTC.o)
 .text.RTC_GetDayOfWeek
                0x0000228c       0x88 .\CortexM0\ARM_GCC_541\Debug\nixie_control.a(RTC.o)
 .text.RTC_DaysBeforeMonth
                0x00002314       0x3c .\CortexM0\ARM_GCC_541\Debug\nixie_control.a(RTC.o)
 .text.RTC_CySysRtcSetCallback
                0x00002350       0x20 .\CortexM0\ARM_GCC_541\Debug\nixie_control.a(RTC.o)
 .text.RTC_Start
                0x00002370       0x20 .\CortexM0\ARM_GCC_541\Debug\nixie_control.a(RTC.o)
                0x00002370                RTC_Start
 .text.RTC_Init
                0x00002390       0x74 .\CortexM0\ARM_GCC_541\Debug\nixie_control.a(RTC.o)
                0x00002390                RTC_Init
 .text.RTC_SetDateAndTime
                0x00002404       0x74 .\CortexM0\ARM_GCC_541\Debug\nixie_control.a(RTC.o)
                0x00002404                RTC_SetDateAndTime
 .text.RTC_GetTime
                0x00002478       0x44 .\CortexM0\ARM_GCC_541\Debug\nixie_control.a(RTC.o)
                0x00002478                RTC_GetTime
 .text.RTC_GetDate
                0x000024bc       0x44 .\CortexM0\ARM_GCC_541\Debug\nixie_control.a(RTC.o)
                0x000024bc                RTC_GetDate
 .text.RTC_Update
                0x00002500       0x58 .\CortexM0\ARM_GCC_541\Debug\nixie_control.a(RTC.o)
                0x00002500                RTC_Update
 .text.RTC_DateTimeToUnix
                0x00002558      0x1c0 .\CortexM0\ARM_GCC_541\Debug\nixie_control.a(RTC.o)
                0x00002558                RTC_DateTimeToUnix
 .text.RTC_UnixToDateTime
                0x00002718      0x298 .\CortexM0\ARM_GCC_541\Debug\nixie_control.a(RTC.o)
                0x00002718                RTC_UnixToDateTime
 .text.RTC_DaysInMonth
                0x000029b0       0x3c .\CortexM0\ARM_GCC_541\Debug\nixie_control.a(RTC.o)
                0x000029b0                RTC_DaysInMonth
 .text.I_Write  0x000029ec       0x50 .\CortexM0\ARM_GCC_541\Debug\nixie_control.a(I.o)
                0x000029ec                I_Write
 .text.J_Write  0x00002a3c       0x50 .\CortexM0\ARM_GCC_541\Debug\nixie_control.a(J.o)
                0x00002a3c                J_Write
 .text.K_Write  0x00002a8c       0x50 .\CortexM0\ARM_GCC_541\Debug\nixie_control.a(K.o)
                0x00002a8c                K_Write
 .text.L_Write  0x00002adc       0x48 .\CortexM0\ARM_GCC_541\Debug\nixie_control.a(L.o)
                0x00002adc                L_Write
 .text.M_Write  0x00002b24       0x4c .\CortexM0\ARM_GCC_541\Debug\nixie_control.a(M.o)
                0x00002b24                M_Write
 .text.N_Write  0x00002b70       0x50 .\CortexM0\ARM_GCC_541\Debug\nixie_control.a(N.o)
                0x00002b70                N_Write
 .text.O_Write  0x00002bc0       0x50 .\CortexM0\ARM_GCC_541\Debug\nixie_control.a(O.o)
                0x00002bc0                O_Write
 .text.P_Write  0x00002c10       0x50 .\CortexM0\ARM_GCC_541\Debug\nixie_control.a(P.o)
                0x00002c10                P_Write
 .text.Q_Write  0x00002c60       0x50 .\CortexM0\ARM_GCC_541\Debug\nixie_control.a(Q.o)
                0x00002c60                Q_Write
 .text.R_Write  0x00002cb0       0x50 .\CortexM0\ARM_GCC_541\Debug\nixie_control.a(R.o)
                0x00002cb0                R_Write
 .text.S_Write  0x00002d00       0x50 .\CortexM0\ARM_GCC_541\Debug\nixie_control.a(S.o)
                0x00002d00                S_Write
 .text.T_Write  0x00002d50       0x50 .\CortexM0\ARM_GCC_541\Debug\nixie_control.a(T.o)
                0x00002d50                T_Write
 .text.U_Write  0x00002da0       0x4c .\CortexM0\ARM_GCC_541\Debug\nixie_control.a(U.o)
                0x00002da0                U_Write
 .text.V_Write  0x00002dec       0x50 .\CortexM0\ARM_GCC_541\Debug\nixie_control.a(V.o)
                0x00002dec                V_Write
 .text.W_Write  0x00002e3c       0x4c .\CortexM0\ARM_GCC_541\Debug\nixie_control.a(W.o)
                0x00002e3c                W_Write
 .text.X_Write  0x00002e88       0x50 .\CortexM0\ARM_GCC_541\Debug\nixie_control.a(X.o)
                0x00002e88                X_Write
 .text.PB_Read  0x00002ed8       0x1c .\CortexM0\ARM_GCC_541\Debug\nixie_control.a(PB.o)
                0x00002ed8                PB_Read
 .text.Timer_Init
                0x00002ef4       0x54 .\CortexM0\ARM_GCC_541\Debug\nixie_control.a(Timer.o)
                0x00002ef4                Timer_Init
 .text.Timer_Enable
                0x00002f48       0x20 .\CortexM0\ARM_GCC_541\Debug\nixie_control.a(Timer.o)
                0x00002f48                Timer_Enable
 .text.Timer_Start
                0x00002f68       0x24 .\CortexM0\ARM_GCC_541\Debug\nixie_control.a(Timer.o)
                0x00002f68                Timer_Start
 .text.Timer_SetInterruptMode
                0x00002f8c       0x20 .\CortexM0\ARM_GCC_541\Debug\nixie_control.a(Timer.o)
                0x00002f8c                Timer_SetInterruptMode
 .text.Timer_ReadStatusRegister
                0x00002fac       0x14 .\CortexM0\ARM_GCC_541\Debug\nixie_control.a(Timer.o)
                0x00002fac                Timer_ReadStatusRegister
 .text.Timer_WritePeriod
                0x00002fc0       0x1c .\CortexM0\ARM_GCC_541\Debug\nixie_control.a(Timer.o)
                0x00002fc0                Timer_WritePeriod
 .text.Timer_ReadCapture
                0x00002fdc       0x14 .\CortexM0\ARM_GCC_541\Debug\nixie_control.a(Timer.o)
                0x00002fdc                Timer_ReadCapture
 .text.Timer_WriteCounter
                0x00002ff0       0x1c .\CortexM0\ARM_GCC_541\Debug\nixie_control.a(Timer.o)
                0x00002ff0                Timer_WriteCounter
 .text.Timer_ReadCounter
                0x0000300c       0x1c .\CortexM0\ARM_GCC_541\Debug\nixie_control.a(Timer.o)
                0x0000300c                Timer_ReadCounter
 .text.Timer_ClearFIFO
                0x00003028       0x20 .\CortexM0\ARM_GCC_541\Debug\nixie_control.a(Timer.o)
                0x00003028                Timer_ClearFIFO
 .text          0x00003048       0x20 .\CortexM0\ARM_GCC_541\Debug\nixie_control.a(CyBootAsmGnu.o)
                0x00003048                CyDelayCycles
                0x0000305a                CyEnterCriticalSection
                0x00003062                CyExitCriticalSection
 .text.CySysFlashSetWaitCycles
                0x00003068       0x78 .\CortexM0\ARM_GCC_541\Debug\nixie_control.a(CyFlash.o)
                0x00003068                CySysFlashSetWaitCycles
 .text          0x000030e0      0x114 c:/program files (x86)/cypress/psoc creator/4.4/psoc creator/import/gnu/arm/5.4.1/bin/../lib/gcc/arm-none-eabi/5.4.1/armv6-m\libgcc.a(_udivsi3.o)
                0x000030e0                __aeabi_uidiv
                0x000030e0                __udivsi3
                0x000031ec                __aeabi_uidivmod
 .text          0x000031f4        0x4 c:/program files (x86)/cypress/psoc creator/4.4/psoc creator/import/gnu/arm/5.4.1/bin/../lib/gcc/arm-none-eabi/5.4.1/armv6-m\libgcc.a(_dvmd_tls.o)
                0x000031f4                __aeabi_idiv0
                0x000031f4                __aeabi_ldiv0
 .text          0x000031f8       0x40 c:/program files (x86)/cypress/psoc creator/4.4/psoc creator/import/gnu/arm/5.4.1/bin/../lib/gcc/arm-none-eabi/5.4.1/armv6-m\libgcc.a(_aeabi_uldivmod.o)
                0x000031f8                __aeabi_uldivmod
 .text          0x00003238       0x58 c:/program files (x86)/cypress/psoc creator/4.4/psoc creator/import/gnu/arm/5.4.1/bin/../lib/gcc/arm-none-eabi/5.4.1/armv6-m\libgcc.a(_muldi3.o)
                0x00003238                __muldi3
                0x00003238                __aeabi_lmul
 .text          0x00003290      0x180 c:/program files (x86)/cypress/psoc creator/4.4/psoc creator/import/gnu/arm/5.4.1/bin/../lib/gcc/arm-none-eabi/5.4.1/armv6-m\libgcc.a(_udivmoddi4.o)
                0x00003290                __udivmoddi4
 .text          0x00003410       0x18 c:/program files (x86)/cypress/psoc creator/4.4/psoc creator/import/gnu/arm/5.4.1/bin/../lib/gcc/arm-none-eabi/5.4.1/armv6-m\libgcc.a(_clzdi2.o)
                0x00003410                __clzdi2
 .text          0x00003428       0x3c c:/program files (x86)/cypress/psoc creator/4.4/psoc creator/import/gnu/arm/5.4.1/bin/../lib/gcc/arm-none-eabi/5.4.1/armv6-m\libgcc.a(_clzsi2.o)
                0x00003428                __clzsi2
 .text.__errno  0x00003464        0xc c:/program files (x86)/cypress/psoc creator/4.4/psoc creator/import/gnu/arm/5.4.1/bin/../lib/gcc/arm-none-eabi/5.4.1/../../../../arm-none-eabi/lib/armv6-m\libg_nano.a(lib_a-errno.o)
                0x00003464                __errno
 .text.__libc_init_array
                0x00003470       0x4c c:/program files (x86)/cypress/psoc creator/4.4/psoc creator/import/gnu/arm/5.4.1/bin/../lib/gcc/arm-none-eabi/5.4.1/../../../../arm-none-eabi/lib/armv6-m\libg_nano.a(lib_a-init.o)
                0x00003470                __libc_init_array
 .text.memcpy   0x000034bc       0x12 c:/program files (x86)/cypress/psoc creator/4.4/psoc creator/import/gnu/arm/5.4.1/bin/../lib/gcc/arm-none-eabi/5.4.1/../../../../arm-none-eabi/lib/armv6-m\libg_nano.a(lib_a-memcpy-stub.o)
                0x000034bc                memcpy
 .text.memset   0x000034ce       0x10 c:/program files (x86)/cypress/psoc creator/4.4/psoc creator/import/gnu/arm/5.4.1/bin/../lib/gcc/arm-none-eabi/5.4.1/../../../../arm-none-eabi/lib/armv6-m\libg_nano.a(lib_a-memset.o)
                0x000034ce                memset
 *(.plt)
 *(.gnu.warning)
 *(.glue_7t)
 .glue_7t       0x000034de        0x0 linker stubs
 *(.glue_7)
 .glue_7        0x000034de        0x0 linker stubs
 *(.vfp11_veneer)
 .vfp11_veneer  0x000034de        0x0 linker stubs
 *(.bootloader)
 *(.ARM.extab* .gnu.linkonce.armextab.*)
 *(.gcc_except_table)

.v4_bx          0x000034e0        0x0
 .v4_bx         0x000034e0        0x0 linker stubs

.iplt           0x000034e0        0x0
 .iplt          0x000034e0        0x0 c:/program files (x86)/cypress/psoc creator/4.4/psoc creator/import/gnu/arm/5.4.1/bin/../lib/gcc/arm-none-eabi/5.4.1/armv6-m/crtbegin.o

.eh_frame_hdr
 *(.eh_frame_hdr)

.eh_frame       0x000034e0        0x4
 *(.eh_frame)
 .eh_frame      0x000034e0        0x0 c:/program files (x86)/cypress/psoc creator/4.4/psoc creator/import/gnu/arm/5.4.1/bin/../lib/gcc/arm-none-eabi/5.4.1/armv6-m/crtbegin.o
 .eh_frame      0x000034e0        0x4 c:/program files (x86)/cypress/psoc creator/4.4/psoc creator/import/gnu/arm/5.4.1/bin/../lib/gcc/arm-none-eabi/5.4.1/armv6-m/crtend.o
                [!provide]                PROVIDE (__exidx_start, .)

.ARM.exidx      0x000034e4        0x8
 *(.ARM.exidx* .gnu.linkonce.armexidx.*)
 .ARM.exidx     0x000034e4        0x8 c:/program files (x86)/cypress/psoc creator/4.4/psoc creator/import/gnu/arm/5.4.1/bin/../lib/gcc/arm-none-eabi/5.4.1/armv6-m\libgcc.a(_udivmoddi4.o)
                0x000034ec                __exidx_end = .

.rodata         0x000034ec      0x824
 *(.rodata .rodata.* .gnu.linkonce.r.*)
 .rodata        0x000034ec       0x18 .\CortexM0\ARM_GCC_541\Debug\main.o
 .rodata        0x00003504      0x768 .\CortexM0\ARM_GCC_541\Debug\cyfitter_cfg.o
 .rodata        0x00003c6c       0x47 .\CortexM0\ARM_GCC_541\Debug\nixie_control.a(CyLib.o)
                0x00003c6c                cyImoFreqMhz2Reg
                0x00003c9c                cyImoFreqMhz2DpllOffset
 *fill*         0x00003cb3        0x1 
 .rodata        0x00003cb4       0x24 .\CortexM0\ARM_GCC_541\Debug\nixie_control.a(RTC.o)
                0x00003cb4                RTC_daysBeforeMonthTbl
                0x00003ccc                RTC_daysInMonthTbl
 .rodata.str1.1
                0x00003cd8        0x2 c:/program files (x86)/cypress/psoc creator/4.4/psoc creator/import/gnu/arm/5.4.1/bin/../lib/gcc/arm-none-eabi/5.4.1/../../../../arm-none-eabi/lib/armv6-m\libg_nano.a(lib_a-impure.o)
                0x00003cdc                . = ALIGN (0x4)
 *fill*         0x00003cda        0x2 
 *(.init)
 .init          0x00003cdc        0x4 c:/program files (x86)/cypress/psoc creator/4.4/psoc creator/import/gnu/arm/5.4.1/bin/../lib/gcc/arm-none-eabi/5.4.1/armv6-m/crti.o
                0x00003cdc                _init
 .init          0x00003ce0        0x8 c:/program files (x86)/cypress/psoc creator/4.4/psoc creator/import/gnu/arm/5.4.1/bin/../lib/gcc/arm-none-eabi/5.4.1/armv6-m/crtn.o
                0x00003ce8                . = ALIGN (0x4)
                0x00003ce8                __preinit_array_start = .
 *(.preinit_array)
                0x00003ce8                __preinit_array_end = .
                0x00003ce8                . = ALIGN (0x4)
                0x00003ce8                __init_array_start = .
 *(SORT(.init_array.*))
 *(.init_array)
 .init_array    0x00003ce8        0x4 c:/program files (x86)/cypress/psoc creator/4.4/psoc creator/import/gnu/arm/5.4.1/bin/../lib/gcc/arm-none-eabi/5.4.1/armv6-m/crtbegin.o
 .init_array    0x00003cec        0x4 .\CortexM0\ARM_GCC_541\Debug\Cm0Start.o
                0x00003cf0                __init_array_end = .
                0x00003cf0                . = ALIGN (0x4)
 *(.fini)
 .fini          0x00003cf0        0x4 c:/program files (x86)/cypress/psoc creator/4.4/psoc creator/import/gnu/arm/5.4.1/bin/../lib/gcc/arm-none-eabi/5.4.1/armv6-m/crti.o
                0x00003cf0                _fini
 .fini          0x00003cf4        0x8 c:/program files (x86)/cypress/psoc creator/4.4/psoc creator/import/gnu/arm/5.4.1/bin/../lib/gcc/arm-none-eabi/5.4.1/armv6-m/crtn.o
                0x00003cfc                . = ALIGN (0x4)
                0x00003cfc                __fini_array_start = .
 *(.fini_array)
 .fini_array    0x00003cfc        0x4 c:/program files (x86)/cypress/psoc creator/4.4/psoc creator/import/gnu/arm/5.4.1/bin/../lib/gcc/arm-none-eabi/5.4.1/armv6-m/crtbegin.o
 *(SORT(.fini_array.*))
                0x00003d00                __fini_array_end = .
                0x00003d00                . = ALIGN (0x4)
 *crtbegin.o(.ctors)
 *(EXCLUDE_FILE(*crtend.o) .ctors)
 *(SORT(.ctors.*))
 *crtend.o(.ctors)
                0x00003d00                . = ALIGN (0x4)
 *crtbegin.o(.dtors)
 *(EXCLUDE_FILE(*crtend.o) .dtors)
 *(SORT(.dtors.*))
 *crtend.o(.dtors)
                0x00003d00                . = ALIGN (0x4)
                0x00003d00                __cy_regions = .
                0x00003d00        0x4 LONG 0x3d10 __cy_region_init_ram
                0x00003d04        0x4 LONG 0x200000c8 __cy_region_start_data
                0x00003d08        0x4 LONG 0x128 __cy_region_init_size_ram
                0x00003d0c        0x4 LONG 0xc8 __cy_region_zero_size_ram
                0x00003d10                __cy_regions_end = .
                0x00003d10                . = ALIGN (0x8)
                0x00003d10                _etext = .

.cy_checksum_exclude
                0x00003d10        0x0
 *(.cy_checksum_exclude)

.ramvectors     0x20000000       0xc0
                0x20000000                __cy_region_start_ram = .
 *(.ramvectors)
 .ramvectors    0x20000000       0xc0 .\CortexM0\ARM_GCC_541\Debug\Cm0Start.o
                0x20000000                CyRamVectors

.noinit         0x200000c0        0x4
 *(.noinit)
 .noinit        0x200000c0        0x4 .\CortexM0\ARM_GCC_541\Debug\Cm0Start.o

.data           0x200000c8      0x128 load address 0x00003d10
                0x200000c8                __cy_region_start_data = .
 *(.jcr)
 .jcr           0x200000c8        0x0 c:/program files (x86)/cypress/psoc creator/4.4/psoc creator/import/gnu/arm/5.4.1/bin/../lib/gcc/arm-none-eabi/5.4.1/armv6-m/crtbegin.o
 .jcr           0x200000c8        0x4 c:/program files (x86)/cypress/psoc creator/4.4/psoc creator/import/gnu/arm/5.4.1/bin/../lib/gcc/arm-none-eabi/5.4.1/armv6-m/crtend.o
 *(.got.plt)
 *(.got)
 *(.shdata)
 *(.data .data.* .gnu.linkonce.d.*)
 .data          0x200000cc       0xa0 .\CortexM0\ARM_GCC_541\Debug\main.o
                0x200000cc                digits
 .data          0x2000016c       0x14 .\CortexM0\ARM_GCC_541\Debug\nixie_control.a(CyLib.o)
                0x2000016c                cydelayFreqHz
                0x20000170                cydelayFreqKhz
                0x20000174                cydelayFreqMhz
                0x20000178                cydelay32kMs
                0x2000017c                CySysClkPumpConfig
 .data          0x20000180        0x8 .\CortexM0\ARM_GCC_541\Debug\nixie_control.a(CyLFClk.o)
 .data.impure_data
                0x20000188       0x60 c:/program files (x86)/cypress/psoc creator/4.4/psoc creator/import/gnu/arm/5.4.1/bin/../lib/gcc/arm-none-eabi/5.4.1/../../../../arm-none-eabi/lib/armv6-m\libg_nano.a(lib_a-impure.o)
 .data._impure_ptr
                0x200001e8        0x4 c:/program files (x86)/cypress/psoc creator/4.4/psoc creator/import/gnu/arm/5.4.1/bin/../lib/gcc/arm-none-eabi/5.4.1/../../../../arm-none-eabi/lib/armv6-m\libg_nano.a(lib_a-impure.o)
                0x200001e8                _impure_ptr
                0x200001f0                . = ALIGN (0x8)
 *fill*         0x200001ec        0x4 
 *(.ram)
                0x200001f0                _edata = .

.igot.plt       0x200001f0        0x0 load address 0x00003e38
 .igot.plt      0x200001f0        0x0 c:/program files (x86)/cypress/psoc creator/4.4/psoc creator/import/gnu/arm/5.4.1/bin/../lib/gcc/arm-none-eabi/5.4.1/armv6-m/crtbegin.o

.bss            0x200001f0       0xc8 load address 0x00003e38
                0x200001f0                PROVIDE (__bss_start__, .)
 *(.shbss)
 *(.bss .bss.* .gnu.linkonce.b.*)
 .bss           0x200001f0       0x1c c:/program files (x86)/cypress/psoc creator/4.4/psoc creator/import/gnu/arm/5.4.1/bin/../lib/gcc/arm-none-eabi/5.4.1/armv6-m/crtbegin.o
 .bss           0x2000020c        0x8 .\CortexM0\ARM_GCC_541\Debug\main.o
                0x2000020c                display_mode
                0x20000210                done
 .bss           0x20000214       0x20 .\CortexM0\ARM_GCC_541\Debug\nixie_control.a(CyLib.o)
                0x20000228                CySysTickInitVar
                0x2000022c                CySysClkImoTrim4
                0x20000230                CySysClkImoTrim5
 .bss           0x20000234       0x28 .\CortexM0\ARM_GCC_541\Debug\nixie_control.a(CyLFClk.o)
 .bss           0x2000025c       0x10 .\CortexM0\ARM_GCC_541\Debug\nixie_control.a(RTC.o)
 .bss           0x2000026c        0x1 .\CortexM0\ARM_GCC_541\Debug\nixie_control.a(Timer.o)
                0x2000026c                Timer_initVar
 *(COMMON)
 *fill*         0x2000026d        0x3 
 COMMON         0x20000270       0x20 .\CortexM0\ARM_GCC_541\Debug\main.o
                0x20000270                month
                0x20000274                time
                0x20000278                seconds
                0x2000027c                year
                0x20000280                day
                0x20000284                date
                0x20000288                minutes
                0x2000028c                hours
 COMMON         0x20000290       0x28 .\CortexM0\ARM_GCC_541\Debug\nixie_control.a(RTC.o)
                0x20000290                RTC_initVar
                0x20000294                RTC_currentTimeDate
                0x200002a4                RTC_alarmCurStatus
                0x200002a8                RTC_dstStatus
                0x200002b0                RTC_unixTime
                0x200002b8                . = ALIGN (0x8)
 *(.ram.b)
                0x200002b8                _end = .
                0x200002b8                __end = .
                0x200002b8                PROVIDE (end, .)
                0x200002b8                PROVIDE (__bss_end__, .)
                0x00003d10                __cy_region_init_ram = LOADADDR (.data)
                0x00000128                __cy_region_init_size_ram = (_edata - ADDR (.data))
                0x000000c8                __cy_region_zero_size_ram = (_end - _edata)

.heap           0x200002b8      0x100 load address 0x00003e38
                0x200002b8                . = _end
                0x200003b8                . = (. + 0x100)
 *fill*         0x200002b8      0x100 
                0x200003b8                __cy_heap_limit = .

.stack          0x20007c00      0x400
                0x20007c00                __cy_stack_limit = .
                0x20008000                . = (. + 0x400)
 *fill*         0x20007c00      0x400 
                0x00000001                ASSERT ((__cy_stack_limit >= __cy_heap_limit), region RAM overflowed with stack)
                0x00000000                cy_checksum_exclude_size = (CY_APPL_LOADABLE == 0x1)?SIZEOF (.cy_checksum_exclude):0x0
                0x00000001                ASSERT ((cy_checksum_exclude_size <= CY_CHECKSUM_EXCLUDE_SIZE), CY_BOOT: Section .cy_checksum_exclude size exceedes specified limit.)
                0x0003ffc0                cyloadermeta_start = (cy_project_type_bootloader || cy_project_type_app_for_stack_and_copier)?(LENGTH (rom) - CY_METADATA_SIZE):0xf0000000

.cyloadermeta
 *(.cyloadermeta)
                0x0003ffc0                cyloadablemeta_start = cy_project_type_app_for_stack_and_copier?((LENGTH (rom) - CY_FLASH_ROW_SIZE) - CY_METADATA_SIZE):((LENGTH (rom) - (CY_FLASH_ROW_SIZE * (CY_APPL_NUM - 0x1))) - CY_METADATA_SIZE)

.cyloadablemeta
 *(.cyloadablemeta)

.cyflashprotect
                0x90400000       0x80
 *(.cyflashprotect)
 .cyflashprotect
                0x90400000       0x80 .\CortexM0\ARM_GCC_541\Debug\cymetadata.o
                0x90400000                cy_meta_flashprotect

.cymeta         0x90500000        0xc
 *(.cymeta)
 .cymeta        0x90500000        0xc .\CortexM0\ARM_GCC_541\Debug\cymetadata.o
                0x90500000                cy_metadata

.cychipprotect  0x90600000        0x1
 *(.cychipprotect)
 .cychipprotect
                0x90600000        0x1 .\CortexM0\ARM_GCC_541\Debug\cymetadata.o
                0x90600000                cy_meta_chipprotect

.rel.dyn        0x00003e38        0x0 load address 0x90600004
 .rel.iplt      0x00003e38        0x0 c:/program files (x86)/cypress/psoc creator/4.4/psoc creator/import/gnu/arm/5.4.1/bin/../lib/gcc/arm-none-eabi/5.4.1/armv6-m/crtbegin.o

.stab
 *(.stab)

.stabstr
 *(.stabstr)

.debug
 *(.debug)

.line
 *(.line)

.debug_srcinfo
 *(.debug_srcinfo)

.debug_sfnames
 *(.debug_sfnames)

.debug_aranges  0x00000000      0xe40
 *(.debug_aranges)
 .debug_aranges
                0x00000000       0x78 .\CortexM0\ARM_GCC_541\Debug\main.o
 .debug_aranges
                0x00000078       0x48 .\CortexM0\ARM_GCC_541\Debug\cyfitter_cfg.o
 .debug_aranges
                0x000000c0       0x18 .\CortexM0\ARM_GCC_541\Debug\cymetadata.o
 .debug_aranges
                0x000000d8       0x48 .\CortexM0\ARM_GCC_541\Debug\Cm0Start.o
 .debug_aranges
                0x00000120      0x260 .\CortexM0\ARM_GCC_541\Debug\nixie_control.a(CyLib.o)
 .debug_aranges
                0x00000380      0x190 .\CortexM0\ARM_GCC_541\Debug\nixie_control.a(CyLFClk.o)
 .debug_aranges
                0x00000510       0x48 .\CortexM0\ARM_GCC_541\Debug\nixie_control.a(C.o)
 .debug_aranges
                0x00000558       0x48 .\CortexM0\ARM_GCC_541\Debug\nixie_control.a(B.o)
 .debug_aranges
                0x000005a0       0x48 .\CortexM0\ARM_GCC_541\Debug\nixie_control.a(D.o)
 .debug_aranges
                0x000005e8       0x48 .\CortexM0\ARM_GCC_541\Debug\nixie_control.a(A.o)
 .debug_aranges
                0x00000630       0x48 .\CortexM0\ARM_GCC_541\Debug\nixie_control.a(E.o)
 .debug_aranges
                0x00000678       0x48 .\CortexM0\ARM_GCC_541\Debug\nixie_control.a(F.o)
 .debug_aranges
                0x000006c0       0x48 .\CortexM0\ARM_GCC_541\Debug\nixie_control.a(G.o)
 .debug_aranges
                0x00000708       0x48 .\CortexM0\ARM_GCC_541\Debug\nixie_control.a(H.o)
 .debug_aranges
                0x00000750      0x138 .\CortexM0\ARM_GCC_541\Debug\nixie_control.a(RTC.o)
 .debug_aranges
                0x00000888       0x48 .\CortexM0\ARM_GCC_541\Debug\nixie_control.a(I.o)
 .debug_aranges
                0x000008d0       0x48 .\CortexM0\ARM_GCC_541\Debug\nixie_control.a(J.o)
 .debug_aranges
                0x00000918       0x48 .\CortexM0\ARM_GCC_541\Debug\nixie_control.a(K.o)
 .debug_aranges
                0x00000960       0x48 .\CortexM0\ARM_GCC_541\Debug\nixie_control.a(L.o)
 .debug_aranges
                0x000009a8       0x48 .\CortexM0\ARM_GCC_541\Debug\nixie_control.a(M.o)
 .debug_aranges
                0x000009f0       0x48 .\CortexM0\ARM_GCC_541\Debug\nixie_control.a(N.o)
 .debug_aranges
                0x00000a38       0x48 .\CortexM0\ARM_GCC_541\Debug\nixie_control.a(O.o)
 .debug_aranges
                0x00000a80       0x48 .\CortexM0\ARM_GCC_541\Debug\nixie_control.a(P.o)
 .debug_aranges
                0x00000ac8       0x48 .\CortexM0\ARM_GCC_541\Debug\nixie_control.a(Q.o)
 .debug_aranges
                0x00000b10       0x48 .\CortexM0\ARM_GCC_541\Debug\nixie_control.a(R.o)
 .debug_aranges
                0x00000b58       0x48 .\CortexM0\ARM_GCC_541\Debug\nixie_control.a(S.o)
 .debug_aranges
                0x00000ba0       0x48 .\CortexM0\ARM_GCC_541\Debug\nixie_control.a(T.o)
 .debug_aranges
                0x00000be8       0x48 .\CortexM0\ARM_GCC_541\Debug\nixie_control.a(U.o)
 .debug_aranges
                0x00000c30       0x48 .\CortexM0\ARM_GCC_541\Debug\nixie_control.a(V.o)
 .debug_aranges
                0x00000c78       0x48 .\CortexM0\ARM_GCC_541\Debug\nixie_control.a(W.o)
 .debug_aranges
                0x00000cc0       0x48 .\CortexM0\ARM_GCC_541\Debug\nixie_control.a(X.o)
 .debug_aranges
                0x00000d08       0x48 .\CortexM0\ARM_GCC_541\Debug\nixie_control.a(PB.o)
 .debug_aranges
                0x00000d50       0x90 .\CortexM0\ARM_GCC_541\Debug\nixie_control.a(Timer.o)
 .debug_aranges
                0x00000de0       0x20 .\CortexM0\ARM_GCC_541\Debug\nixie_control.a(CyBootAsmGnu.o)
 .debug_aranges
                0x00000e00       0x40 .\CortexM0\ARM_GCC_541\Debug\nixie_control.a(CyFlash.o)

.debug_pubnames
 *(.debug_pubnames)

.debug_info     0x00000000     0x628f
 *(.debug_info .gnu.linkonce.wi.*)
 .debug_info    0x00000000      0x4dc .\CortexM0\ARM_GCC_541\Debug\main.o
 .debug_info    0x000004dc      0x4b4 .\CortexM0\ARM_GCC_541\Debug\cyfitter_cfg.o
 .debug_info    0x00000990       0xf8 .\CortexM0\ARM_GCC_541\Debug\cymetadata.o
 .debug_info    0x00000a88      0x312 .\CortexM0\ARM_GCC_541\Debug\Cm0Start.o
 .debug_info    0x00000d9a     0x123c .\CortexM0\ARM_GCC_541\Debug\nixie_control.a(CyLib.o)
 .debug_info    0x00001fd6      0xaa1 .\CortexM0\ARM_GCC_541\Debug\nixie_control.a(CyLFClk.o)
 .debug_info    0x00002a77      0x19a .\CortexM0\ARM_GCC_541\Debug\nixie_control.a(C.o)
 .debug_info    0x00002c11      0x19a .\CortexM0\ARM_GCC_541\Debug\nixie_control.a(B.o)
 .debug_info    0x00002dab      0x19a .\CortexM0\ARM_GCC_541\Debug\nixie_control.a(D.o)
 .debug_info    0x00002f45      0x19a .\CortexM0\ARM_GCC_541\Debug\nixie_control.a(A.o)
 .debug_info    0x000030df      0x19a .\CortexM0\ARM_GCC_541\Debug\nixie_control.a(E.o)
 .debug_info    0x00003279      0x19a .\CortexM0\ARM_GCC_541\Debug\nixie_control.a(F.o)
 .debug_info    0x00003413      0x19a .\CortexM0\ARM_GCC_541\Debug\nixie_control.a(G.o)
 .debug_info    0x000035ad      0x19a .\CortexM0\ARM_GCC_541\Debug\nixie_control.a(H.o)
 .debug_info    0x00003747      0xabd .\CortexM0\ARM_GCC_541\Debug\nixie_control.a(RTC.o)
 .debug_info    0x00004204      0x19a .\CortexM0\ARM_GCC_541\Debug\nixie_control.a(I.o)
 .debug_info    0x0000439e      0x19a .\CortexM0\ARM_GCC_541\Debug\nixie_control.a(J.o)
 .debug_info    0x00004538      0x19a .\CortexM0\ARM_GCC_541\Debug\nixie_control.a(K.o)
 .debug_info    0x000046d2      0x19a .\CortexM0\ARM_GCC_541\Debug\nixie_control.a(L.o)
 .debug_info    0x0000486c      0x19a .\CortexM0\ARM_GCC_541\Debug\nixie_control.a(M.o)
 .debug_info    0x00004a06      0x19a .\CortexM0\ARM_GCC_541\Debug\nixie_control.a(N.o)
 .debug_info    0x00004ba0      0x19a .\CortexM0\ARM_GCC_541\Debug\nixie_control.a(O.o)
 .debug_info    0x00004d3a      0x19a .\CortexM0\ARM_GCC_541\Debug\nixie_control.a(P.o)
 .debug_info    0x00004ed4      0x19a .\CortexM0\ARM_GCC_541\Debug\nixie_control.a(Q.o)
 .debug_info    0x0000506e      0x19a .\CortexM0\ARM_GCC_541\Debug\nixie_control.a(R.o)
 .debug_info    0x00005208      0x19a .\CortexM0\ARM_GCC_541\Debug\nixie_control.a(S.o)
 .debug_info    0x000053a2      0x19a .\CortexM0\ARM_GCC_541\Debug\nixie_control.a(T.o)
 .debug_info    0x0000553c      0x19a .\CortexM0\ARM_GCC_541\Debug\nixie_control.a(U.o)
 .debug_info    0x000056d6      0x19a .\CortexM0\ARM_GCC_541\Debug\nixie_control.a(V.o)
 .debug_info    0x00005870      0x19a .\CortexM0\ARM_GCC_541\Debug\nixie_control.a(W.o)
 .debug_info    0x00005a0a      0x19a .\CortexM0\ARM_GCC_541\Debug\nixie_control.a(X.o)
 .debug_info    0x00005ba4      0x19a .\CortexM0\ARM_GCC_541\Debug\nixie_control.a(PB.o)
 .debug_info    0x00005d3e      0x25b .\CortexM0\ARM_GCC_541\Debug\nixie_control.a(Timer.o)
 .debug_info    0x00005f99       0x93 .\CortexM0\ARM_GCC_541\Debug\nixie_control.a(CyBootAsmGnu.o)
 .debug_info    0x0000602c      0x263 .\CortexM0\ARM_GCC_541\Debug\nixie_control.a(CyFlash.o)

.debug_abbrev   0x00000000     0x1e66
 *(.debug_abbrev)
 .debug_abbrev  0x00000000      0x185 .\CortexM0\ARM_GCC_541\Debug\main.o
 .debug_abbrev  0x00000185      0x152 .\CortexM0\ARM_GCC_541\Debug\cyfitter_cfg.o
 .debug_abbrev  0x000002d7       0x5d .\CortexM0\ARM_GCC_541\Debug\cymetadata.o
 .debug_abbrev  0x00000334      0x1c8 .\CortexM0\ARM_GCC_541\Debug\Cm0Start.o
 .debug_abbrev  0x000004fc      0x23c .\CortexM0\ARM_GCC_541\Debug\nixie_control.a(CyLib.o)
 .debug_abbrev  0x00000738      0x22a .\CortexM0\ARM_GCC_541\Debug\nixie_control.a(CyLFClk.o)
 .debug_abbrev  0x00000962       0xaa .\CortexM0\ARM_GCC_541\Debug\nixie_control.a(C.o)
 .debug_abbrev  0x00000a0c       0xaa .\CortexM0\ARM_GCC_541\Debug\nixie_control.a(B.o)
 .debug_abbrev  0x00000ab6       0xaa .\CortexM0\ARM_GCC_541\Debug\nixie_control.a(D.o)
 .debug_abbrev  0x00000b60       0xaa .\CortexM0\ARM_GCC_541\Debug\nixie_control.a(A.o)
 .debug_abbrev  0x00000c0a       0xaa .\CortexM0\ARM_GCC_541\Debug\nixie_control.a(E.o)
 .debug_abbrev  0x00000cb4       0xaa .\CortexM0\ARM_GCC_541\Debug\nixie_control.a(F.o)
 .debug_abbrev  0x00000d5e       0xaa .\CortexM0\ARM_GCC_541\Debug\nixie_control.a(G.o)
 .debug_abbrev  0x00000e08       0xaa .\CortexM0\ARM_GCC_541\Debug\nixie_control.a(H.o)
 .debug_abbrev  0x00000eb2      0x21b .\CortexM0\ARM_GCC_541\Debug\nixie_control.a(RTC.o)
 .debug_abbrev  0x000010cd       0xaa .\CortexM0\ARM_GCC_541\Debug\nixie_control.a(I.o)
 .debug_abbrev  0x00001177       0xaa .\CortexM0\ARM_GCC_541\Debug\nixie_control.a(J.o)
 .debug_abbrev  0x00001221       0xaa .\CortexM0\ARM_GCC_541\Debug\nixie_control.a(K.o)
 .debug_abbrev  0x000012cb       0xaa .\CortexM0\ARM_GCC_541\Debug\nixie_control.a(L.o)
 .debug_abbrev  0x00001375       0xaa .\CortexM0\ARM_GCC_541\Debug\nixie_control.a(M.o)
 .debug_abbrev  0x0000141f       0xaa .\CortexM0\ARM_GCC_541\Debug\nixie_control.a(N.o)
 .debug_abbrev  0x000014c9       0xaa .\CortexM0\ARM_GCC_541\Debug\nixie_control.a(O.o)
 .debug_abbrev  0x00001573       0xaa .\CortexM0\ARM_GCC_541\Debug\nixie_control.a(P.o)
 .debug_abbrev  0x0000161d       0xaa .\CortexM0\ARM_GCC_541\Debug\nixie_control.a(Q.o)
 .debug_abbrev  0x000016c7       0xaa .\CortexM0\ARM_GCC_541\Debug\nixie_control.a(R.o)
 .debug_abbrev  0x00001771       0xaa .\CortexM0\ARM_GCC_541\Debug\nixie_control.a(S.o)
 .debug_abbrev  0x0000181b       0xaa .\CortexM0\ARM_GCC_541\Debug\nixie_control.a(T.o)
 .debug_abbrev  0x000018c5       0xaa .\CortexM0\ARM_GCC_541\Debug\nixie_control.a(U.o)
 .debug_abbrev  0x0000196f       0xaa .\CortexM0\ARM_GCC_541\Debug\nixie_control.a(V.o)
 .debug_abbrev  0x00001a19       0xaa .\CortexM0\ARM_GCC_541\Debug\nixie_control.a(W.o)
 .debug_abbrev  0x00001ac3       0xaa .\CortexM0\ARM_GCC_541\Debug\nixie_control.a(X.o)
 .debug_abbrev  0x00001b6d       0xaa .\CortexM0\ARM_GCC_541\Debug\nixie_control.a(PB.o)
 .debug_abbrev  0x00001c17      0x11b .\CortexM0\ARM_GCC_541\Debug\nixie_control.a(Timer.o)
 .debug_abbrev  0x00001d32       0x14 .\CortexM0\ARM_GCC_541\Debug\nixie_control.a(CyBootAsmGnu.o)
 .debug_abbrev  0x00001d46      0x120 .\CortexM0\ARM_GCC_541\Debug\nixie_control.a(CyFlash.o)

.debug_line     0x00000000     0x335b
 *(.debug_line)
 .debug_line    0x00000000      0x40a .\CortexM0\ARM_GCC_541\Debug\main.o
 .debug_line    0x0000040a      0x1ae .\CortexM0\ARM_GCC_541\Debug\cyfitter_cfg.o
 .debug_line    0x000005b8      0x141 .\CortexM0\ARM_GCC_541\Debug\cymetadata.o
 .debug_line    0x000006f9      0x1d0 .\CortexM0\ARM_GCC_541\Debug\Cm0Start.o
 .debug_line    0x000008c9      0x93a .\CortexM0\ARM_GCC_541\Debug\nixie_control.a(CyLib.o)
 .debug_line    0x00001203      0x708 .\CortexM0\ARM_GCC_541\Debug\nixie_control.a(CyLFClk.o)
 .debug_line    0x0000190b       0xb9 .\CortexM0\ARM_GCC_541\Debug\nixie_control.a(C.o)
 .debug_line    0x000019c4       0xb9 .\CortexM0\ARM_GCC_541\Debug\nixie_control.a(B.o)
 .debug_line    0x00001a7d       0xb9 .\CortexM0\ARM_GCC_541\Debug\nixie_control.a(D.o)
 .debug_line    0x00001b36       0xb9 .\CortexM0\ARM_GCC_541\Debug\nixie_control.a(A.o)
 .debug_line    0x00001bef       0xb9 .\CortexM0\ARM_GCC_541\Debug\nixie_control.a(E.o)
 .debug_line    0x00001ca8       0xb9 .\CortexM0\ARM_GCC_541\Debug\nixie_control.a(F.o)
 .debug_line    0x00001d61       0xb9 .\CortexM0\ARM_GCC_541\Debug\nixie_control.a(G.o)
 .debug_line    0x00001e1a       0xb9 .\CortexM0\ARM_GCC_541\Debug\nixie_control.a(H.o)
 .debug_line    0x00001ed3      0x4c5 .\CortexM0\ARM_GCC_541\Debug\nixie_control.a(RTC.o)
 .debug_line    0x00002398       0xb9 .\CortexM0\ARM_GCC_541\Debug\nixie_control.a(I.o)
 .debug_line    0x00002451       0xb9 .\CortexM0\ARM_GCC_541\Debug\nixie_control.a(J.o)
 .debug_line    0x0000250a       0xb9 .\CortexM0\ARM_GCC_541\Debug\nixie_control.a(K.o)
 .debug_line    0x000025c3       0xb9 .\CortexM0\ARM_GCC_541\Debug\nixie_control.a(L.o)
 .debug_line    0x0000267c       0xb9 .\CortexM0\ARM_GCC_541\Debug\nixie_control.a(M.o)
 .debug_line    0x00002735       0xb9 .\CortexM0\ARM_GCC_541\Debug\nixie_control.a(N.o)
 .debug_line    0x000027ee       0xb9 .\CortexM0\ARM_GCC_541\Debug\nixie_control.a(O.o)
 .debug_line    0x000028a7       0xb9 .\CortexM0\ARM_GCC_541\Debug\nixie_control.a(P.o)
 .debug_line    0x00002960       0xb9 .\CortexM0\ARM_GCC_541\Debug\nixie_control.a(Q.o)
 .debug_line    0x00002a19       0xb9 .\CortexM0\ARM_GCC_541\Debug\nixie_control.a(R.o)
 .debug_line    0x00002ad2       0xb9 .\CortexM0\ARM_GCC_541\Debug\nixie_control.a(S.o)
 .debug_line    0x00002b8b       0xb9 .\CortexM0\ARM_GCC_541\Debug\nixie_control.a(T.o)
 .debug_line    0x00002c44       0xb9 .\CortexM0\ARM_GCC_541\Debug\nixie_control.a(U.o)
 .debug_line    0x00002cfd       0xb9 .\CortexM0\ARM_GCC_541\Debug\nixie_control.a(V.o)
 .debug_line    0x00002db6       0xb9 .\CortexM0\ARM_GCC_541\Debug\nixie_control.a(W.o)
 .debug_line    0x00002e6f       0xb9 .\CortexM0\ARM_GCC_541\Debug\nixie_control.a(X.o)
 .debug_line    0x00002f28       0xba .\CortexM0\ARM_GCC_541\Debug\nixie_control.a(PB.o)
 .debug_line    0x00002fe2      0x16e .\CortexM0\ARM_GCC_541\Debug\nixie_control.a(Timer.o)
 .debug_line    0x00003150       0x68 .\CortexM0\ARM_GCC_541\Debug\nixie_control.a(CyBootAsmGnu.o)
 .debug_line    0x000031b8      0x1a3 .\CortexM0\ARM_GCC_541\Debug\nixie_control.a(CyFlash.o)

.debug_frame    0x00000000     0x2e3c
 *(.debug_frame)
 .debug_frame   0x00000000      0x184 .\CortexM0\ARM_GCC_541\Debug\main.o
 .debug_frame   0x00000184       0xc8 .\CortexM0\ARM_GCC_541\Debug\cyfitter_cfg.o
 .debug_frame   0x0000024c       0xc8 .\CortexM0\ARM_GCC_541\Debug\Cm0Start.o
 .debug_frame   0x00000314      0x924 .\CortexM0\ARM_GCC_541\Debug\nixie_control.a(CyLib.o)
 .debug_frame   0x00000c38      0x5dc .\CortexM0\ARM_GCC_541\Debug\nixie_control.a(CyLFClk.o)
 .debug_frame   0x00001214       0xc8 .\CortexM0\ARM_GCC_541\Debug\nixie_control.a(C.o)
 .debug_frame   0x000012dc       0xc8 .\CortexM0\ARM_GCC_541\Debug\nixie_control.a(B.o)
 .debug_frame   0x000013a4       0xc8 .\CortexM0\ARM_GCC_541\Debug\nixie_control.a(D.o)
 .debug_frame   0x0000146c       0xc8 .\CortexM0\ARM_GCC_541\Debug\nixie_control.a(A.o)
 .debug_frame   0x00001534       0xc8 .\CortexM0\ARM_GCC_541\Debug\nixie_control.a(E.o)
 .debug_frame   0x000015fc       0xc8 .\CortexM0\ARM_GCC_541\Debug\nixie_control.a(F.o)
 .debug_frame   0x000016c4       0xc8 .\CortexM0\ARM_GCC_541\Debug\nixie_control.a(G.o)
 .debug_frame   0x0000178c       0xc8 .\CortexM0\ARM_GCC_541\Debug\nixie_control.a(H.o)
 .debug_frame   0x00001854      0x4ac .\CortexM0\ARM_GCC_541\Debug\nixie_control.a(RTC.o)
 .debug_frame   0x00001d00       0xc8 .\CortexM0\ARM_GCC_541\Debug\nixie_control.a(I.o)
 .debug_frame   0x00001dc8       0xc8 .\CortexM0\ARM_GCC_541\Debug\nixie_control.a(J.o)
 .debug_frame   0x00001e90       0xc8 .\CortexM0\ARM_GCC_541\Debug\nixie_control.a(K.o)
 .debug_frame   0x00001f58       0xc8 .\CortexM0\ARM_GCC_541\Debug\nixie_control.a(L.o)
 .debug_frame   0x00002020       0xc8 .\CortexM0\ARM_GCC_541\Debug\nixie_control.a(M.o)
 .debug_frame   0x000020e8       0xc8 .\CortexM0\ARM_GCC_541\Debug\nixie_control.a(N.o)
 .debug_frame   0x000021b0       0xc8 .\CortexM0\ARM_GCC_541\Debug\nixie_control.a(O.o)
 .debug_frame   0x00002278       0xc8 .\CortexM0\ARM_GCC_541\Debug\nixie_control.a(P.o)
 .debug_frame   0x00002340       0xc8 .\CortexM0\ARM_GCC_541\Debug\nixie_control.a(Q.o)
 .debug_frame   0x00002408       0xc8 .\CortexM0\ARM_GCC_541\Debug\nixie_control.a(R.o)
 .debug_frame   0x000024d0       0xc8 .\CortexM0\ARM_GCC_541\Debug\nixie_control.a(S.o)
 .debug_frame   0x00002598       0xc8 .\CortexM0\ARM_GCC_541\Debug\nixie_control.a(T.o)
 .debug_frame   0x00002660       0xc8 .\CortexM0\ARM_GCC_541\Debug\nixie_control.a(U.o)
 .debug_frame   0x00002728       0xc8 .\CortexM0\ARM_GCC_541\Debug\nixie_control.a(V.o)
 .debug_frame   0x000027f0       0xc8 .\CortexM0\ARM_GCC_541\Debug\nixie_control.a(W.o)
 .debug_frame   0x000028b8       0xc8 .\CortexM0\ARM_GCC_541\Debug\nixie_control.a(X.o)
 .debug_frame   0x00002980       0xc8 .\CortexM0\ARM_GCC_541\Debug\nixie_control.a(PB.o)
 .debug_frame   0x00002a48      0x1cc .\CortexM0\ARM_GCC_541\Debug\nixie_control.a(Timer.o)
 .debug_frame   0x00002c14       0xbc .\CortexM0\ARM_GCC_541\Debug\nixie_control.a(CyFlash.o)
 .debug_frame   0x00002cd0       0x20 c:/program files (x86)/cypress/psoc creator/4.4/psoc creator/import/gnu/arm/5.4.1/bin/../lib/gcc/arm-none-eabi/5.4.1/armv6-m\libgcc.a(_udivsi3.o)
 .debug_frame   0x00002cf0       0x20 c:/program files (x86)/cypress/psoc creator/4.4/psoc creator/import/gnu/arm/5.4.1/bin/../lib/gcc/arm-none-eabi/5.4.1/armv6-m\libgcc.a(_divsi3.o)
 .debug_frame   0x00002d10       0x34 c:/program files (x86)/cypress/psoc creator/4.4/psoc creator/import/gnu/arm/5.4.1/bin/../lib/gcc/arm-none-eabi/5.4.1/armv6-m\libgcc.a(_muldi3.o)
 .debug_frame   0x00002d44       0x3c c:/program files (x86)/cypress/psoc creator/4.4/psoc creator/import/gnu/arm/5.4.1/bin/../lib/gcc/arm-none-eabi/5.4.1/armv6-m\libgcc.a(_udivmoddi4.o)
 .debug_frame   0x00002d80       0x20 c:/program files (x86)/cypress/psoc creator/4.4/psoc creator/import/gnu/arm/5.4.1/bin/../lib/gcc/arm-none-eabi/5.4.1/../../../../arm-none-eabi/lib/armv6-m\libg_nano.a(lib_a-errno.o)
 .debug_frame   0x00002da0       0x28 c:/program files (x86)/cypress/psoc creator/4.4/psoc creator/import/gnu/arm/5.4.1/bin/../lib/gcc/arm-none-eabi/5.4.1/../../../../arm-none-eabi/lib/armv6-m\libg_nano.a(lib_a-exit.o)
 .debug_frame   0x00002dc8       0x2c c:/program files (x86)/cypress/psoc creator/4.4/psoc creator/import/gnu/arm/5.4.1/bin/../lib/gcc/arm-none-eabi/5.4.1/../../../../arm-none-eabi/lib/armv6-m\libg_nano.a(lib_a-init.o)
 .debug_frame   0x00002df4       0x28 c:/program files (x86)/cypress/psoc creator/4.4/psoc creator/import/gnu/arm/5.4.1/bin/../lib/gcc/arm-none-eabi/5.4.1/../../../../arm-none-eabi/lib/armv6-m\libg_nano.a(lib_a-memcpy-stub.o)
 .debug_frame   0x00002e1c       0x20 c:/program files (x86)/cypress/psoc creator/4.4/psoc creator/import/gnu/arm/5.4.1/bin/../lib/gcc/arm-none-eabi/5.4.1/../../../../arm-none-eabi/lib/armv6-m\libg_nano.a(lib_a-memset.o)

.debug_str      0x00000000     0x2671
 *(.debug_str)
 .debug_str     0x00000000      0x247 .\CortexM0\ARM_GCC_541\Debug\main.o
                                0x299 (size before relaxing)
 .debug_str     0x00000247      0x257 .\CortexM0\ARM_GCC_541\Debug\cyfitter_cfg.o
                                0x3f0 (size before relaxing)
 .debug_str     0x0000049e       0x63 .\CortexM0\ARM_GCC_541\Debug\cymetadata.o
                                0x1cb (size before relaxing)
 .debug_str     0x00000501      0x11f .\CortexM0\ARM_GCC_541\Debug\Cm0Start.o
                                0x2d1 (size before relaxing)
 .debug_str     0x00000620      0x8f5 .\CortexM0\ARM_GCC_541\Debug\nixie_control.a(CyLib.o)
                                0xadb (size before relaxing)
 .debug_str     0x00000f15      0x6f5 .\CortexM0\ARM_GCC_541\Debug\nixie_control.a(CyLFClk.o)
                                0x8e2 (size before relaxing)
 .debug_str     0x0000160a       0x8f .\CortexM0\ARM_GCC_541\Debug\nixie_control.a(C.o)
                                0x21d (size before relaxing)
 .debug_str     0x00001699       0x1b .\CortexM0\ARM_GCC_541\Debug\nixie_control.a(B.o)
                                0x21d (size before relaxing)
 .debug_str     0x000016b4       0x6b .\CortexM0\ARM_GCC_541\Debug\nixie_control.a(D.o)
                                0x21d (size before relaxing)
 .debug_str     0x0000171f       0x6b .\CortexM0\ARM_GCC_541\Debug\nixie_control.a(A.o)
                                0x21d (size before relaxing)
 .debug_str     0x0000178a       0x6b .\CortexM0\ARM_GCC_541\Debug\nixie_control.a(E.o)
                                0x21d (size before relaxing)
 .debug_str     0x000017f5       0x6b .\CortexM0\ARM_GCC_541\Debug\nixie_control.a(F.o)
                                0x21d (size before relaxing)
 .debug_str     0x00001860       0x6b .\CortexM0\ARM_GCC_541\Debug\nixie_control.a(G.o)
                                0x21d (size before relaxing)
 .debug_str     0x000018cb       0x6b .\CortexM0\ARM_GCC_541\Debug\nixie_control.a(H.o)
                                0x21d (size before relaxing)
 .debug_str     0x00001936      0x3db .\CortexM0\ARM_GCC_541\Debug\nixie_control.a(RTC.o)
                                0x613 (size before relaxing)
 .debug_str     0x00001d11       0x6b .\CortexM0\ARM_GCC_541\Debug\nixie_control.a(I.o)
                                0x21d (size before relaxing)
 .debug_str     0x00001d7c       0x6b .\CortexM0\ARM_GCC_541\Debug\nixie_control.a(J.o)
                                0x21d (size before relaxing)
 .debug_str     0x00001de7       0x6b .\CortexM0\ARM_GCC_541\Debug\nixie_control.a(K.o)
                                0x21d (size before relaxing)
 .debug_str     0x00001e52       0x6b .\CortexM0\ARM_GCC_541\Debug\nixie_control.a(L.o)
                                0x21d (size before relaxing)
 .debug_str     0x00001ebd       0x6b .\CortexM0\ARM_GCC_541\Debug\nixie_control.a(M.o)
                                0x21d (size before relaxing)
 .debug_str     0x00001f28       0x6b .\CortexM0\ARM_GCC_541\Debug\nixie_control.a(N.o)
                                0x21d (size before relaxing)
 .debug_str     0x00001f93       0x6b .\CortexM0\ARM_GCC_541\Debug\nixie_control.a(O.o)
                                0x21d (size before relaxing)
 .debug_str     0x00001ffe       0x6b .\CortexM0\ARM_GCC_541\Debug\nixie_control.a(P.o)
                                0x21d (size before relaxing)
 .debug_str     0x00002069       0x6b .\CortexM0\ARM_GCC_541\Debug\nixie_control.a(Q.o)
                                0x21d (size before relaxing)
 .debug_str     0x000020d4       0x6b .\CortexM0\ARM_GCC_541\Debug\nixie_control.a(R.o)
                                0x21d (size before relaxing)
 .debug_str     0x0000213f       0x6b .\CortexM0\ARM_GCC_541\Debug\nixie_control.a(S.o)
                                0x21d (size before relaxing)
 .debug_str     0x000021aa       0x6b .\CortexM0\ARM_GCC_541\Debug\nixie_control.a(T.o)
                                0x21d (size before relaxing)
 .debug_str     0x00002215       0x6b .\CortexM0\ARM_GCC_541\Debug\nixie_control.a(U.o)
                                0x21d (size before relaxing)
 .debug_str     0x00002280       0x6b .\CortexM0\ARM_GCC_541\Debug\nixie_control.a(V.o)
                                0x21d (size before relaxing)
 .debug_str     0x000022eb       0x6b .\CortexM0\ARM_GCC_541\Debug\nixie_control.a(W.o)
                                0x21d (size before relaxing)
 .debug_str     0x00002356       0x6b .\CortexM0\ARM_GCC_541\Debug\nixie_control.a(X.o)
                                0x21d (size before relaxing)
 .debug_str     0x000023c1       0x72 .\CortexM0\ARM_GCC_541\Debug\nixie_control.a(PB.o)
                                0x224 (size before relaxing)
 .debug_str     0x00002433      0x17b .\CortexM0\ARM_GCC_541\Debug\nixie_control.a(Timer.o)
                                0x311 (size before relaxing)
 .debug_str     0x000025ae       0xc3 .\CortexM0\ARM_GCC_541\Debug\nixie_control.a(CyFlash.o)
                                0x278 (size before relaxing)

.debug_loc
 *(.debug_loc)

.debug_macinfo
 *(.debug_macinfo)

.debug_ranges   0x00000000      0xbf8
 *(.debug_ranges)
 .debug_ranges  0x00000000       0x68 .\CortexM0\ARM_GCC_541\Debug\main.o
 .debug_ranges  0x00000068       0x38 .\CortexM0\ARM_GCC_541\Debug\cyfitter_cfg.o
 .debug_ranges  0x000000a0       0x38 .\CortexM0\ARM_GCC_541\Debug\Cm0Start.o
 .debug_ranges  0x000000d8      0x250 .\CortexM0\ARM_GCC_541\Debug\nixie_control.a(CyLib.o)
 .debug_ranges  0x00000328      0x180 .\CortexM0\ARM_GCC_541\Debug\nixie_control.a(CyLFClk.o)
 .debug_ranges  0x000004a8       0x38 .\CortexM0\ARM_GCC_541\Debug\nixie_control.a(C.o)
 .debug_ranges  0x000004e0       0x38 .\CortexM0\ARM_GCC_541\Debug\nixie_control.a(B.o)
 .debug_ranges  0x00000518       0x38 .\CortexM0\ARM_GCC_541\Debug\nixie_control.a(D.o)
 .debug_ranges  0x00000550       0x38 .\CortexM0\ARM_GCC_541\Debug\nixie_control.a(A.o)
 .debug_ranges  0x00000588       0x38 .\CortexM0\ARM_GCC_541\Debug\nixie_control.a(E.o)
 .debug_ranges  0x000005c0       0x38 .\CortexM0\ARM_GCC_541\Debug\nixie_control.a(F.o)
 .debug_ranges  0x000005f8       0x38 .\CortexM0\ARM_GCC_541\Debug\nixie_control.a(G.o)
 .debug_ranges  0x00000630       0x38 .\CortexM0\ARM_GCC_541\Debug\nixie_control.a(H.o)
 .debug_ranges  0x00000668      0x128 .\CortexM0\ARM_GCC_541\Debug\nixie_control.a(RTC.o)
 .debug_ranges  0x00000790       0x38 .\CortexM0\ARM_GCC_541\Debug\nixie_control.a(I.o)
 .debug_ranges  0x000007c8       0x38 .\CortexM0\ARM_GCC_541\Debug\nixie_control.a(J.o)
 .debug_ranges  0x00000800       0x38 .\CortexM0\ARM_GCC_541\Debug\nixie_control.a(K.o)
 .debug_ranges  0x00000838       0x38 .\CortexM0\ARM_GCC_541\Debug\nixie_control.a(L.o)
 .debug_ranges  0x00000870       0x38 .\CortexM0\ARM_GCC_541\Debug\nixie_control.a(M.o)
 .debug_ranges  0x000008a8       0x38 .\CortexM0\ARM_GCC_541\Debug\nixie_control.a(N.o)
 .debug_ranges  0x000008e0       0x38 .\CortexM0\ARM_GCC_541\Debug\nixie_control.a(O.o)
 .debug_ranges  0x00000918       0x38 .\CortexM0\ARM_GCC_541\Debug\nixie_control.a(P.o)
 .debug_ranges  0x00000950       0x38 .\CortexM0\ARM_GCC_541\Debug\nixie_control.a(Q.o)
 .debug_ranges  0x00000988       0x38 .\CortexM0\ARM_GCC_541\Debug\nixie_control.a(R.o)
 .debug_ranges  0x000009c0       0x38 .\CortexM0\ARM_GCC_541\Debug\nixie_control.a(S.o)
 .debug_ranges  0x000009f8       0x38 .\CortexM0\ARM_GCC_541\Debug\nixie_control.a(T.o)
 .debug_ranges  0x00000a30       0x38 .\CortexM0\ARM_GCC_541\Debug\nixie_control.a(U.o)
 .debug_ranges  0x00000a68       0x38 .\CortexM0\ARM_GCC_541\Debug\nixie_control.a(V.o)
 .debug_ranges  0x00000aa0       0x38 .\CortexM0\ARM_GCC_541\Debug\nixie_control.a(W.o)
 .debug_ranges  0x00000ad8       0x38 .\CortexM0\ARM_GCC_541\Debug\nixie_control.a(X.o)
 .debug_ranges  0x00000b10       0x38 .\CortexM0\ARM_GCC_541\Debug\nixie_control.a(PB.o)
 .debug_ranges  0x00000b48       0x80 .\CortexM0\ARM_GCC_541\Debug\nixie_control.a(Timer.o)
 .debug_ranges  0x00000bc8       0x30 .\CortexM0\ARM_GCC_541\Debug\nixie_control.a(CyFlash.o)

.comment        0x00000000       0x6e
 .comment       0x00000000       0x6e .\CortexM0\ARM_GCC_541\Debug\main.o
                                 0x6f (size before relaxing)
 .comment       0x0000006e       0x6f .\CortexM0\ARM_GCC_541\Debug\cyfitter_cfg.o
 .comment       0x0000006e       0x6f .\CortexM0\ARM_GCC_541\Debug\cymetadata.o
 .comment       0x0000006e       0x6f .\CortexM0\ARM_GCC_541\Debug\Cm0Start.o
 .comment       0x0000006e       0x6f .\CortexM0\ARM_GCC_541\Debug\nixie_control.a(CyLib.o)
 .comment       0x0000006e       0x6f .\CortexM0\ARM_GCC_541\Debug\nixie_control.a(CyLFClk.o)
 .comment       0x0000006e       0x6f .\CortexM0\ARM_GCC_541\Debug\nixie_control.a(C.o)
 .comment       0x0000006e       0x6f .\CortexM0\ARM_GCC_541\Debug\nixie_control.a(B.o)
 .comment       0x0000006e       0x6f .\CortexM0\ARM_GCC_541\Debug\nixie_control.a(D.o)
 .comment       0x0000006e       0x6f .\CortexM0\ARM_GCC_541\Debug\nixie_control.a(A.o)
 .comment       0x0000006e       0x6f .\CortexM0\ARM_GCC_541\Debug\nixie_control.a(E.o)
 .comment       0x0000006e       0x6f .\CortexM0\ARM_GCC_541\Debug\nixie_control.a(F.o)
 .comment       0x0000006e       0x6f .\CortexM0\ARM_GCC_541\Debug\nixie_control.a(G.o)
 .comment       0x0000006e       0x6f .\CortexM0\ARM_GCC_541\Debug\nixie_control.a(H.o)
 .comment       0x0000006e       0x6f .\CortexM0\ARM_GCC_541\Debug\nixie_control.a(RTC.o)
 .comment       0x0000006e       0x6f .\CortexM0\ARM_GCC_541\Debug\nixie_control.a(I.o)
 .comment       0x0000006e       0x6f .\CortexM0\ARM_GCC_541\Debug\nixie_control.a(J.o)
 .comment       0x0000006e       0x6f .\CortexM0\ARM_GCC_541\Debug\nixie_control.a(K.o)
 .comment       0x0000006e       0x6f .\CortexM0\ARM_GCC_541\Debug\nixie_control.a(L.o)
 .comment       0x0000006e       0x6f .\CortexM0\ARM_GCC_541\Debug\nixie_control.a(M.o)
 .comment       0x0000006e       0x6f .\CortexM0\ARM_GCC_541\Debug\nixie_control.a(N.o)
 .comment       0x0000006e       0x6f .\CortexM0\ARM_GCC_541\Debug\nixie_control.a(O.o)
 .comment       0x0000006e       0x6f .\CortexM0\ARM_GCC_541\Debug\nixie_control.a(P.o)
 .comment       0x0000006e       0x6f .\CortexM0\ARM_GCC_541\Debug\nixie_control.a(Q.o)
 .comment       0x0000006e       0x6f .\CortexM0\ARM_GCC_541\Debug\nixie_control.a(R.o)
 .comment       0x0000006e       0x6f .\CortexM0\ARM_GCC_541\Debug\nixie_control.a(S.o)
 .comment       0x0000006e       0x6f .\CortexM0\ARM_GCC_541\Debug\nixie_control.a(T.o)
 .comment       0x0000006e       0x6f .\CortexM0\ARM_GCC_541\Debug\nixie_control.a(U.o)
 .comment       0x0000006e       0x6f .\CortexM0\ARM_GCC_541\Debug\nixie_control.a(V.o)
 .comment       0x0000006e       0x6f .\CortexM0\ARM_GCC_541\Debug\nixie_control.a(W.o)
 .comment       0x0000006e       0x6f .\CortexM0\ARM_GCC_541\Debug\nixie_control.a(X.o)
 .comment       0x0000006e       0x6f .\CortexM0\ARM_GCC_541\Debug\nixie_control.a(PB.o)
 .comment       0x0000006e       0x6f .\CortexM0\ARM_GCC_541\Debug\nixie_control.a(Timer.o)
 .comment       0x0000006e       0x6f .\CortexM0\ARM_GCC_541\Debug\nixie_control.a(CyFlash.o)

.debug_weaknames
 *(.debug_weaknames)

.debug_funcnames
 *(.debug_funcnames)

.debug_typenames
 *(.debug_typenames)

.debug_varnames
 *(.debug_varnames)

.note.gnu.arm.ident
 *(.note.gnu.arm.ident)

.ARM.attributes
                0x00000000       0x28
 *(.ARM.attributes)
 .ARM.attributes
                0x00000000       0x1e c:/program files (x86)/cypress/psoc creator/4.4/psoc creator/import/gnu/arm/5.4.1/bin/../lib/gcc/arm-none-eabi/5.4.1/armv6-m/crti.o
 .ARM.attributes
                0x0000001e       0x2c c:/program files (x86)/cypress/psoc creator/4.4/psoc creator/import/gnu/arm/5.4.1/bin/../lib/gcc/arm-none-eabi/5.4.1/armv6-m/crtbegin.o
 .ARM.attributes
                0x0000004a       0x1b c:/program files (x86)/cypress/psoc creator/4.4/psoc creator/import/gnu/arm/5.4.1/bin/../lib/gcc/arm-none-eabi/5.4.1/../../../../arm-none-eabi/lib/armv6-m/crt0.o
 .ARM.attributes
                0x00000065       0x31 .\CortexM0\ARM_GCC_541\Debug\main.o
 .ARM.attributes
                0x00000096       0x31 .\CortexM0\ARM_GCC_541\Debug\cyfitter_cfg.o
 .ARM.attributes
                0x000000c7       0x31 .\CortexM0\ARM_GCC_541\Debug\cymetadata.o
 .ARM.attributes
                0x000000f8       0x31 .\CortexM0\ARM_GCC_541\Debug\Cm0Start.o
 .ARM.attributes
                0x00000129       0x31 .\CortexM0\ARM_GCC_541\Debug\nixie_control.a(CyLib.o)
 .ARM.attributes
                0x0000015a       0x31 .\CortexM0\ARM_GCC_541\Debug\nixie_control.a(CyLFClk.o)
 .ARM.attributes
                0x0000018b       0x31 .\CortexM0\ARM_GCC_541\Debug\nixie_control.a(C.o)
 .ARM.attributes
                0x000001bc       0x31 .\CortexM0\ARM_GCC_541\Debug\nixie_control.a(B.o)
 .ARM.attributes
                0x000001ed       0x31 .\CortexM0\ARM_GCC_541\Debug\nixie_control.a(D.o)
 .ARM.attributes
                0x0000021e       0x31 .\CortexM0\ARM_GCC_541\Debug\nixie_control.a(A.o)
 .ARM.attributes
                0x0000024f       0x31 .\CortexM0\ARM_GCC_541\Debug\nixie_control.a(E.o)
 .ARM.attributes
                0x00000280       0x31 .\CortexM0\ARM_GCC_541\Debug\nixie_control.a(F.o)
 .ARM.attributes
                0x000002b1       0x31 .\CortexM0\ARM_GCC_541\Debug\nixie_control.a(G.o)
 .ARM.attributes
                0x000002e2       0x31 .\CortexM0\ARM_GCC_541\Debug\nixie_control.a(H.o)
 .ARM.attributes
                0x00000313       0x31 .\CortexM0\ARM_GCC_541\Debug\nixie_control.a(RTC.o)
 .ARM.attributes
                0x00000344       0x31 .\CortexM0\ARM_GCC_541\Debug\nixie_control.a(I.o)
 .ARM.attributes
                0x00000375       0x31 .\CortexM0\ARM_GCC_541\Debug\nixie_control.a(J.o)
 .ARM.attributes
                0x000003a6       0x31 .\CortexM0\ARM_GCC_541\Debug\nixie_control.a(K.o)
 .ARM.attributes
                0x000003d7       0x31 .\CortexM0\ARM_GCC_541\Debug\nixie_control.a(L.o)
 .ARM.attributes
                0x00000408       0x31 .\CortexM0\ARM_GCC_541\Debug\nixie_control.a(M.o)
 .ARM.attributes
                0x00000439       0x31 .\CortexM0\ARM_GCC_541\Debug\nixie_control.a(N.o)
 .ARM.attributes
                0x0000046a       0x31 .\CortexM0\ARM_GCC_541\Debug\nixie_control.a(O.o)
 .ARM.attributes
                0x0000049b       0x31 .\CortexM0\ARM_GCC_541\Debug\nixie_control.a(P.o)
 .ARM.attributes
                0x000004cc       0x31 .\CortexM0\ARM_GCC_541\Debug\nixie_control.a(Q.o)
 .ARM.attributes
                0x000004fd       0x31 .\CortexM0\ARM_GCC_541\Debug\nixie_control.a(R.o)
 .ARM.attributes
                0x0000052e       0x31 .\CortexM0\ARM_GCC_541\Debug\nixie_control.a(S.o)
 .ARM.attributes
                0x0000055f       0x31 .\CortexM0\ARM_GCC_541\Debug\nixie_control.a(T.o)
 .ARM.attributes
                0x00000590       0x31 .\CortexM0\ARM_GCC_541\Debug\nixie_control.a(U.o)
 .ARM.attributes
                0x000005c1       0x31 .\CortexM0\ARM_GCC_541\Debug\nixie_control.a(V.o)
 .ARM.attributes
                0x000005f2       0x31 .\CortexM0\ARM_GCC_541\Debug\nixie_control.a(W.o)
 .ARM.attributes
                0x00000623       0x31 .\CortexM0\ARM_GCC_541\Debug\nixie_control.a(X.o)
 .ARM.attributes
                0x00000654       0x31 .\CortexM0\ARM_GCC_541\Debug\nixie_control.a(PB.o)
 .ARM.attributes
                0x00000685       0x31 .\CortexM0\ARM_GCC_541\Debug\nixie_control.a(Timer.o)
 .ARM.attributes
                0x000006b6       0x21 .\CortexM0\ARM_GCC_541\Debug\nixie_control.a(CyBootAsmGnu.o)
 .ARM.attributes
                0x000006d7       0x31 .\CortexM0\ARM_GCC_541\Debug\nixie_control.a(CyFlash.o)
 .ARM.attributes
                0x00000708       0x1e c:/program files (x86)/cypress/psoc creator/4.4/psoc creator/import/gnu/arm/5.4.1/bin/../lib/gcc/arm-none-eabi/5.4.1/armv6-m\libgcc.a(_udivsi3.o)
 .ARM.attributes
                0x00000726       0x1e c:/program files (x86)/cypress/psoc creator/4.4/psoc creator/import/gnu/arm/5.4.1/bin/../lib/gcc/arm-none-eabi/5.4.1/armv6-m\libgcc.a(_divsi3.o)
 .ARM.attributes
                0x00000744       0x1e c:/program files (x86)/cypress/psoc creator/4.4/psoc creator/import/gnu/arm/5.4.1/bin/../lib/gcc/arm-none-eabi/5.4.1/armv6-m\libgcc.a(_dvmd_tls.o)
 .ARM.attributes
                0x00000762       0x1e c:/program files (x86)/cypress/psoc creator/4.4/psoc creator/import/gnu/arm/5.4.1/bin/../lib/gcc/arm-none-eabi/5.4.1/armv6-m\libgcc.a(_aeabi_uldivmod.o)
 .ARM.attributes
                0x00000780       0x2c c:/program files (x86)/cypress/psoc creator/4.4/psoc creator/import/gnu/arm/5.4.1/bin/../lib/gcc/arm-none-eabi/5.4.1/armv6-m\libgcc.a(_muldi3.o)
 .ARM.attributes
                0x000007ac       0x2c c:/program files (x86)/cypress/psoc creator/4.4/psoc creator/import/gnu/arm/5.4.1/bin/../lib/gcc/arm-none-eabi/5.4.1/armv6-m\libgcc.a(_udivmoddi4.o)
 .ARM.attributes
                0x000007d8       0x1e c:/program files (x86)/cypress/psoc creator/4.4/psoc creator/import/gnu/arm/5.4.1/bin/../lib/gcc/arm-none-eabi/5.4.1/armv6-m\libgcc.a(_clzdi2.o)
 .ARM.attributes
                0x000007f6       0x1e c:/program files (x86)/cypress/psoc creator/4.4/psoc creator/import/gnu/arm/5.4.1/bin/../lib/gcc/arm-none-eabi/5.4.1/armv6-m\libgcc.a(_clzsi2.o)
 .ARM.attributes
                0x00000814       0x2c c:/program files (x86)/cypress/psoc creator/4.4/psoc creator/import/gnu/arm/5.4.1/bin/../lib/gcc/arm-none-eabi/5.4.1/../../../../arm-none-eabi/lib/armv6-m\libg_nano.a(lib_a-errno.o)
 .ARM.attributes
                0x00000840       0x2c c:/program files (x86)/cypress/psoc creator/4.4/psoc creator/import/gnu/arm/5.4.1/bin/../lib/gcc/arm-none-eabi/5.4.1/../../../../arm-none-eabi/lib/armv6-m\libg_nano.a(lib_a-exit.o)
 .ARM.attributes
                0x0000086c       0x2c c:/program files (x86)/cypress/psoc creator/4.4/psoc creator/import/gnu/arm/5.4.1/bin/../lib/gcc/arm-none-eabi/5.4.1/../../../../arm-none-eabi/lib/armv6-m\libg_nano.a(lib_a-impure.o)
 .ARM.attributes
                0x00000898       0x2c c:/program files (x86)/cypress/psoc creator/4.4/psoc creator/import/gnu/arm/5.4.1/bin/../lib/gcc/arm-none-eabi/5.4.1/../../../../arm-none-eabi/lib/armv6-m\libg_nano.a(lib_a-init.o)
 .ARM.attributes
                0x000008c4       0x2c c:/program files (x86)/cypress/psoc creator/4.4/psoc creator/import/gnu/arm/5.4.1/bin/../lib/gcc/arm-none-eabi/5.4.1/../../../../arm-none-eabi/lib/armv6-m\libg_nano.a(lib_a-memcpy-stub.o)
 .ARM.attributes
                0x000008f0       0x2c c:/program files (x86)/cypress/psoc creator/4.4/psoc creator/import/gnu/arm/5.4.1/bin/../lib/gcc/arm-none-eabi/5.4.1/../../../../arm-none-eabi/lib/armv6-m\libg_nano.a(lib_a-memset.o)
 .ARM.attributes
                0x0000091c       0x2c c:/program files (x86)/cypress/psoc creator/4.4/psoc creator/import/gnu/arm/5.4.1/bin/../lib/gcc/arm-none-eabi/5.4.1/armv6-m/crtend.o
 .ARM.attributes
                0x00000948       0x1e c:/program files (x86)/cypress/psoc creator/4.4/psoc creator/import/gnu/arm/5.4.1/bin/../lib/gcc/arm-none-eabi/5.4.1/armv6-m/crtn.o

/DISCARD/
 *(.note.GNU-stack)
OUTPUT(C:\Users\Jason\Desktop\github\nixie-psoc-project\nixie_control.cydsn\CortexM0\ARM_GCC_541\Debug\nixie_control.elf elf32-littlearm)
