Archive member included to satisfy reference by file (symbol)

.\CortexM0\ARM_GCC_541\Debug\nixie_control.a(CyLib.o)
                              .\CortexM0\ARM_GCC_541\Debug\main.o (CyDelay)
.\CortexM0\ARM_GCC_541\Debug\nixie_control.a(CyLFClk.o)
                              .\CortexM0\ARM_GCC_541\Debug\cyfitter_cfg.o (CySysClkWcoStart)
.\CortexM0\ARM_GCC_541\Debug\nixie_control.a(C.o)
                              .\CortexM0\ARM_GCC_541\Debug\main.o (C_Write)
.\CortexM0\ARM_GCC_541\Debug\nixie_control.a(B.o)
                              .\CortexM0\ARM_GCC_541\Debug\main.o (B_Write)
.\CortexM0\ARM_GCC_541\Debug\nixie_control.a(D.o)
                              .\CortexM0\ARM_GCC_541\Debug\main.o (D_Write)
.\CortexM0\ARM_GCC_541\Debug\nixie_control.a(A.o)
                              .\CortexM0\ARM_GCC_541\Debug\main.o (A_Write)
.\CortexM0\ARM_GCC_541\Debug\nixie_control.a(E.o)
                              .\CortexM0\ARM_GCC_541\Debug\main.o (E_Write)
.\CortexM0\ARM_GCC_541\Debug\nixie_control.a(F.o)
                              .\CortexM0\ARM_GCC_541\Debug\main.o (F_Write)
.\CortexM0\ARM_GCC_541\Debug\nixie_control.a(G.o)
                              .\CortexM0\ARM_GCC_541\Debug\main.o (G_Write)
.\CortexM0\ARM_GCC_541\Debug\nixie_control.a(H.o)
                              .\CortexM0\ARM_GCC_541\Debug\main.o (H_Write)
.\CortexM0\ARM_GCC_541\Debug\nixie_control.a(RTC.o)
                              .\CortexM0\ARM_GCC_541\Debug\main.o (RTC_Update)
.\CortexM0\ARM_GCC_541\Debug\nixie_control.a(I.o)
                              .\CortexM0\ARM_GCC_541\Debug\main.o (I_Write)
.\CortexM0\ARM_GCC_541\Debug\nixie_control.a(J.o)
                              .\CortexM0\ARM_GCC_541\Debug\main.o (J_Write)
.\CortexM0\ARM_GCC_541\Debug\nixie_control.a(K.o)
                              .\CortexM0\ARM_GCC_541\Debug\main.o (K_Write)
.\CortexM0\ARM_GCC_541\Debug\nixie_control.a(L.o)
                              .\CortexM0\ARM_GCC_541\Debug\main.o (L_Write)
.\CortexM0\ARM_GCC_541\Debug\nixie_control.a(M.o)
                              .\CortexM0\ARM_GCC_541\Debug\main.o (M_Write)
.\CortexM0\ARM_GCC_541\Debug\nixie_control.a(N.o)
                              .\CortexM0\ARM_GCC_541\Debug\main.o (N_Write)
.\CortexM0\ARM_GCC_541\Debug\nixie_control.a(O.o)
                              .\CortexM0\ARM_GCC_541\Debug\main.o (O_Write)
.\CortexM0\ARM_GCC_541\Debug\nixie_control.a(P.o)
                              .\CortexM0\ARM_GCC_541\Debug\main.o (P_Write)
.\CortexM0\ARM_GCC_541\Debug\nixie_control.a(Q.o)
                              .\CortexM0\ARM_GCC_541\Debug\main.o (Q_Write)
.\CortexM0\ARM_GCC_541\Debug\nixie_control.a(R.o)
                              .\CortexM0\ARM_GCC_541\Debug\main.o (R_Write)
.\CortexM0\ARM_GCC_541\Debug\nixie_control.a(S.o)
                              .\CortexM0\ARM_GCC_541\Debug\main.o (S_Write)
.\CortexM0\ARM_GCC_541\Debug\nixie_control.a(T.o)
                              .\CortexM0\ARM_GCC_541\Debug\main.o (T_Write)
.\CortexM0\ARM_GCC_541\Debug\nixie_control.a(U.o)
                              .\CortexM0\ARM_GCC_541\Debug\main.o (U_Write)
.\CortexM0\ARM_GCC_541\Debug\nixie_control.a(V.o)
                              .\CortexM0\ARM_GCC_541\Debug\main.o (V_Write)
.\CortexM0\ARM_GCC_541\Debug\nixie_control.a(W.o)
                              .\CortexM0\ARM_GCC_541\Debug\main.o (W_Write)
.\CortexM0\ARM_GCC_541\Debug\nixie_control.a(X.o)
                              .\CortexM0\ARM_GCC_541\Debug\main.o (X_Write)
.\CortexM0\ARM_GCC_541\Debug\nixie_control.a(PB.o)
                              .\CortexM0\ARM_GCC_541\Debug\main.o (PB_Read)
.\CortexM0\ARM_GCC_541\Debug\nixie_control.a(Timer.o)
                              .\CortexM0\ARM_GCC_541\Debug\main.o (Timer_Start)
.\CortexM0\ARM_GCC_541\Debug\nixie_control.a(Pin_2.o)
                              .\CortexM0\ARM_GCC_541\Debug\main.o (Pin_2_Write)
.\CortexM0\ARM_GCC_541\Debug\nixie_control.a(CyBootAsmGnu.o)
                              .\CortexM0\ARM_GCC_541\Debug\cyfitter_cfg.o (CyDelayCycles)
.\CortexM0\ARM_GCC_541\Debug\nixie_control.a(CyFlash.o)
                              .\CortexM0\ARM_GCC_541\Debug\nixie_control.a(CyLib.o) (CySysFlashSetWaitCycles)
c:/program files (x86)/cypress/psoc creator/4.4/psoc creator/import/gnu/arm/5.4.1/bin/../lib/gcc/arm-none-eabi/5.4.1/armv6-m\libgcc.a(_udivsi3.o)
                              .\CortexM0\ARM_GCC_541\Debug\main.o (__aeabi_uidiv)
c:/program files (x86)/cypress/psoc creator/4.4/psoc creator/import/gnu/arm/5.4.1/bin/../lib/gcc/arm-none-eabi/5.4.1/armv6-m\libgcc.a(_divsi3.o)
                              .\CortexM0\ARM_GCC_541\Debug\nixie_control.a(CyLib.o) (__aeabi_idiv)
c:/program files (x86)/cypress/psoc creator/4.4/psoc creator/import/gnu/arm/5.4.1/bin/../lib/gcc/arm-none-eabi/5.4.1/armv6-m\libgcc.a(_dvmd_tls.o)
[...]
Memory Configuration

Name             Origin             Length             Attributes
rom              0x00000000         0x00040000         xr
ram              0x20000000         0x00008000         xrw
*default*        0x00000000         0xffffffff

Linker script and memory map

LOAD c:/program files (x86)/cypress/psoc creator/4.4/psoc creator/import/gnu/arm/5.4.1/bin/../lib/gcc/arm-none-eabi/5.4.1/armv6-m/crti.o
LOAD c:/program files (x86)/cypress/psoc creator/4.4/psoc creator/import/gnu/arm/5.4.1/bin/../lib/gcc/arm-none-eabi/5.4.1/armv6-m/crtbegin.o
LOAD c:/program files (x86)/cypress/psoc creator/4.4/psoc creator/import/gnu/arm/5.4.1/bin/../lib/gcc/arm-none-eabi/5.4.1/../../../../arm-none-eabi/lib/armv6-m/crt0.o
START GROUP
LOAD .\CortexM0\ARM_GCC_541\Debug\main.o
LOAD .\CortexM0\ARM_GCC_541\Debug\cyfitter_cfg.o
LOAD .\CortexM0\ARM_GCC_541\Debug\cymetadata.o
LOAD .\CortexM0\ARM_GCC_541\Debug\Cm0Start.o
LOAD .\CortexM0\ARM_GCC_541\Debug\nixie_control.a
END GROUP
START GROUP
LOAD c:/program files (x86)/cypress/psoc creator/4.4/psoc creator/import/gnu/arm/5.4.1/bin/../lib/gcc/arm-none-eabi/5.4.1/armv6-m\libgcc.a
LOAD c:/program files (x86)/cypress/psoc creator/4.4/psoc creator/import/gnu/arm/5.4.1/bin/../lib/gcc/arm-none-eabi/5.4.1/../../../../arm-none-eabi/lib/armv6-m\libg_nano.a
LOAD c:/program files (x86)/cypress/psoc creator/4.4/psoc creator/import/gnu/arm/5.4.1/bin/../lib/gcc/arm-none-eabi/5.4.1/../../../../arm-none-eabi/lib/armv6-m\libc_nano.a
END GROUP
START GROUP
LOAD c:/program files (x86)/cypress/psoc creator/4.4/psoc creator/import/gnu/arm/5.4.1/bin/../lib/gcc/arm-none-eabi/5.4.1/armv6-m\libgcc.a
LOAD c:/program files (x86)/cypress/psoc creator/4.4/psoc creator/import/gnu/arm/5.4.1/bin/../lib/gcc/arm-none-eabi/5.4.1/../../../../arm-none-eabi/lib/armv6-m\libc_nano.a
END GROUP
LOAD c:/program files (x86)/cypress/psoc creator/4.4/psoc creator/import/gnu/arm/5.4.1/bin/../lib/gcc/arm-none-eabi/5.4.1/armv6-m/crtend.o
LOAD c:/program files (x86)/cypress/psoc creator/4.4/psoc creator/import/gnu/arm/5.4.1/bin/../lib/gcc/arm-none-eabi/5.4.1/armv6-m/crtn.o
START GROUP
LOAD c:/program files (x86)/cypress/psoc creator/4.4/psoc creator/import/gnu/arm/5.4.1/bin/../lib/gcc/arm-none-eabi/5.4.1/armv6-m\libgcc.a
LOAD c:/program files (x86)/cypress/psoc creator/4.4/psoc creator/import/gnu/arm/5.4.1/bin/../lib/gcc/arm-none-eabi/5.4.1/../../../../arm-none-eabi/lib/armv6-m\libc.a
LOAD c:/program files (x86)/cypress/psoc creator/4.4/psoc creator/import/gnu/arm/5.4.1/bin/../lib/gcc/arm-none-eabi/5.4.1/../../../../arm-none-eabi/lib/armv6-m\libnosys.a
END GROUP
                0x00000000                CY_APPL_ORIGIN = 0x0
                0x00000100                CY_FLASH_ROW_SIZE = 0x100
                0x00000001                CY_APPL_NUM = 0x1
                0x00000001                CY_APPL_MAX = 0x1
                0x00000040                CY_METADATA_SIZE = 0x40
                0x00000000                CY_APPL_LOADABLE = 0x0
                0x00000000                CY_CHECKSUM_EXCLUDE_SIZE = ALIGN (0x0, CY_FLASH_ROW_SIZE)
                0x00000000                CY_APP_FOR_STACK_AND_COPIER = 0x0
                [!provide]                PROVIDE (__cy_heap_start, _end)
                0x00000001                PROVIDE (__cy_region_num, ((__cy_regions_end - __cy_regions) / 0x10))
                0x20008000                PROVIDE (__cy_stack, (ORIGIN (ram) + LENGTH (ram)))
                [!provide]                PROVIDE (__cy_heap_end, (__cy_stack - 0x400))

.cybootloader   0x00000000        0x0
 *(.cybootloader)
                0x00000000                appl1_start = CY_APPL_ORIGIN?CY_APPL_ORIGIN:ALIGN (CY_FLASH_ROW_SIZE)
                0x0001ff00                appl2_start = (appl1_start + ALIGN ((((LENGTH (rom) - appl1_start) - (0x2 * CY_FLASH_ROW_SIZE)) / 0x2), CY_FLASH_ROW_SIZE))
                0x00000000                appl_start = (CY_APPL_NUM == 0x1)?appl1_start:appl2_start
                0x00000001                cy_project_type_bootloader = (appl_start == 0x0)?0x1:0x0
                0x00000000                cy_project_type_app_for_stack_and_copier = (CY_APP_FOR_STACK_AND_COPIER == 0x1)?0x1:0x0

.text           0x00000000     0x341e
 CREATE_OBJECT_SYMBOLS
                0x00000000                PROVIDE (__cy_interrupt_vector, RomVectors)
 *(.romvectors)
 .romvectors    0x00000000       0x10 .\CortexM0\ARM_GCC_541\Debug\Cm0Start.o
                0x00000000                RomVectors
                0x00000001                ASSERT ((. != __cy_interrupt_vector), No interrupt vector)
                0x00000001                ASSERT (CY_APPL_ORIGIN?(SIZEOF (.cybootloader) <= CY_APPL_ORIGIN):0x1, Wrong image location)
                0x00000010                PROVIDE (__cy_reset, Reset)
 *(.text.Reset)
 .text.Reset    0x00000010        0x8 .\CortexM0\ARM_GCC_541\Debug\Cm0Start.o
                0x00000010                Reset
                0x00000001                ASSERT ((. != __cy_reset), No reset code)
 *(.psocinit)
 .psocinit      0x00000018      0x318 .\CortexM0\ARM_GCC_541\Debug\cyfitter_cfg.o
                0x00000108                cyfitter_cfg
                0x00000330                . = MAX (., 0x100)
 *(.text .text.* .gnu.linkonce.t.*)
 .text          0x00000330       0x60 c:/program files (x86)/cypress/psoc creator/4.4/psoc creator/import/gnu/arm/5.4.1/bin/../lib/gcc/arm-none-eabi/5.4.1/armv6-m/crtbegin.o
 .text.RTC_GetSecond
                0x00000390       0x30 .\CortexM0\ARM_GCC_541\Debug\main.o
 .text.RTC_GetMinutes
                0x000003c0       0x34 .\CortexM0\ARM_GCC_541\Debug\main.o
 .text.RTC_GetHours
                0x000003f4       0x34 .\CortexM0\ARM_GCC_541\Debug\main.o
 .text.RTC_GetDay
                0x00000428       0x34 .\CortexM0\ARM_GCC_541\Debug\main.o
 .text.RTC_GetMonth
                0x0000045c       0x34 .\CortexM0\ARM_GCC_541\Debug\main.o
 .text.RTC_GetYear
                0x00000490       0x58 .\CortexM0\ARM_GCC_541\Debug\main.o
 .text.nixie_write
                0x000004e8      0x204 .\CortexM0\ARM_GCC_541\Debug\main.o
                0x000004e8                nixie_write
 .text.wdt_callback
                0x000006ec      0x110 .\CortexM0\ARM_GCC_541\Debug\main.o
                0x000006ec                wdt_callback
 .text.cathode_antidote
                0x000007fc      0x5f0 .\CortexM0\ARM_GCC_541\Debug\main.o
                0x000007fc                cathode_antidote
 .text.set_time
                0x00000dec       0x9c .\CortexM0\ARM_GCC_541\Debug\main.o
                0x00000dec                set_time
 .text.set_date
                0x00000e88       0x40 .\CortexM0\ARM_GCC_541\Debug\main.o
                0x00000e88                set_date
 .text.main     0x00000ec8      0x198 .\CortexM0\ARM_GCC_541\Debug\main.o
                0x00000ec8                main
 .text.CYMEMZERO
                0x00001060       0x20 .\CortexM0\ARM_GCC_541\Debug\cyfitter_cfg.o
 .text.CYCONFIGCPYCODE
                0x00001080       0x20 .\CortexM0\ARM_GCC_541\Debug\cyfitter_cfg.o
 .text.AnalogSetDefault
                0x000010a0       0x28 .\CortexM0\ARM_GCC_541\Debug\cyfitter_cfg.o
 .text.IntDefaultHandler
                0x000010c8       0x14 .\CortexM0\ARM_GCC_541\Debug\Cm0Start.o
                0x000010c8                IntDefaultHandler
 .text.Start_c  0x000010dc       0x98 .\CortexM0\ARM_GCC_541\Debug\Cm0Start.o
                0x000010dc                Start_c
 .text.initialize_psoc
                0x00001174       0x70 .\CortexM0\ARM_GCC_541\Debug\Cm0Start.o
                0x00001174                initialize_psoc
 .text.CySysClkImoEnableWcoLock
                0x000011e4      0x154 .\CortexM0\ARM_GCC_541\Debug\nixie_control.a(CyLib.o)
                0x000011e4                CySysClkImoEnableWcoLock
 .text.CySysClkImoDisableWcoLock
                0x00001338       0x20 .\CortexM0\ARM_GCC_541\Debug\nixie_control.a(CyLib.o)
                0x00001338                CySysClkImoDisableWcoLock
 .text.CySysClkImoGetWcoLock
                0x00001358       0x20 .\CortexM0\ARM_GCC_541\Debug\nixie_control.a(CyLib.o)
                0x00001358                CySysClkImoGetWcoLock
 .text.CySysClkImoEnableUsbLock
                0x00001378      0x138 .\CortexM0\ARM_GCC_541\Debug\nixie_control.a(CyLib.o)
                0x00001378                CySysClkImoEnableUsbLock
 .text.CySysClkImoDisableUsbLock
                0x000014b0       0xc4 .\CortexM0\ARM_GCC_541\Debug\nixie_control.a(CyLib.o)
                0x000014b0                CySysClkImoDisableUsbLock
 .text.CySysClkImoGetUsbLock
                0x00001574       0x20 .\CortexM0\ARM_GCC_541\Debug\nixie_control.a(CyLib.o)
                0x00001574                CySysClkImoGetUsbLock
 .text.CySysClkWriteImoFreq
                0x00001594      0x22c .\CortexM0\ARM_GCC_541\Debug\nixie_control.a(CyLib.o)
                0x00001594                CySysClkWriteImoFreq
 .text.CyIntSetVector
                0x000017c0       0x4c .\CortexM0\ARM_GCC_541\Debug\nixie_control.a(CyLib.o)
                0x000017c0                CyIntSetVector
 .text.CyIntEnable
                0x0000180c       0x2c .\CortexM0\ARM_GCC_541\Debug\nixie_control.a(CyLib.o)
                0x0000180c                CyIntEnable
 .text.CyHalt   0x00001838       0x18 .\CortexM0\ARM_GCC_541\Debug\nixie_control.a(CyLib.o)
                0x00001838                CyHalt
 .text.CyDelay  0x00001850       0x4c .\CortexM0\ARM_GCC_541\Debug\nixie_control.a(CyLib.o)
                0x00001850                CyDelay
 .text.CyDelayUs
                0x0000189c       0x28 .\CortexM0\ARM_GCC_541\Debug\nixie_control.a(CyLib.o)
                0x0000189c                CyDelayUs
 .text.CySysClkWcoSetHighPowerMode
                0x000018c4       0x4c .\CortexM0\ARM_GCC_541\Debug\nixie_control.a(CyLFClk.o)
 .text.CySysClkWcoStart
                0x00001910       0x20 .\CortexM0\ARM_GCC_541\Debug\nixie_control.a(CyLFClk.o)
                0x00001910                CySysClkWcoStart
 .text.CySysClkWcoEnabled
                0x00001930       0x1c .\CortexM0\ARM_GCC_541\Debug\nixie_control.a(CyLFClk.o)
                0x00001930                CySysClkWcoEnabled
 .text.CySysWdtLock
                0x0000194c       0x34 .\CortexM0\ARM_GCC_541\Debug\nixie_control.a(CyLFClk.o)
                0x0000194c                CySysWdtLock
 .text.CySysWdtLocked
                0x00001980       0x20 .\CortexM0\ARM_GCC_541\Debug\nixie_control.a(CyLFClk.o)
 .text.CySysWdtUnlock
                0x000019a0       0x50 .\CortexM0\ARM_GCC_541\Debug\nixie_control.a(CyLFClk.o)
                0x000019a0                CySysWdtUnlock
 .text.CySysWdtClearInterrupt
                0x000019f0       0x70 .\CortexM0\ARM_GCC_541\Debug\nixie_control.a(CyLFClk.o)
                0x000019f0                CySysWdtClearInterrupt
 .text.CySysWdtSetInterruptCallback
                0x00001a60       0x40 .\CortexM0\ARM_GCC_541\Debug\nixie_control.a(CyLFClk.o)
                0x00001a60                CySysWdtSetInterruptCallback
 .text.CySysWdtIsr
                0x00001aa0       0xec .\CortexM0\ARM_GCC_541\Debug\nixie_control.a(CyLFClk.o)
                0x00001aa0                CySysWdtIsr
 .text.C_Write  0x00001b8c       0x50 .\CortexM0\ARM_GCC_541\Debug\nixie_control.a(C.o)
                0x00001b8c                C_Write
 .text.B_Write  0x00001bdc       0x4c .\CortexM0\ARM_GCC_541\Debug\nixie_control.a(B.o)
                0x00001bdc                B_Write
 .text.D_Write  0x00001c28       0x50 .\CortexM0\ARM_GCC_541\Debug\nixie_control.a(D.o)
                0x00001c28                D_Write
 .text.A_Write  0x00001c78       0x50 .\CortexM0\ARM_GCC_541\Debug\nixie_control.a(A.o)
                0x00001c78                A_Write
 .text.E_Write  0x00001cc8       0x50 .\CortexM0\ARM_GCC_541\Debug\nixie_control.a(E.o)
                0x00001cc8                E_Write
 .text.F_Write  0x00001d18       0x50 .\CortexM0\ARM_GCC_541\Debug\nixie_control.a(F.o)
                0x00001d18                F_Write
 .text.G_Write  0x00001d68       0x50 .\CortexM0\ARM_GCC_541\Debug\nixie_control.a(G.o)
                0x00001d68                G_Write
 .text.H_Write  0x00001db8       0x50 .\CortexM0\ARM_GCC_541\Debug\nixie_control.a(H.o)
                0x00001db8                H_Write
 .text.RTC_IsBitSet
                0x00001e08       0x24 .\CortexM0\ARM_GCC_541\Debug\nixie_control.a(RTC.o)
 .text.RTC_LeapYear
                0x00001e2c       0x44 .\CortexM0\ARM_GCC_541\Debug\nixie_control.a(RTC.o)
 .text.RTC_GetSecond
                0x00001e70       0x30 .\CortexM0\ARM_GCC_541\Debug\nixie_control.a(RTC.o)
 .text.RTC_GetMinutes
                0x00001ea0       0x34 .\CortexM0\ARM_GCC_541\Debug\nixie_control.a(RTC.o)
 .text.RTC_GetHours
                0x00001ed4       0x34 .\CortexM0\ARM_GCC_541\Debug\nixie_control.a(RTC.o)
 .text.RTC_GetAmPm
                0x00001f08       0x20 .\CortexM0\ARM_GCC_541\Debug\nixie_control.a(RTC.o)
 .text.RTC_GetDay
                0x00001f28       0x34 .\CortexM0\ARM_GCC_541\Debug\nixie_control.a(RTC.o)
 .text.RTC_GetMonth
                0x00001f5c       0x34 .\CortexM0\ARM_GCC_541\Debug\nixie_control.a(RTC.o)
 .text.RTC_GetYear
                0x00001f90       0x58 .\CortexM0\ARM_GCC_541\Debug\nixie_control.a(RTC.o)
 .text.RTC_GetTimeFormat
                0x00001fe8       0x20 .\CortexM0\ARM_GCC_541\Debug\nixie_control.a(RTC.o)
 .text.RTC_ConstructTime
                0x00002008       0xa0 .\CortexM0\ARM_GCC_541\Debug\nixie_control.a(RTC.o)
 .text.RTC_ConstructDate
                0x000020a8       0xd8 .\CortexM0\ARM_GCC_541\Debug\nixie_control.a(RTC.o)
 .text.RTC_GetDayOfWeek
                0x00002180       0x88 .\CortexM0\ARM_GCC_541\Debug\nixie_control.a(RTC.o)
 .text.RTC_DaysBeforeMonth
                0x00002208       0x3c .\CortexM0\ARM_GCC_541\Debug\nixie_control.a(RTC.o)
 .text.RTC_CySysRtcSetCallback
                0x00002244       0x20 .\CortexM0\ARM_GCC_541\Debug\nixie_control.a(RTC.o)
 .text.RTC_Start
                0x00002264       0x20 .\CortexM0\ARM_GCC_541\Debug\nixie_control.a(RTC.o)
                0x00002264                RTC_Start
 .text.RTC_Init
                0x00002284       0x74 .\CortexM0\ARM_GCC_541\Debug\nixie_control.a(RTC.o)
                0x00002284                RTC_Init
 .text.RTC_SetDateAndTime
                0x000022f8       0x74 .\CortexM0\ARM_GCC_541\Debug\nixie_control.a(RTC.o)
                0x000022f8                RTC_SetDateAndTime
 .text.RTC_GetTime
                0x0000236c       0x44 .\CortexM0\ARM_GCC_541\Debug\nixie_control.a(RTC.o)
                0x0000236c                RTC_GetTime
 .text.RTC_GetDate
                0x000023b0       0x44 .\CortexM0\ARM_GCC_541\Debug\nixie_control.a(RTC.o)
                0x000023b0                RTC_GetDate
 .text.RTC_Update
                0x000023f4       0x58 .\CortexM0\ARM_GCC_541\Debug\nixie_control.a(RTC.o)
                0x000023f4                RTC_Update
 .text.RTC_DateTimeToUnix
                0x0000244c      0x1c0 .\CortexM0\ARM_GCC_541\Debug\nixie_control.a(RTC.o)
                0x0000244c                RTC_DateTimeToUnix
 .text.RTC_UnixToDateTime
                0x0000260c      0x298 .\CortexM0\ARM_GCC_541\Debug\nixie_control.a(RTC.o)
                0x0000260c                RTC_UnixToDateTime
 .text.RTC_DaysInMonth
                0x000028a4       0x3c .\CortexM0\ARM_GCC_541\Debug\nixie_control.a(RTC.o)
                0x000028a4                RTC_DaysInMonth
 .text.I_Write  0x000028e0       0x50 .\CortexM0\ARM_GCC_541\Debug\nixie_control.a(I.o)
                0x000028e0                I_Write
 .text.J_Write  0x00002930       0x50 .\CortexM0\ARM_GCC_541\Debug\nixie_control.a(J.o)
                0x00002930                J_Write
 .text.K_Write  0x00002980       0x50 .\CortexM0\ARM_GCC_541\Debug\nixie_control.a(K.o)
                0x00002980                K_Write
 .text.L_Write  0x000029d0       0x48 .\CortexM0\ARM_GCC_541\Debug\nixie_control.a(L.o)
                0x000029d0                L_Write
 .text.M_Write  0x00002a18       0x4c .\CortexM0\ARM_GCC_541\Debug\nixie_control.a(M.o)
                0x00002a18                M_Write
 .text.N_Write  0x00002a64       0x50 .\CortexM0\ARM_GCC_541\Debug\nixie_control.a(N.o)
                0x00002a64                N_Write
 .text.O_Write  0x00002ab4       0x50 .\CortexM0\ARM_GCC_541\Debug\nixie_control.a(O.o)
                0x00002ab4                O_Write
 .text.P_Write  0x00002b04       0x50 .\CortexM0\ARM_GCC_541\Debug\nixie_control.a(P.o)
                0x00002b04                P_Write
 .text.Q_Write  0x00002b54       0x50 .\CortexM0\ARM_GCC_541\Debug\nixie_control.a(Q.o)
                0x00002b54                Q_Write
 .text.R_Write  0x00002ba4       0x50 .\CortexM0\ARM_GCC_541\Debug\nixie_control.a(R.o)
                0x00002ba4                R_Write
 .text.S_Write  0x00002bf4       0x50 .\CortexM0\ARM_GCC_541\Debug\nixie_control.a(S.o)
                0x00002bf4                S_Write
 .text.T_Write  0x00002c44       0x50 .\CortexM0\ARM_GCC_541\Debug\nixie_control.a(T.o)
                0x00002c44                T_Write
 .text.U_Write  0x00002c94       0x4c .\CortexM0\ARM_GCC_541\Debug\nixie_control.a(U.o)
                0x00002c94                U_Write
 .text.V_Write  0x00002ce0       0x50 .\CortexM0\ARM_GCC_541\Debug\nixie_control.a(V.o)
                0x00002ce0                V_Write
 .text.W_Write  0x00002d30       0x4c .\CortexM0\ARM_GCC_541\Debug\nixie_control.a(W.o)
                0x00002d30                W_Write
 .text.X_Write  0x00002d7c       0x50 .\CortexM0\ARM_GCC_541\Debug\nixie_control.a(X.o)
                0x00002d7c                X_Write
 .text.PB_Read  0x00002dcc       0x1c .\CortexM0\ARM_GCC_541\Debug\nixie_control.a(PB.o)
                0x00002dcc                PB_Read
 .text.Timer_Init
                0x00002de8       0x54 .\CortexM0\ARM_GCC_541\Debug\nixie_control.a(Timer.o)
                0x00002de8                Timer_Init
 .text.Timer_Enable
                0x00002e3c       0x20 .\CortexM0\ARM_GCC_541\Debug\nixie_control.a(Timer.o)
                0x00002e3c                Timer_Enable
 .text.Timer_Start
                0x00002e5c       0x24 .\CortexM0\ARM_GCC_541\Debug\nixie_control.a(Timer.o)
                0x00002e5c                Timer_Start
 .text.Timer_SetInterruptMode
                0x00002e80       0x20 .\CortexM0\ARM_GCC_541\Debug\nixie_control.a(Timer.o)
                0x00002e80                Timer_SetInterruptMode
 .text.Timer_ReadStatusRegister
                0x00002ea0       0x14 .\CortexM0\ARM_GCC_541\Debug\nixie_control.a(Timer.o)
                0x00002ea0                Timer_ReadStatusRegister
 .text.Timer_WritePeriod
                0x00002eb4       0x1c .\CortexM0\ARM_GCC_541\Debug\nixie_control.a(Timer.o)
                0x00002eb4                Timer_WritePeriod
 .text.Timer_ReadCapture
                0x00002ed0       0x14 .\CortexM0\ARM_GCC_541\Debug\nixie_control.a(Timer.o)
                0x00002ed0                Timer_ReadCapture
 .text.Timer_WriteCounter
                0x00002ee4       0x1c .\CortexM0\ARM_GCC_541\Debug\nixie_control.a(Timer.o)
                0x00002ee4                Timer_WriteCounter
 .text.Timer_ReadCounter
                0x00002f00       0x1c .\CortexM0\ARM_GCC_541\Debug\nixie_control.a(Timer.o)
                0x00002f00                Timer_ReadCounter
 .text.Timer_ClearFIFO
                0x00002f1c       0x20 .\CortexM0\ARM_GCC_541\Debug\nixie_control.a(Timer.o)
                0x00002f1c                Timer_ClearFIFO
 .text.Pin_2_Write
                0x00002f3c       0x4c .\CortexM0\ARM_GCC_541\Debug\nixie_control.a(Pin_2.o)
                0x00002f3c                Pin_2_Write
 .text          0x00002f88       0x20 .\CortexM0\ARM_GCC_541\Debug\nixie_control.a(CyBootAsmGnu.o)
                0x00002f88                CyDelayCycles
                0x00002f9a                CyEnterCriticalSection
                0x00002fa2                CyExitCriticalSection
 .text.CySysFlashSetWaitCycles
                0x00002fa8       0x78 .\CortexM0\ARM_GCC_541\Debug\nixie_control.a(CyFlash.o)
                0x00002fa8                CySysFlashSetWaitCycles
 .text          0x00003020      0x114 c:/program files (x86)/cypress/psoc creator/4.4/psoc creator/import/gnu/arm/5.4.1/bin/../lib/gcc/arm-none-eabi/5.4.1/armv6-m\libgcc.a(_udivsi3.o)
                0x00003020                __aeabi_uidiv
                0x00003020                __udivsi3
                0x0000312c                __aeabi_uidivmod
 .text          0x00003134        0x4 c:/program files (x86)/cypress/psoc creator/4.4/psoc creator/import/gnu/arm/5.4.1/bin/../lib/gcc/arm-none-eabi/5.4.1/armv6-m\libgcc.a(_dvmd_tls.o)
                0x00003134                __aeabi_idiv0
                0x00003134                __aeabi_ldiv0
 .text          0x00003138       0x40 c:/program files (x86)/cypress/psoc creator/4.4/psoc creator/import/gnu/arm/5.4.1/bin/../lib/gcc/arm-none-eabi/5.4.1/armv6-m\libgcc.a(_aeabi_uldivmod.o)
                0x00003138                __aeabi_uldivmod
 .text          0x00003178       0x58 c:/program files (x86)/cypress/psoc creator/4.4/psoc creator/import/gnu/arm/5.4.1/bin/../lib/gcc/arm-none-eabi/5.4.1/armv6-m\libgcc.a(_muldi3.o)
                0x00003178                __muldi3
                0x00003178                __aeabi_lmul
 .text          0x000031d0      0x180 c:/program files (x86)/cypress/psoc creator/4.4/psoc creator/import/gnu/arm/5.4.1/bin/../lib/gcc/arm-none-eabi/5.4.1/armv6-m\libgcc.a(_udivmoddi4.o)
                0x000031d0                __udivmoddi4
 .text          0x00003350       0x18 c:/program files (x86)/cypress/psoc creator/4.4/psoc creator/import/gnu/arm/5.4.1/bin/../lib/gcc/arm-none-eabi/5.4.1/armv6-m\libgcc.a(_clzdi2.o)
                0x00003350                __clzdi2
 .text          0x00003368       0x3c c:/program files (x86)/cypress/psoc creator/4.4/psoc creator/import/gnu/arm/5.4.1/bin/../lib/gcc/arm-none-eabi/5.4.1/armv6-m\libgcc.a(_clzsi2.o)
                0x00003368                __clzsi2
 .text.__errno  0x000033a4        0xc c:/program files (x86)/cypress/psoc creator/4.4/psoc creator/import/gnu/arm/5.4.1/bin/../lib/gcc/arm-none-eabi/5.4.1/../../../../arm-none-eabi/lib/armv6-m\libg_nano.a(lib_a-errno.o)
                0x000033a4                __errno
 .text.__libc_init_array
                0x000033b0       0x4c c:/program files (x86)/cypress/psoc creator/4.4/psoc creator/import/gnu/arm/5.4.1/bin/../lib/gcc/arm-none-eabi/5.4.1/../../../../arm-none-eabi/lib/armv6-m\libg_nano.a(lib_a-init.o)
                0x000033b0                __libc_init_array
 .text.memcpy   0x000033fc       0x12 c:/program files (x86)/cypress/psoc creator/4.4/psoc creator/import/gnu/arm/5.4.1/bin/../lib/gcc/arm-none-eabi/5.4.1/../../../../arm-none-eabi/lib/armv6-m\libg_nano.a(lib_a-memcpy-stub.o)
                0x000033fc                memcpy
 .text.memset   0x0000340e       0x10 c:/program files (x86)/cypress/psoc creator/4.4/psoc creator/import/gnu/arm/5.4.1/bin/../lib/gcc/arm-none-eabi/5.4.1/../../../../arm-none-eabi/lib/armv6-m\libg_nano.a(lib_a-memset.o)
                0x0000340e                memset
 *(.plt)
 *(.gnu.warning)
 *(.glue_7t)
 .glue_7t       0x0000341e        0x0 linker stubs
 *(.glue_7)
 .glue_7        0x0000341e        0x0 linker stubs
 *(.vfp11_veneer)
 .vfp11_veneer  0x0000341e        0x0 linker stubs
 *(.bootloader)
 *(.ARM.extab* .gnu.linkonce.armextab.*)
 *(.gcc_except_table)

.v4_bx          0x00003420        0x0
 .v4_bx         0x00003420        0x0 linker stubs

.iplt           0x00003420        0x0
 .iplt          0x00003420        0x0 c:/program files (x86)/cypress/psoc creator/4.4/psoc creator/import/gnu/arm/5.4.1/bin/../lib/gcc/arm-none-eabi/5.4.1/armv6-m/crtbegin.o

.eh_frame_hdr
 *(.eh_frame_hdr)

.eh_frame       0x00003420        0x4
 *(.eh_frame)
 .eh_frame      0x00003420        0x0 c:/program files (x86)/cypress/psoc creator/4.4/psoc creator/import/gnu/arm/5.4.1/bin/../lib/gcc/arm-none-eabi/5.4.1/armv6-m/crtbegin.o
 .eh_frame      0x00003420        0x4 c:/program files (x86)/cypress/psoc creator/4.4/psoc creator/import/gnu/arm/5.4.1/bin/../lib/gcc/arm-none-eabi/5.4.1/armv6-m/crtend.o
                [!provide]                PROVIDE (__exidx_start, .)

.ARM.exidx      0x00003424        0x8
 *(.ARM.exidx* .gnu.linkonce.armexidx.*)
 .ARM.exidx     0x00003424        0x8 c:/program files (x86)/cypress/psoc creator/4.4/psoc creator/import/gnu/arm/5.4.1/bin/../lib/gcc/arm-none-eabi/5.4.1/armv6-m\libgcc.a(_udivmoddi4.o)
                0x0000342c                __exidx_end = .

.rodata         0x0000342c      0xa4c
 *(.rodata .rodata.* .gnu.linkonce.r.*)
 .rodata        0x0000342c       0x18 .\CortexM0\ARM_GCC_541\Debug\main.o
 .rodata        0x00003444      0x990 .\CortexM0\ARM_GCC_541\Debug\cyfitter_cfg.o
 .rodata        0x00003dd4       0x47 .\CortexM0\ARM_GCC_541\Debug\nixie_control.a(CyLib.o)
                0x00003dd4                cyImoFreqMhz2Reg
                0x00003e04                cyImoFreqMhz2DpllOffset
 *fill*         0x00003e1b        0x1 
 .rodata        0x00003e1c       0x24 .\CortexM0\ARM_GCC_541\Debug\nixie_control.a(RTC.o)
                0x00003e1c                RTC_daysBeforeMonthTbl
                0x00003e34                RTC_daysInMonthTbl
 .rodata.str1.1
                0x00003e40        0x2 c:/program files (x86)/cypress/psoc creator/4.4/psoc creator/import/gnu/arm/5.4.1/bin/../lib/gcc/arm-none-eabi/5.4.1/../../../../arm-none-eabi/lib/armv6-m\libg_nano.a(lib_a-impure.o)
                0x00003e44                . = ALIGN (0x4)
 *fill*         0x00003e42        0x2 
 *(.init)
 .init          0x00003e44        0x4 c:/program files (x86)/cypress/psoc creator/4.4/psoc creator/import/gnu/arm/5.4.1/bin/../lib/gcc/arm-none-eabi/5.4.1/armv6-m/crti.o
                0x00003e44                _init
 .init          0x00003e48        0x8 c:/program files (x86)/cypress/psoc creator/4.4/psoc creator/import/gnu/arm/5.4.1/bin/../lib/gcc/arm-none-eabi/5.4.1/armv6-m/crtn.o
                0x00003e50                . = ALIGN (0x4)
                0x00003e50                __preinit_array_start = .
 *(.preinit_array)
                0x00003e50                __preinit_array_end = .
                0x00003e50                . = ALIGN (0x4)
                0x00003e50                __init_array_start = .
 *(SORT(.init_array.*))
 *(.init_array)
 .init_array    0x00003e50        0x4 c:/program files (x86)/cypress/psoc creator/4.4/psoc creator/import/gnu/arm/5.4.1/bin/../lib/gcc/arm-none-eabi/5.4.1/armv6-m/crtbegin.o
 .init_array    0x00003e54        0x4 .\CortexM0\ARM_GCC_541\Debug\Cm0Start.o
                0x00003e58                __init_array_end = .
                0x00003e58                . = ALIGN (0x4)
 *(.fini)
 .fini          0x00003e58        0x4 c:/program files (x86)/cypress/psoc creator/4.4/psoc creator/import/gnu/arm/5.4.1/bin/../lib/gcc/arm-none-eabi/5.4.1/armv6-m/crti.o
                0x00003e58                _fini
 .fini          0x00003e5c        0x8 c:/program files (x86)/cypress/psoc creator/4.4/psoc creator/import/gnu/arm/5.4.1/bin/../lib/gcc/arm-none-eabi/5.4.1/armv6-m/crtn.o
                0x00003e64                . = ALIGN (0x4)
                0x00003e64                __fini_array_start = .
 *(.fini_array)
 .fini_array    0x00003e64        0x4 c:/program files (x86)/cypress/psoc creator/4.4/psoc creator/import/gnu/arm/5.4.1/bin/../lib/gcc/arm-none-eabi/5.4.1/armv6-m/crtbegin.o
 *(SORT(.fini_array.*))
                0x00003e68                __fini_array_end = .
                0x00003e68                . = ALIGN (0x4)
 *crtbegin.o(.ctors)
 *(EXCLUDE_FILE(*crtend.o) .ctors)
 *(SORT(.ctors.*))
 *crtend.o(.ctors)
                0x00003e68                . = ALIGN (0x4)
 *crtbegin.o(.dtors)
 *(EXCLUDE_FILE(*crtend.o) .dtors)
 *(SORT(.dtors.*))
 *crtend.o(.dtors)
                0x00003e68                . = ALIGN (0x4)
                0x00003e68                __cy_regions = .
                0x00003e68        0x4 LONG 0x3e78 __cy_region_init_ram
                0x00003e6c        0x4 LONG 0x200000c8 __cy_region_start_data
                0x00003e70        0x4 LONG 0x128 __cy_region_init_size_ram
                0x00003e74        0x4 LONG 0xd8 __cy_region_zero_size_ram
                0x00003e78                __cy_regions_end = .
                0x00003e78                . = ALIGN (0x8)
                0x00003e78                _etext = .

.cy_checksum_exclude
                0x00003e78        0x0
 *(.cy_checksum_exclude)

.ramvectors     0x20000000       0xc0
                0x20000000                __cy_region_start_ram = .
 *(.ramvectors)
 .ramvectors    0x20000000       0xc0 .\CortexM0\ARM_GCC_541\Debug\Cm0Start.o
                0x20000000                CyRamVectors

.noinit         0x200000c0        0x4
 *(.noinit)
 .noinit        0x200000c0        0x4 .\CortexM0\ARM_GCC_541\Debug\Cm0Start.o

.data           0x200000c8      0x128 load address 0x00003e78
                0x200000c8                __cy_region_start_data = .
 *(.jcr)
 .jcr           0x200000c8        0x0 c:/program files (x86)/cypress/psoc creator/4.4/psoc creator/import/gnu/arm/5.4.1/bin/../lib/gcc/arm-none-eabi/5.4.1/armv6-m/crtbegin.o
 .jcr           0x200000c8        0x4 c:/program files (x86)/cypress/psoc creator/4.4/psoc creator/import/gnu/arm/5.4.1/bin/../lib/gcc/arm-none-eabi/5.4.1/armv6-m/crtend.o
 *(.got.plt)
 *(.got)
 *(.shdata)
 *(.data .data.* .gnu.linkonce.d.*)
 .data          0x200000cc       0xa0 .\CortexM0\ARM_GCC_541\Debug\main.o
                0x200000cc                digits
 .data          0x2000016c       0x14 .\CortexM0\ARM_GCC_541\Debug\nixie_control.a(CyLib.o)
                0x2000016c                cydelayFreqHz
                0x20000170                cydelayFreqKhz
                0x20000174                cydelayFreqMhz
                0x20000178                cydelay32kMs
                0x2000017c                CySysClkPumpConfig
 .data          0x20000180        0x8 .\CortexM0\ARM_GCC_541\Debug\nixie_control.a(CyLFClk.o)
 .data.impure_data
                0x20000188       0x60 c:/program files (x86)/cypress/psoc creator/4.4/psoc creator/import/gnu/arm/5.4.1/bin/../lib/gcc/arm-none-eabi/5.4.1/../../../../arm-none-eabi/lib/armv6-m\libg_nano.a(lib_a-impure.o)
 .data._impure_ptr
                0x200001e8        0x4 c:/program files (x86)/cypress/psoc creator/4.4/psoc creator/import/gnu/arm/5.4.1/bin/../lib/gcc/arm-none-eabi/5.4.1/../../../../arm-none-eabi/lib/armv6-m\libg_nano.a(lib_a-impure.o)
                0x200001e8                _impure_ptr
                0x200001f0                . = ALIGN (0x8)
 *fill*         0x200001ec        0x4 
 *(.ram)
                0x200001f0                _edata = .

.igot.plt       0x200001f0        0x0 load address 0x00003fa0
 .igot.plt      0x200001f0        0x0 c:/program files (x86)/cypress/psoc creator/4.4/psoc creator/import/gnu/arm/5.4.1/bin/../lib/gcc/arm-none-eabi/5.4.1/armv6-m/crtbegin.o

.bss            0x200001f0       0xd8 load address 0x00003fa0
                0x200001f0                PROVIDE (__bss_start__, .)
 *(.shbss)
 *(.bss .bss.* .gnu.linkonce.b.*)
 .bss           0x200001f0       0x1c c:/program files (x86)/cypress/psoc creator/4.4/psoc creator/import/gnu/arm/5.4.1/bin/../lib/gcc/arm-none-eabi/5.4.1/armv6-m/crtbegin.o
 .bss           0x2000020c       0x18 .\CortexM0\ARM_GCC_541\Debug\main.o
                0x2000020c                display_mode
                0x20000210                done
                0x20000214                start
                0x20000218                end
                0x2000021c                hours_locked
                0x20000220                minutes_locked
 .bss           0x20000224       0x20 .\CortexM0\ARM_GCC_541\Debug\nixie_control.a(CyLib.o)
                0x20000238                CySysTickInitVar
                0x2000023c                CySysClkImoTrim4
                0x20000240                CySysClkImoTrim5
 .bss           0x20000244       0x28 .\CortexM0\ARM_GCC_541\Debug\nixie_control.a(CyLFClk.o)
 .bss           0x2000026c       0x10 .\CortexM0\ARM_GCC_541\Debug\nixie_control.a(RTC.o)
 .bss           0x2000027c        0x1 .\CortexM0\ARM_GCC_541\Debug\nixie_control.a(Timer.o)
                0x2000027c                Timer_initVar
 *(COMMON)
 *fill*         0x2000027d        0x3 
 COMMON         0x20000280       0x20 .\CortexM0\ARM_GCC_541\Debug\main.o
                0x20000280                month
                0x20000284                time
                0x20000288                seconds
                0x2000028c                year
                0x20000290                day
                0x20000294                date
                0x20000298                minutes
                0x2000029c                hours
 COMMON         0x200002a0       0x28 .\CortexM0\ARM_GCC_541\Debug\nixie_control.a(RTC.o)
                0x200002a0                RTC_initVar
                0x200002a4                RTC_currentTimeDate
                0x200002b4                RTC_alarmCurStatus
                0x200002b8                RTC_dstStatus
                0x200002c0                RTC_unixTime
                0x200002c8                . = ALIGN (0x8)
 *(.ram.b)
                0x200002c8                _end = .
                0x200002c8                __end = .
                [!provide]                PROVIDE (end, .)
                0x200002c8                PROVIDE (__bss_end__, .)
                0x00003e78                __cy_region_init_ram = LOADADDR (.data)
                0x00000128                __cy_region_init_size_ram = (_edata - ADDR (.data))
                0x000000d8                __cy_region_zero_size_ram = (_end - _edata)

.heap           0x200002c8      0x100 load address 0x00003fa0
                0x200002c8                . = _end
                0x200003c8                . = (. + 0x100)
 *fill*         0x200002c8      0x100 
                0x200003c8                __cy_heap_limit = .

.stack          0x20007c00      0x400
                0x20007c00                __cy_stack_limit = .
                0x20008000                . = (. + 0x400)
 *fill*         0x20007c00      0x400 
                0x00000001                ASSERT ((__cy_stack_limit >= __cy_heap_limit), region RAM overflowed with stack)
                0x00000000                cy_checksum_exclude_size = (CY_APPL_LOADABLE == 0x1)?SIZEOF (.cy_checksum_exclude):0x0
                0x00000001                ASSERT ((cy_checksum_exclude_size <= CY_CHECKSUM_EXCLUDE_SIZE), CY_BOOT: Section .cy_checksum_exclude size exceedes specified limit.)
                0x0003ffc0                cyloadermeta_start = (cy_project_type_bootloader || cy_project_type_app_for_stack_and_copier)?(LENGTH (rom) - CY_METADATA_SIZE):0xf0000000

.cyloadermeta
 *(.cyloadermeta)
                0x0003ffc0                cyloadablemeta_start = cy_project_type_app_for_stack_and_copier?((LENGTH (rom) - CY_FLASH_ROW_SIZE) - CY_METADATA_SIZE):((LENGTH (rom) - (CY_FLASH_ROW_SIZE * (CY_APPL_NUM - 0x1))) - CY_METADATA_SIZE)

.cyloadablemeta
 *(.cyloadablemeta)

.cyflashprotect
                0x90400000       0x80
 *(.cyflashprotect)
 .cyflashprotect
                0x90400000       0x80 .\CortexM0\ARM_GCC_541\Debug\cymetadata.o
                0x90400000                cy_meta_flashprotect

.cymeta         0x90500000        0xc
 *(.cymeta)
 .cymeta        0x90500000        0xc .\CortexM0\ARM_GCC_541\Debug\cymetadata.o
                0x90500000                cy_metadata

.cychipprotect  0x90600000        0x1
 *(.cychipprotect)
 .cychipprotect
                0x90600000        0x1 .\CortexM0\ARM_GCC_541\Debug\cymetadata.o
                0x90600000                cy_meta_chipprotect

.rel.dyn        0x00003fa0        0x0 load address 0x90600004
 .rel.iplt      0x00003fa0        0x0 c:/program files (x86)/cypress/psoc creator/4.4/psoc creator/import/gnu/arm/5.4.1/bin/../lib/gcc/arm-none-eabi/5.4.1/armv6-m/crtbegin.o

.stab
 *(.stab)

.stabstr
 *(.stabstr)

.debug
 *(.debug)

.line
 *(.line)

.debug_srcinfo
 *(.debug_srcinfo)

.debug_sfnames
 *(.debug_sfnames)

.debug_aranges  0x00000000      0xe88
 *(.debug_aranges)
 .debug_aranges
                0x00000000       0x78 .\CortexM0\ARM_GCC_541\Debug\main.o
 .debug_aranges
                0x00000078       0x48 .\CortexM0\ARM_GCC_541\Debug\cyfitter_cfg.o
 .debug_aranges
                0x000000c0       0x18 .\CortexM0\ARM_GCC_541\Debug\cymetadata.o
 .debug_aranges
                0x000000d8       0x48 .\CortexM0\ARM_GCC_541\Debug\Cm0Start.o
 .debug_aranges
                0x00000120      0x260 .\CortexM0\ARM_GCC_541\Debug\nixie_control.a(CyLib.o)
 .debug_aranges
                0x00000380      0x190 .\CortexM0\ARM_GCC_541\Debug\nixie_control.a(CyLFClk.o)
 .debug_aranges
                0x00000510       0x48 .\CortexM0\ARM_GCC_541\Debug\nixie_control.a(C.o)
 .debug_aranges
                0x00000558       0x48 .\CortexM0\ARM_GCC_541\Debug\nixie_control.a(B.o)
 .debug_aranges
                0x000005a0       0x48 .\CortexM0\ARM_GCC_541\Debug\nixie_control.a(D.o)
 .debug_aranges
                0x000005e8       0x48 .\CortexM0\ARM_GCC_541\Debug\nixie_control.a(A.o)
 .debug_aranges
                0x00000630       0x48 .\CortexM0\ARM_GCC_541\Debug\nixie_control.a(E.o)
 .debug_aranges
                0x00000678       0x48 .\CortexM0\ARM_GCC_541\Debug\nixie_control.a(F.o)
 .debug_aranges
                0x000006c0       0x48 .\CortexM0\ARM_GCC_541\Debug\nixie_control.a(G.o)
 .debug_aranges
                0x00000708       0x48 .\CortexM0\ARM_GCC_541\Debug\nixie_control.a(H.o)
 .debug_aranges
                0x00000750      0x138 .\CortexM0\ARM_GCC_541\Debug\nixie_control.a(RTC.o)
 .debug_aranges
                0x00000888       0x48 .\CortexM0\ARM_GCC_541\Debug\nixie_control.a(I.o)
 .debug_aranges
                0x000008d0       0x48 .\CortexM0\ARM_GCC_541\Debug\nixie_control.a(J.o)
 .debug_aranges
                0x00000918       0x48 .\CortexM0\ARM_GCC_541\Debug\nixie_control.a(K.o)
 .debug_aranges
                0x00000960       0x48 .\CortexM0\ARM_GCC_541\Debug\nixie_control.a(L.o)
 .debug_aranges
                0x000009a8       0x48 .\CortexM0\ARM_GCC_541\Debug\nixie_control.a(M.o)
 .debug_aranges
                0x000009f0       0x48 .\CortexM0\ARM_GCC_541\Debug\nixie_control.a(N.o)
 .debug_aranges
                0x00000a38       0x48 .\CortexM0\ARM_GCC_541\Debug\nixie_control.a(O.o)
 .debug_aranges
                0x00000a80       0x48 .\CortexM0\ARM_GCC_541\Debug\nixie_control.a(P.o)
 .debug_aranges
                0x00000ac8       0x48 .\CortexM0\ARM_GCC_541\Debug\nixie_control.a(Q.o)
 .debug_aranges
                0x00000b10       0x48 .\CortexM0\ARM_GCC_541\Debug\nixie_control.a(R.o)
 .debug_aranges
                0x00000b58       0x48 .\CortexM0\ARM_GCC_541\Debug\nixie_control.a(S.o)
 .debug_aranges
                0x00000ba0       0x48 .\CortexM0\ARM_GCC_541\Debug\nixie_control.a(T.o)
 .debug_aranges
                0x00000be8       0x48 .\CortexM0\ARM_GCC_541\Debug\nixie_control.a(U.o)
 .debug_aranges
                0x00000c30       0x48 .\CortexM0\ARM_GCC_541\Debug\nixie_control.a(V.o)
 .debug_aranges
                0x00000c78       0x48 .\CortexM0\ARM_GCC_541\Debug\nixie_control.a(W.o)
 .debug_aranges
                0x00000cc0       0x48 .\CortexM0\ARM_GCC_541\Debug\nixie_control.a(X.o)
 .debug_aranges
                0x00000d08       0x48 .\CortexM0\ARM_GCC_541\Debug\nixie_control.a(PB.o)
 .debug_aranges
                0x00000d50       0x90 .\CortexM0\ARM_GCC_541\Debug\nixie_control.a(Timer.o)
 .debug_aranges
                0x00000de0       0x48 .\CortexM0\ARM_GCC_541\Debug\nixie_control.a(Pin_2.o)
 .debug_aranges
                0x00000e28       0x20 .\CortexM0\ARM_GCC_541\Debug\nixie_control.a(CyBootAsmGnu.o)
 .debug_aranges
                0x00000e48       0x40 .\CortexM0\ARM_GCC_541\Debug\nixie_control.a(CyFlash.o)

.debug_pubnames
 *(.debug_pubnames)

.debug_info     0x00000000     0x64a6
 *(.debug_info .gnu.linkonce.wi.*)
 .debug_info    0x00000000      0x4fd .\CortexM0\ARM_GCC_541\Debug\main.o
 .debug_info    0x000004fd      0x510 .\CortexM0\ARM_GCC_541\Debug\cyfitter_cfg.o
 .debug_info    0x00000a0d       0xf8 .\CortexM0\ARM_GCC_541\Debug\cymetadata.o
 .debug_info    0x00000b05      0x312 .\CortexM0\ARM_GCC_541\Debug\Cm0Start.o
 .debug_info    0x00000e17     0x123c .\CortexM0\ARM_GCC_541\Debug\nixie_control.a(CyLib.o)
 .debug_info    0x00002053      0xaa1 .\CortexM0\ARM_GCC_541\Debug\nixie_control.a(CyLFClk.o)
 .debug_info    0x00002af4      0x19a .\CortexM0\ARM_GCC_541\Debug\nixie_control.a(C.o)
 .debug_info    0x00002c8e      0x19a .\CortexM0\ARM_GCC_541\Debug\nixie_control.a(B.o)
 .debug_info    0x00002e28      0x19a .\CortexM0\ARM_GCC_541\Debug\nixie_control.a(D.o)
 .debug_info    0x00002fc2      0x19a .\CortexM0\ARM_GCC_541\Debug\nixie_control.a(A.o)
 .debug_info    0x0000315c      0x19a .\CortexM0\ARM_GCC_541\Debug\nixie_control.a(E.o)
 .debug_info    0x000032f6      0x19a .\CortexM0\ARM_GCC_541\Debug\nixie_control.a(F.o)
 .debug_info    0x00003490      0x19a .\CortexM0\ARM_GCC_541\Debug\nixie_control.a(G.o)
 .debug_info    0x0000362a      0x19a .\CortexM0\ARM_GCC_541\Debug\nixie_control.a(H.o)
 .debug_info    0x000037c4      0xabd .\CortexM0\ARM_GCC_541\Debug\nixie_control.a(RTC.o)
 .debug_info    0x00004281      0x19a .\CortexM0\ARM_GCC_541\Debug\nixie_control.a(I.o)
 .debug_info    0x0000441b      0x19a .\CortexM0\ARM_GCC_541\Debug\nixie_control.a(J.o)
 .debug_info    0x000045b5      0x19a .\CortexM0\ARM_GCC_541\Debug\nixie_control.a(K.o)
 .debug_info    0x0000474f      0x19a .\CortexM0\ARM_GCC_541\Debug\nixie_control.a(L.o)
 .debug_info    0x000048e9      0x19a .\CortexM0\ARM_GCC_541\Debug\nixie_control.a(M.o)
 .debug_info    0x00004a83      0x19a .\CortexM0\ARM_GCC_541\Debug\nixie_control.a(N.o)
 .debug_info    0x00004c1d      0x19a .\CortexM0\ARM_GCC_541\Debug\nixie_control.a(O.o)
 .debug_info    0x00004db7      0x19a .\CortexM0\ARM_GCC_541\Debug\nixie_control.a(P.o)
 .debug_info    0x00004f51      0x19a .\CortexM0\ARM_GCC_541\Debug\nixie_control.a(Q.o)
 .debug_info    0x000050eb      0x19a .\CortexM0\ARM_GCC_541\Debug\nixie_control.a(R.o)
 .debug_info    0x00005285      0x19a .\CortexM0\ARM_GCC_541\Debug\nixie_control.a(S.o)
 .debug_info    0x0000541f      0x19a .\CortexM0\ARM_GCC_541\Debug\nixie_control.a(T.o)
 .debug_info    0x000055b9      0x19a .\CortexM0\ARM_GCC_541\Debug\nixie_control.a(U.o)
 .debug_info    0x00005753      0x19a .\CortexM0\ARM_GCC_541\Debug\nixie_control.a(V.o)
 .debug_info    0x000058ed      0x19a .\CortexM0\ARM_GCC_541\Debug\nixie_control.a(W.o)
 .debug_info    0x00005a87      0x19a .\CortexM0\ARM_GCC_541\Debug\nixie_control.a(X.o)
 .debug_info    0x00005c21      0x19a .\CortexM0\ARM_GCC_541\Debug\nixie_control.a(PB.o)
 .debug_info    0x00005dbb      0x25b .\CortexM0\ARM_GCC_541\Debug\nixie_control.a(Timer.o)
 .debug_info    0x00006016      0x19a .\CortexM0\ARM_GCC_541\Debug\nixie_control.a(Pin_2.o)
 .debug_info    0x000061b0       0x93 .\CortexM0\ARM_GCC_541\Debug\nixie_control.a(CyBootAsmGnu.o)
 .debug_info    0x00006243      0x263 .\CortexM0\ARM_GCC_541\Debug\nixie_control.a(CyFlash.o)

.debug_abbrev   0x00000000     0x1eff
 *(.debug_abbrev)
 .debug_abbrev  0x00000000      0x174 .\CortexM0\ARM_GCC_541\Debug\main.o
 .debug_abbrev  0x00000174      0x152 .\CortexM0\ARM_GCC_541\Debug\cyfitter_cfg.o
 .debug_abbrev  0x000002c6       0x5d .\CortexM0\ARM_GCC_541\Debug\cymetadata.o
 .debug_abbrev  0x00000323      0x1c8 .\CortexM0\ARM_GCC_541\Debug\Cm0Start.o
 .debug_abbrev  0x000004eb      0x23c .\CortexM0\ARM_GCC_541\Debug\nixie_control.a(CyLib.o)
 .debug_abbrev  0x00000727      0x22a .\CortexM0\ARM_GCC_541\Debug\nixie_control.a(CyLFClk.o)
 .debug_abbrev  0x00000951       0xaa .\CortexM0\ARM_GCC_541\Debug\nixie_control.a(C.o)
 .debug_abbrev  0x000009fb       0xaa .\CortexM0\ARM_GCC_541\Debug\nixie_control.a(B.o)
 .debug_abbrev  0x00000aa5       0xaa .\CortexM0\ARM_GCC_541\Debug\nixie_control.a(D.o)
 .debug_abbrev  0x00000b4f       0xaa .\CortexM0\ARM_GCC_541\Debug\nixie_control.a(A.o)
 .debug_abbrev  0x00000bf9       0xaa .\CortexM0\ARM_GCC_541\Debug\nixie_control.a(E.o)
 .debug_abbrev  0x00000ca3       0xaa .\CortexM0\ARM_GCC_541\Debug\nixie_control.a(F.o)
 .debug_abbrev  0x00000d4d       0xaa .\CortexM0\ARM_GCC_541\Debug\nixie_control.a(G.o)
 .debug_abbrev  0x00000df7       0xaa .\CortexM0\ARM_GCC_541\Debug\nixie_control.a(H.o)
 .debug_abbrev  0x00000ea1      0x21b .\CortexM0\ARM_GCC_541\Debug\nixie_control.a(RTC.o)
 .debug_abbrev  0x000010bc       0xaa .\CortexM0\ARM_GCC_541\Debug\nixie_control.a(I.o)
 .debug_abbrev  0x00001166       0xaa .\CortexM0\ARM_GCC_541\Debug\nixie_control.a(J.o)
 .debug_abbrev  0x00001210       0xaa .\CortexM0\ARM_GCC_541\Debug\nixie_control.a(K.o)
 .debug_abbrev  0x000012ba       0xaa .\CortexM0\ARM_GCC_541\Debug\nixie_control.a(L.o)
 .debug_abbrev  0x00001364       0xaa .\CortexM0\ARM_GCC_541\Debug\nixie_control.a(M.o)
 .debug_abbrev  0x0000140e       0xaa .\CortexM0\ARM_GCC_541\Debug\nixie_control.a(N.o)
 .debug_abbrev  0x000014b8       0xaa .\CortexM0\ARM_GCC_541\Debug\nixie_control.a(O.o)
 .debug_abbrev  0x00001562       0xaa .\CortexM0\ARM_GCC_541\Debug\nixie_control.a(P.o)
 .debug_abbrev  0x0000160c       0xaa .\CortexM0\ARM_GCC_541\Debug\nixie_control.a(Q.o)
 .debug_abbrev  0x000016b6       0xaa .\CortexM0\ARM_GCC_541\Debug\nixie_control.a(R.o)
 .debug_abbrev  0x00001760       0xaa .\CortexM0\ARM_GCC_541\Debug\nixie_control.a(S.o)
 .debug_abbrev  0x0000180a       0xaa .\CortexM0\ARM_GCC_541\Debug\nixie_control.a(T.o)
 .debug_abbrev  0x000018b4       0xaa .\CortexM0\ARM_GCC_541\Debug\nixie_control.a(U.o)
 .debug_abbrev  0x0000195e       0xaa .\CortexM0\ARM_GCC_541\Debug\nixie_control.a(V.o)
 .debug_abbrev  0x00001a08       0xaa .\CortexM0\ARM_GCC_541\Debug\nixie_control.a(W.o)
 .debug_abbrev  0x00001ab2       0xaa .\CortexM0\ARM_GCC_541\Debug\nixie_control.a(X.o)
 .debug_abbrev  0x00001b5c       0xaa .\CortexM0\ARM_GCC_541\Debug\nixie_control.a(PB.o)
 .debug_abbrev  0x00001c06      0x11b .\CortexM0\ARM_GCC_541\Debug\nixie_control.a(Timer.o)
 .debug_abbrev  0x00001d21       0xaa .\CortexM0\ARM_GCC_541\Debug\nixie_control.a(Pin_2.o)
 .debug_abbrev  0x00001dcb       0x14 .\CortexM0\ARM_GCC_541\Debug\nixie_control.a(CyBootAsmGnu.o)
 .debug_abbrev  0x00001ddf      0x120 .\CortexM0\ARM_GCC_541\Debug\nixie_control.a(CyFlash.o)

.debug_line     0x00000000     0x33d9
 *(.debug_line)
 .debug_line    0x00000000      0x3c8 .\CortexM0\ARM_GCC_541\Debug\main.o
 .debug_line    0x000003c8      0x1b1 .\CortexM0\ARM_GCC_541\Debug\cyfitter_cfg.o
 .debug_line    0x00000579      0x141 .\CortexM0\ARM_GCC_541\Debug\cymetadata.o
 .debug_line    0x000006ba      0x1d0 .\CortexM0\ARM_GCC_541\Debug\Cm0Start.o
 .debug_line    0x0000088a      0x93a .\CortexM0\ARM_GCC_541\Debug\nixie_control.a(CyLib.o)
 .debug_line    0x000011c4      0x708 .\CortexM0\ARM_GCC_541\Debug\nixie_control.a(CyLFClk.o)
 .debug_line    0x000018cc       0xb9 .\CortexM0\ARM_GCC_541\Debug\nixie_control.a(C.o)
 .debug_line    0x00001985       0xb9 .\CortexM0\ARM_GCC_541\Debug\nixie_control.a(B.o)
 .debug_line    0x00001a3e       0xb9 .\CortexM0\ARM_GCC_541\Debug\nixie_control.a(D.o)
 .debug_line    0x00001af7       0xb9 .\CortexM0\ARM_GCC_541\Debug\nixie_control.a(A.o)
 .debug_line    0x00001bb0       0xb9 .\CortexM0\ARM_GCC_541\Debug\nixie_control.a(E.o)
 .debug_line    0x00001c69       0xb9 .\CortexM0\ARM_GCC_541\Debug\nixie_control.a(F.o)
 .debug_line    0x00001d22       0xb9 .\CortexM0\ARM_GCC_541\Debug\nixie_control.a(G.o)
 .debug_line    0x00001ddb       0xb9 .\CortexM0\ARM_GCC_541\Debug\nixie_control.a(H.o)
 .debug_line    0x00001e94      0x4c5 .\CortexM0\ARM_GCC_541\Debug\nixie_control.a(RTC.o)
 .debug_line    0x00002359       0xb9 .\CortexM0\ARM_GCC_541\Debug\nixie_control.a(I.o)
 .debug_line    0x00002412       0xb9 .\CortexM0\ARM_GCC_541\Debug\nixie_control.a(J.o)
 .debug_line    0x000024cb       0xb9 .\CortexM0\ARM_GCC_541\Debug\nixie_control.a(K.o)
 .debug_line    0x00002584       0xb9 .\CortexM0\ARM_GCC_541\Debug\nixie_control.a(L.o)
 .debug_line    0x0000263d       0xb9 .\CortexM0\ARM_GCC_541\Debug\nixie_control.a(M.o)
 .debug_line    0x000026f6       0xb9 .\CortexM0\ARM_GCC_541\Debug\nixie_control.a(N.o)
 .debug_line    0x000027af       0xb9 .\CortexM0\ARM_GCC_541\Debug\nixie_control.a(O.o)
 .debug_line    0x00002868       0xb9 .\CortexM0\ARM_GCC_541\Debug\nixie_control.a(P.o)
 .debug_line    0x00002921       0xb9 .\CortexM0\ARM_GCC_541\Debug\nixie_control.a(Q.o)
 .debug_line    0x000029da       0xb9 .\CortexM0\ARM_GCC_541\Debug\nixie_control.a(R.o)
 .debug_line    0x00002a93       0xb9 .\CortexM0\ARM_GCC_541\Debug\nixie_control.a(S.o)
 .debug_line    0x00002b4c       0xb9 .\CortexM0\ARM_GCC_541\Debug\nixie_control.a(T.o)
 .debug_line    0x00002c05       0xb9 .\CortexM0\ARM_GCC_541\Debug\nixie_control.a(U.o)
 .debug_line    0x00002cbe       0xb9 .\CortexM0\ARM_GCC_541\Debug\nixie_control.a(V.o)
 .debug_line    0x00002d77       0xb9 .\CortexM0\ARM_GCC_541\Debug\nixie_control.a(W.o)
 .debug_line    0x00002e30       0xb9 .\CortexM0\ARM_GCC_541\Debug\nixie_control.a(X.o)
 .debug_line    0x00002ee9       0xba .\CortexM0\ARM_GCC_541\Debug\nixie_control.a(PB.o)
 .debug_line    0x00002fa3      0x16e .\CortexM0\ARM_GCC_541\Debug\nixie_control.a(Timer.o)
 .debug_line    0x00003111       0xbd .\CortexM0\ARM_GCC_541\Debug\nixie_control.a(Pin_2.o)
 .debug_line    0x000031ce       0x68 .\CortexM0\ARM_GCC_541\Debug\nixie_control.a(CyBootAsmGnu.o)
 .debug_line    0x00003236      0x1a3 .\CortexM0\ARM_GCC_541\Debug\nixie_control.a(CyFlash.o)

.debug_frame    0x00000000     0x2f00
 *(.debug_frame)
 .debug_frame   0x00000000      0x180 .\CortexM0\ARM_GCC_541\Debug\main.o
 .debug_frame   0x00000180       0xc8 .\CortexM0\ARM_GCC_541\Debug\cyfitter_cfg.o
 .debug_frame   0x00000248       0xc8 .\CortexM0\ARM_GCC_541\Debug\Cm0Start.o
 .debug_frame   0x00000310      0x924 .\CortexM0\ARM_GCC_541\Debug\nixie_control.a(CyLib.o)
 .debug_frame   0x00000c34      0x5dc .\CortexM0\ARM_GCC_541\Debug\nixie_control.a(CyLFClk.o)
 .debug_frame   0x00001210       0xc8 .\CortexM0\ARM_GCC_541\Debug\nixie_control.a(C.o)
 .debug_frame   0x000012d8       0xc8 .\CortexM0\ARM_GCC_541\Debug\nixie_control.a(B.o)
 .debug_frame   0x000013a0       0xc8 .\CortexM0\ARM_GCC_541\Debug\nixie_control.a(D.o)
 .debug_frame   0x00001468       0xc8 .\CortexM0\ARM_GCC_541\Debug\nixie_control.a(A.o)
 .debug_frame   0x00001530       0xc8 .\CortexM0\ARM_GCC_541\Debug\nixie_control.a(E.o)
 .debug_frame   0x000015f8       0xc8 .\CortexM0\ARM_GCC_541\Debug\nixie_control.a(F.o)
 .debug_frame   0x000016c0       0xc8 .\CortexM0\ARM_GCC_541\Debug\nixie_control.a(G.o)
 .debug_frame   0x00001788       0xc8 .\CortexM0\ARM_GCC_541\Debug\nixie_control.a(H.o)
 .debug_frame   0x00001850      0x4ac .\CortexM0\ARM_GCC_541\Debug\nixie_control.a(RTC.o)
 .debug_frame   0x00001cfc       0xc8 .\CortexM0\ARM_GCC_541\Debug\nixie_control.a(I.o)
 .debug_frame   0x00001dc4       0xc8 .\CortexM0\ARM_GCC_541\Debug\nixie_control.a(J.o)
 .debug_frame   0x00001e8c       0xc8 .\CortexM0\ARM_GCC_541\Debug\nixie_control.a(K.o)
 .debug_frame   0x00001f54       0xc8 .\CortexM0\ARM_GCC_541\Debug\nixie_control.a(L.o)
 .debug_frame   0x0000201c       0xc8 .\CortexM0\ARM_GCC_541\Debug\nixie_control.a(M.o)
 .debug_frame   0x000020e4       0xc8 .\CortexM0\ARM_GCC_541\Debug\nixie_control.a(N.o)
 .debug_frame   0x000021ac       0xc8 .\CortexM0\ARM_GCC_541\Debug\nixie_control.a(O.o)
 .debug_frame   0x00002274       0xc8 .\CortexM0\ARM_GCC_541\Debug\nixie_control.a(P.o)
 .debug_frame   0x0000233c       0xc8 .\CortexM0\ARM_GCC_541\Debug\nixie_control.a(Q.o)
 .debug_frame   0x00002404       0xc8 .\CortexM0\ARM_GCC_541\Debug\nixie_control.a(R.o)
 .debug_frame   0x000024cc       0xc8 .\CortexM0\ARM_GCC_541\Debug\nixie_control.a(S.o)
 .debug_frame   0x00002594       0xc8 .\CortexM0\ARM_GCC_541\Debug\nixie_control.a(T.o)
 .debug_frame   0x0000265c       0xc8 .\CortexM0\ARM_GCC_541\Debug\nixie_control.a(U.o)
 .debug_frame   0x00002724       0xc8 .\CortexM0\ARM_GCC_541\Debug\nixie_control.a(V.o)
 .debug_frame   0x000027ec       0xc8 .\CortexM0\ARM_GCC_541\Debug\nixie_control.a(W.o)
 .debug_frame   0x000028b4       0xc8 .\CortexM0\ARM_GCC_541\Debug\nixie_control.a(X.o)
 .debug_frame   0x0000297c       0xc8 .\CortexM0\ARM_GCC_541\Debug\nixie_control.a(PB.o)
 .debug_frame   0x00002a44      0x1cc .\CortexM0\ARM_GCC_541\Debug\nixie_control.a(Timer.o)
 .debug_frame   0x00002c10       0xc8 .\CortexM0\ARM_GCC_541\Debug\nixie_control.a(Pin_2.o)
 .debug_frame   0x00002cd8       0xbc .\CortexM0\ARM_GCC_541\Debug\nixie_control.a(CyFlash.o)
 .debug_frame   0x00002d94       0x20 c:/program files (x86)/cypress/psoc creator/4.4/psoc creator/import/gnu/arm/5.4.1/bin/../lib/gcc/arm-none-eabi/5.4.1/armv6-m\libgcc.a(_udivsi3.o)
 .debug_frame   0x00002db4       0x20 c:/program files (x86)/cypress/psoc creator/4.4/psoc creator/import/gnu/arm/5.4.1/bin/../lib/gcc/arm-none-eabi/5.4.1/armv6-m\libgcc.a(_divsi3.o)
 .debug_frame   0x00002dd4       0x34 c:/program files (x86)/cypress/psoc creator/4.4/psoc creator/import/gnu/arm/5.4.1/bin/../lib/gcc/arm-none-eabi/5.4.1/armv6-m\libgcc.a(_muldi3.o)
 .debug_frame   0x00002e08       0x3c c:/program files (x86)/cypress/psoc creator/4.4/psoc creator/import/gnu/arm/5.4.1/bin/../lib/gcc/arm-none-eabi/5.4.1/armv6-m\libgcc.a(_udivmoddi4.o)
 .debug_frame   0x00002e44       0x20 c:/program files (x86)/cypress/psoc creator/4.4/psoc creator/import/gnu/arm/5.4.1/bin/../lib/gcc/arm-none-eabi/5.4.1/../../../../arm-none-eabi/lib/armv6-m\libg_nano.a(lib_a-errno.o)
 .debug_frame   0x00002e64       0x28 c:/program files (x86)/cypress/psoc creator/4.4/psoc creator/import/gnu/arm/5.4.1/bin/../lib/gcc/arm-none-eabi/5.4.1/../../../../arm-none-eabi/lib/armv6-m\libg_nano.a(lib_a-exit.o)
 .debug_frame   0x00002e8c       0x2c c:/program files (x86)/cypress/psoc creator/4.4/psoc creator/import/gnu/arm/5.4.1/bin/../lib/gcc/arm-none-eabi/5.4.1/../../../../arm-none-eabi/lib/armv6-m\libg_nano.a(lib_a-init.o)
 .debug_frame   0x00002eb8       0x28 c:/program files (x86)/cypress/psoc creator/4.4/psoc creator/import/gnu/arm/5.4.1/bin/../lib/gcc/arm-none-eabi/5.4.1/../../../../arm-none-eabi/lib/armv6-m\libg_nano.a(lib_a-memcpy-stub.o)
 .debug_frame   0x00002ee0       0x20 c:/program files (x86)/cypress/psoc creator/4.4/psoc creator/import/gnu/arm/5.4.1/bin/../lib/gcc/arm-none-eabi/5.4.1/../../../../arm-none-eabi/lib/armv6-m\libg_nano.a(lib_a-memset.o)

.debug_str      0x00000000     0x2774
 *(.debug_str)
 .debug_str     0x00000000      0x263 .\CortexM0\ARM_GCC_541\Debug\main.o
                                0x2b5 (size before relaxing)
 .debug_str     0x00000263      0x2b7 .\CortexM0\ARM_GCC_541\Debug\cyfitter_cfg.o
                                0x450 (size before relaxing)
 .debug_str     0x0000051a       0x63 .\CortexM0\ARM_GCC_541\Debug\cymetadata.o
                                0x1cb (size before relaxing)
 .debug_str     0x0000057d      0x11f .\CortexM0\ARM_GCC_541\Debug\Cm0Start.o
                                0x2d1 (size before relaxing)
 .debug_str     0x0000069c      0x8f5 .\CortexM0\ARM_GCC_541\Debug\nixie_control.a(CyLib.o)
                                0xadb (size before relaxing)
 .debug_str     0x00000f91      0x6f5 .\CortexM0\ARM_GCC_541\Debug\nixie_control.a(CyLFClk.o)
                                0x8e2 (size before relaxing)
 .debug_str     0x00001686       0x8f .\CortexM0\ARM_GCC_541\Debug\nixie_control.a(C.o)
                                0x21d (size before relaxing)
 .debug_str     0x00001715       0x1b .\CortexM0\ARM_GCC_541\Debug\nixie_control.a(B.o)
                                0x21d (size before relaxing)
 .debug_str     0x00001730       0x6b .\CortexM0\ARM_GCC_541\Debug\nixie_control.a(D.o)
                                0x21d (size before relaxing)
 .debug_str     0x0000179b       0x6b .\CortexM0\ARM_GCC_541\Debug\nixie_control.a(A.o)
                                0x21d (size before relaxing)
 .debug_str     0x00001806       0x6b .\CortexM0\ARM_GCC_541\Debug\nixie_control.a(E.o)
                                0x21d (size before relaxing)
 .debug_str     0x00001871       0x6b .\CortexM0\ARM_GCC_541\Debug\nixie_control.a(F.o)
                                0x21d (size before relaxing)
 .debug_str     0x000018dc       0x6b .\CortexM0\ARM_GCC_541\Debug\nixie_control.a(G.o)
                                0x21d (size before relaxing)
 .debug_str     0x00001947       0x6b .\CortexM0\ARM_GCC_541\Debug\nixie_control.a(H.o)
                                0x21d (size before relaxing)
 .debug_str     0x000019b2      0x3db .\CortexM0\ARM_GCC_541\Debug\nixie_control.a(RTC.o)
                                0x613 (size before relaxing)
 .debug_str     0x00001d8d       0x6b .\CortexM0\ARM_GCC_541\Debug\nixie_control.a(I.o)
                                0x21d (size before relaxing)
 .debug_str     0x00001df8       0x6b .\CortexM0\ARM_GCC_541\Debug\nixie_control.a(J.o)
                                0x21d (size before relaxing)
 .debug_str     0x00001e63       0x6b .\CortexM0\ARM_GCC_541\Debug\nixie_control.a(K.o)
                                0x21d (size before relaxing)
 .debug_str     0x00001ece       0x6b .\CortexM0\ARM_GCC_541\Debug\nixie_control.a(L.o)
                                0x21d (size before relaxing)
 .debug_str     0x00001f39       0x6b .\CortexM0\ARM_GCC_541\Debug\nixie_control.a(M.o)
                                0x21d (size before relaxing)
 .debug_str     0x00001fa4       0x6b .\CortexM0\ARM_GCC_541\Debug\nixie_control.a(N.o)
                                0x21d (size before relaxing)
 .debug_str     0x0000200f       0x6b .\CortexM0\ARM_GCC_541\Debug\nixie_control.a(O.o)
                                0x21d (size before relaxing)
 .debug_str     0x0000207a       0x6b .\CortexM0\ARM_GCC_541\Debug\nixie_control.a(P.o)
                                0x21d (size before relaxing)
 .debug_str     0x000020e5       0x6b .\CortexM0\ARM_GCC_541\Debug\nixie_control.a(Q.o)
                                0x21d (size before relaxing)
 .debug_str     0x00002150       0x6b .\CortexM0\ARM_GCC_541\Debug\nixie_control.a(R.o)
                                0x21d (size before relaxing)
 .debug_str     0x000021bb       0x6b .\CortexM0\ARM_GCC_541\Debug\nixie_control.a(S.o)
                                0x21d (size before relaxing)
 .debug_str     0x00002226       0x6b .\CortexM0\ARM_GCC_541\Debug\nixie_control.a(T.o)
                                0x21d (size before relaxing)
 .debug_str     0x00002291       0x6b .\CortexM0\ARM_GCC_541\Debug\nixie_control.a(U.o)
                                0x21d (size before relaxing)
 .debug_str     0x000022fc       0x6b .\CortexM0\ARM_GCC_541\Debug\nixie_control.a(V.o)
                                0x21d (size before relaxing)
 .debug_str     0x00002367       0x6b .\CortexM0\ARM_GCC_541\Debug\nixie_control.a(W.o)
                                0x21d (size before relaxing)
 .debug_str     0x000023d2       0x6b .\CortexM0\ARM_GCC_541\Debug\nixie_control.a(X.o)
                                0x21d (size before relaxing)
 .debug_str     0x0000243d       0x72 .\CortexM0\ARM_GCC_541\Debug\nixie_control.a(PB.o)
                                0x224 (size before relaxing)
 .debug_str     0x000024af      0x17b .\CortexM0\ARM_GCC_541\Debug\nixie_control.a(Timer.o)
                                0x311 (size before relaxing)
 .debug_str     0x0000262a       0x87 .\CortexM0\ARM_GCC_541\Debug\nixie_control.a(Pin_2.o)
                                0x239 (size before relaxing)
 .debug_str     0x000026b1       0xc3 .\CortexM0\ARM_GCC_541\Debug\nixie_control.a(CyFlash.o)
                                0x278 (size before relaxing)

.debug_loc
 *(.debug_loc)

.debug_macinfo
 *(.debug_macinfo)

.debug_ranges   0x00000000      0xc30
 *(.debug_ranges)
 .debug_ranges  0x00000000       0x68 .\CortexM0\ARM_GCC_541\Debug\main.o
 .debug_ranges  0x00000068       0x38 .\CortexM0\ARM_GCC_541\Debug\cyfitter_cfg.o
 .debug_ranges  0x000000a0       0x38 .\CortexM0\ARM_GCC_541\Debug\Cm0Start.o
 .debug_ranges  0x000000d8      0x250 .\CortexM0\ARM_GCC_541\Debug\nixie_control.a(CyLib.o)
 .debug_ranges  0x00000328      0x180 .\CortexM0\ARM_GCC_541\Debug\nixie_control.a(CyLFClk.o)
 .debug_ranges  0x000004a8       0x38 .\CortexM0\ARM_GCC_541\Debug\nixie_control.a(C.o)
 .debug_ranges  0x000004e0       0x38 .\CortexM0\ARM_GCC_541\Debug\nixie_control.a(B.o)
 .debug_ranges  0x00000518       0x38 .\CortexM0\ARM_GCC_541\Debug\nixie_control.a(D.o)
 .debug_ranges  0x00000550       0x38 .\CortexM0\ARM_GCC_541\Debug\nixie_control.a(A.o)
 .debug_ranges  0x00000588       0x38 .\CortexM0\ARM_GCC_541\Debug\nixie_control.a(E.o)
 .debug_ranges  0x000005c0       0x38 .\CortexM0\ARM_GCC_541\Debug\nixie_control.a(F.o)
 .debug_ranges  0x000005f8       0x38 .\CortexM0\ARM_GCC_541\Debug\nixie_control.a(G.o)
 .debug_ranges  0x00000630       0x38 .\CortexM0\ARM_GCC_541\Debug\nixie_control.a(H.o)
 .debug_ranges  0x00000668      0x128 .\CortexM0\ARM_GCC_541\Debug\nixie_control.a(RTC.o)
 .debug_ranges  0x00000790       0x38 .\CortexM0\ARM_GCC_541\Debug\nixie_control.a(I.o)
 .debug_ranges  0x000007c8       0x38 .\CortexM0\ARM_GCC_541\Debug\nixie_control.a(J.o)
 .debug_ranges  0x00000800       0x38 .\CortexM0\ARM_GCC_541\Debug\nixie_control.a(K.o)
 .debug_ranges  0x00000838       0x38 .\CortexM0\ARM_GCC_541\Debug\nixie_control.a(L.o)
 .debug_ranges  0x00000870       0x38 .\CortexM0\ARM_GCC_541\Debug\nixie_control.a(M.o)
 .debug_ranges  0x000008a8       0x38 .\CortexM0\ARM_GCC_541\Debug\nixie_control.a(N.o)
 .debug_ranges  0x000008e0       0x38 .\CortexM0\ARM_GCC_541\Debug\nixie_control.a(O.o)
 .debug_ranges  0x00000918       0x38 .\CortexM0\ARM_GCC_541\Debug\nixie_control.a(P.o)
 .debug_ranges  0x00000950       0x38 .\CortexM0\ARM_GCC_541\Debug\nixie_control.a(Q.o)
 .debug_ranges  0x00000988       0x38 .\CortexM0\ARM_GCC_541\Debug\nixie_control.a(R.o)
 .debug_ranges  0x000009c0       0x38 .\CortexM0\ARM_GCC_541\Debug\nixie_control.a(S.o)
 .debug_ranges  0x000009f8       0x38 .\CortexM0\ARM_GCC_541\Debug\nixie_control.a(T.o)
 .debug_ranges  0x00000a30       0x38 .\CortexM0\ARM_GCC_541\Debug\nixie_control.a(U.o)
 .debug_ranges  0x00000a68       0x38 .\CortexM0\ARM_GCC_541\Debug\nixie_control.a(V.o)
 .debug_ranges  0x00000aa0       0x38 .\CortexM0\ARM_GCC_541\Debug\nixie_control.a(W.o)
 .debug_ranges  0x00000ad8       0x38 .\CortexM0\ARM_GCC_541\Debug\nixie_control.a(X.o)
 .debug_ranges  0x00000b10       0x38 .\CortexM0\ARM_GCC_541\Debug\nixie_control.a(PB.o)
 .debug_ranges  0x00000b48       0x80 .\CortexM0\ARM_GCC_541\Debug\nixie_control.a(Timer.o)
 .debug_ranges  0x00000bc8       0x38 .\CortexM0\ARM_GCC_541\Debug\nixie_control.a(Pin_2.o)
 .debug_ranges  0x00000c00       0x30 .\CortexM0\ARM_GCC_541\Debug\nixie_control.a(CyFlash.o)

.comment        0x00000000       0x6e
 .comment       0x00000000       0x6e .\CortexM0\ARM_GCC_541\Debug\main.o
                                 0x6f (size before relaxing)
 .comment       0x0000006e       0x6f .\CortexM0\ARM_GCC_541\Debug\cyfitter_cfg.o
 .comment       0x0000006e       0x6f .\CortexM0\ARM_GCC_541\Debug\cymetadata.o
 .comment       0x0000006e       0x6f .\CortexM0\ARM_GCC_541\Debug\Cm0Start.o
 .comment       0x0000006e       0x6f .\CortexM0\ARM_GCC_541\Debug\nixie_control.a(CyLib.o)
 .comment       0x0000006e       0x6f .\CortexM0\ARM_GCC_541\Debug\nixie_control.a(CyLFClk.o)
 .comment       0x0000006e       0x6f .\CortexM0\ARM_GCC_541\Debug\nixie_control.a(C.o)
 .comment       0x0000006e       0x6f .\CortexM0\ARM_GCC_541\Debug\nixie_control.a(B.o)
 .comment       0x0000006e       0x6f .\CortexM0\ARM_GCC_541\Debug\nixie_control.a(D.o)
 .comment       0x0000006e       0x6f .\CortexM0\ARM_GCC_541\Debug\nixie_control.a(A.o)
 .comment       0x0000006e       0x6f .\CortexM0\ARM_GCC_541\Debug\nixie_control.a(E.o)
 .comment       0x0000006e       0x6f .\CortexM0\ARM_GCC_541\Debug\nixie_control.a(F.o)
 .comment       0x0000006e       0x6f .\CortexM0\ARM_GCC_541\Debug\nixie_control.a(G.o)
 .comment       0x0000006e       0x6f .\CortexM0\ARM_GCC_541\Debug\nixie_control.a(H.o)
 .comment       0x0000006e       0x6f .\CortexM0\ARM_GCC_541\Debug\nixie_control.a(RTC.o)
 .comment       0x0000006e       0x6f .\CortexM0\ARM_GCC_541\Debug\nixie_control.a(I.o)
 .comment       0x0000006e       0x6f .\CortexM0\ARM_GCC_541\Debug\nixie_control.a(J.o)
 .comment       0x0000006e       0x6f .\CortexM0\ARM_GCC_541\Debug\nixie_control.a(K.o)
 .comment       0x0000006e       0x6f .\CortexM0\ARM_GCC_541\Debug\nixie_control.a(L.o)
 .comment       0x0000006e       0x6f .\CortexM0\ARM_GCC_541\Debug\nixie_control.a(M.o)
 .comment       0x0000006e       0x6f .\CortexM0\ARM_GCC_541\Debug\nixie_control.a(N.o)
 .comment       0x0000006e       0x6f .\CortexM0\ARM_GCC_541\Debug\nixie_control.a(O.o)
 .comment       0x0000006e       0x6f .\CortexM0\ARM_GCC_541\Debug\nixie_control.a(P.o)
 .comment       0x0000006e       0x6f .\CortexM0\ARM_GCC_541\Debug\nixie_control.a(Q.o)
 .comment       0x0000006e       0x6f .\CortexM0\ARM_GCC_541\Debug\nixie_control.a(R.o)
 .comment       0x0000006e       0x6f .\CortexM0\ARM_GCC_541\Debug\nixie_control.a(S.o)
 .comment       0x0000006e       0x6f .\CortexM0\ARM_GCC_541\Debug\nixie_control.a(T.o)
 .comment       0x0000006e       0x6f .\CortexM0\ARM_GCC_541\Debug\nixie_control.a(U.o)
 .comment       0x0000006e       0x6f .\CortexM0\ARM_GCC_541\Debug\nixie_control.a(V.o)
 .comment       0x0000006e       0x6f .\CortexM0\ARM_GCC_541\Debug\nixie_control.a(W.o)
 .comment       0x0000006e       0x6f .\CortexM0\ARM_GCC_541\Debug\nixie_control.a(X.o)
 .comment       0x0000006e       0x6f .\CortexM0\ARM_GCC_541\Debug\nixie_control.a(PB.o)
 .comment       0x0000006e       0x6f .\CortexM0\ARM_GCC_541\Debug\nixie_control.a(Timer.o)
 .comment       0x0000006e       0x6f .\CortexM0\ARM_GCC_541\Debug\nixie_control.a(Pin_2.o)
 .comment       0x0000006e       0x6f .\CortexM0\ARM_GCC_541\Debug\nixie_control.a(CyFlash.o)

.debug_weaknames
 *(.debug_weaknames)

.debug_funcnames
 *(.debug_funcnames)

.debug_typenames
 *(.debug_typenames)

.debug_varnames
 *(.debug_varnames)

.note.gnu.arm.ident
 *(.note.gnu.arm.ident)

.ARM.attributes
                0x00000000       0x28
 *(.ARM.attributes)
 .ARM.attributes
                0x00000000       0x1e c:/program files (x86)/cypress/psoc creator/4.4/psoc creator/import/gnu/arm/5.4.1/bin/../lib/gcc/arm-none-eabi/5.4.1/armv6-m/crti.o
 .ARM.attributes
                0x0000001e       0x2c c:/program files (x86)/cypress/psoc creator/4.4/psoc creator/import/gnu/arm/5.4.1/bin/../lib/gcc/arm-none-eabi/5.4.1/armv6-m/crtbegin.o
 .ARM.attributes
                0x0000004a       0x1b c:/program files (x86)/cypress/psoc creator/4.4/psoc creator/import/gnu/arm/5.4.1/bin/../lib/gcc/arm-none-eabi/5.4.1/../../../../arm-none-eabi/lib/armv6-m/crt0.o
 .ARM.attributes
                0x00000065       0x31 .\CortexM0\ARM_GCC_541\Debug\main.o
 .ARM.attributes
                0x00000096       0x31 .\CortexM0\ARM_GCC_541\Debug\cyfitter_cfg.o
 .ARM.attributes
                0x000000c7       0x31 .\CortexM0\ARM_GCC_541\Debug\cymetadata.o
 .ARM.attributes
                0x000000f8       0x31 .\CortexM0\ARM_GCC_541\Debug\Cm0Start.o
 .ARM.attributes
                0x00000129       0x31 .\CortexM0\ARM_GCC_541\Debug\nixie_control.a(CyLib.o)
 .ARM.attributes
                0x0000015a       0x31 .\CortexM0\ARM_GCC_541\Debug\nixie_control.a(CyLFClk.o)
 .ARM.attributes
                0x0000018b       0x31 .\CortexM0\ARM_GCC_541\Debug\nixie_control.a(C.o)
 .ARM.attributes
                0x000001bc       0x31 .\CortexM0\ARM_GCC_541\Debug\nixie_control.a(B.o)
 .ARM.attributes
                0x000001ed       0x31 .\CortexM0\ARM_GCC_541\Debug\nixie_control.a(D.o)
 .ARM.attributes
                0x0000021e       0x31 .\CortexM0\ARM_GCC_541\Debug\nixie_control.a(A.o)
 .ARM.attributes
                0x0000024f       0x31 .\CortexM0\ARM_GCC_541\Debug\nixie_control.a(E.o)
 .ARM.attributes
                0x00000280       0x31 .\CortexM0\ARM_GCC_541\Debug\nixie_control.a(F.o)
 .ARM.attributes
                0x000002b1       0x31 .\CortexM0\ARM_GCC_541\Debug\nixie_control.a(G.o)
 .ARM.attributes
                0x000002e2       0x31 .\CortexM0\ARM_GCC_541\Debug\nixie_control.a(H.o)
 .ARM.attributes
                0x00000313       0x31 .\CortexM0\ARM_GCC_541\Debug\nixie_control.a(RTC.o)
 .ARM.attributes
                0x00000344       0x31 .\CortexM0\ARM_GCC_541\Debug\nixie_control.a(I.o)
 .ARM.attributes
                0x00000375       0x31 .\CortexM0\ARM_GCC_541\Debug\nixie_control.a(J.o)
 .ARM.attributes
                0x000003a6       0x31 .\CortexM0\ARM_GCC_541\Debug\nixie_control.a(K.o)
 .ARM.attributes
                0x000003d7       0x31 .\CortexM0\ARM_GCC_541\Debug\nixie_control.a(L.o)
 .ARM.attributes
                0x00000408       0x31 .\CortexM0\ARM_GCC_541\Debug\nixie_control.a(M.o)
 .ARM.attributes
                0x00000439       0x31 .\CortexM0\ARM_GCC_541\Debug\nixie_control.a(N.o)
 .ARM.attributes
                0x0000046a       0x31 .\CortexM0\ARM_GCC_541\Debug\nixie_control.a(O.o)
 .ARM.attributes
                0x0000049b       0x31 .\CortexM0\ARM_GCC_541\Debug\nixie_control.a(P.o)
 .ARM.attributes
                0x000004cc       0x31 .\CortexM0\ARM_GCC_541\Debug\nixie_control.a(Q.o)
 .ARM.attributes
                0x000004fd       0x31 .\CortexM0\ARM_GCC_541\Debug\nixie_control.a(R.o)
 .ARM.attributes
                0x0000052e       0x31 .\CortexM0\ARM_GCC_541\Debug\nixie_control.a(S.o)
 .ARM.attributes
                0x0000055f       0x31 .\CortexM0\ARM_GCC_541\Debug\nixie_control.a(T.o)
 .ARM.attributes
                0x00000590       0x31 .\CortexM0\ARM_GCC_541\Debug\nixie_control.a(U.o)
 .ARM.attributes
                0x000005c1       0x31 .\CortexM0\ARM_GCC_541\Debug\nixie_control.a(V.o)
 .ARM.attributes
                0x000005f2       0x31 .\CortexM0\ARM_GCC_541\Debug\nixie_control.a(W.o)
 .ARM.attributes
                0x00000623       0x31 .\CortexM0\ARM_GCC_541\Debug\nixie_control.a(X.o)
 .ARM.attributes
                0x00000654       0x31 .\CortexM0\ARM_GCC_541\Debug\nixie_control.a(PB.o)
 .ARM.attributes
                0x00000685       0x31 .\CortexM0\ARM_GCC_541\Debug\nixie_control.a(Timer.o)
 .ARM.attributes
                0x000006b6       0x31 .\CortexM0\ARM_GCC_541\Debug\nixie_control.a(Pin_2.o)
 .ARM.attributes
                0x000006e7       0x21 .\CortexM0\ARM_GCC_541\Debug\nixie_control.a(CyBootAsmGnu.o)
 .ARM.attributes
                0x00000708       0x31 .\CortexM0\ARM_GCC_541\Debug\nixie_control.a(CyFlash.o)
 .ARM.attributes
                0x00000739       0x1e c:/program files (x86)/cypress/psoc creator/4.4/psoc creator/import/gnu/arm/5.4.1/bin/../lib/gcc/arm-none-eabi/5.4.1/armv6-m\libgcc.a(_udivsi3.o)
 .ARM.attributes
                0x00000757       0x1e c:/program files (x86)/cypress/psoc creator/4.4/psoc creator/import/gnu/arm/5.4.1/bin/../lib/gcc/arm-none-eabi/5.4.1/armv6-m\libgcc.a(_divsi3.o)
 .ARM.attributes
                0x00000775       0x1e c:/program files (x86)/cypress/psoc creator/4.4/psoc creator/import/gnu/arm/5.4.1/bin/../lib/gcc/arm-none-eabi/5.4.1/armv6-m\libgcc.a(_dvmd_tls.o)
 .ARM.attributes
                0x00000793       0x1e c:/program files (x86)/cypress/psoc creator/4.4/psoc creator/import/gnu/arm/5.4.1/bin/../lib/gcc/arm-none-eabi/5.4.1/armv6-m\libgcc.a(_aeabi_uldivmod.o)
 .ARM.attributes
                0x000007b1       0x2c c:/program files (x86)/cypress/psoc creator/4.4/psoc creator/import/gnu/arm/5.4.1/bin/../lib/gcc/arm-none-eabi/5.4.1/armv6-m\libgcc.a(_muldi3.o)
 .ARM.attributes
                0x000007dd       0x2c c:/program files (x86)/cypress/psoc creator/4.4/psoc creator/import/gnu/arm/5.4.1/bin/../lib/gcc/arm-none-eabi/5.4.1/armv6-m\libgcc.a(_udivmoddi4.o)
 .ARM.attributes
                0x00000809       0x1e c:/program files (x86)/cypress/psoc creator/4.4/psoc creator/import/gnu/arm/5.4.1/bin/../lib/gcc/arm-none-eabi/5.4.1/armv6-m\libgcc.a(_clzdi2.o)
 .ARM.attributes
                0x00000827       0x1e c:/program files (x86)/cypress/psoc creator/4.4/psoc creator/import/gnu/arm/5.4.1/bin/../lib/gcc/arm-none-eabi/5.4.1/armv6-m\libgcc.a(_clzsi2.o)
 .ARM.attributes
                0x00000845       0x2c c:/program files (x86)/cypress/psoc creator/4.4/psoc creator/import/gnu/arm/5.4.1/bin/../lib/gcc/arm-none-eabi/5.4.1/../../../../arm-none-eabi/lib/armv6-m\libg_nano.a(lib_a-errno.o)
 .ARM.attributes
                0x00000871       0x2c c:/program files (x86)/cypress/psoc creator/4.4/psoc creator/import/gnu/arm/5.4.1/bin/../lib/gcc/arm-none-eabi/5.4.1/../../../../arm-none-eabi/lib/armv6-m\libg_nano.a(lib_a-exit.o)
 .ARM.attributes
                0x0000089d       0x2c c:/program files (x86)/cypress/psoc creator/4.4/psoc creator/import/gnu/arm/5.4.1/bin/../lib/gcc/arm-none-eabi/5.4.1/../../../../arm-none-eabi/lib/armv6-m\libg_nano.a(lib_a-impure.o)
 .ARM.attributes
                0x000008c9       0x2c c:/program files (x86)/cypress/psoc creator/4.4/psoc creator/import/gnu/arm/5.4.1/bin/../lib/gcc/arm-none-eabi/5.4.1/../../../../arm-none-eabi/lib/armv6-m\libg_nano.a(lib_a-init.o)
 .ARM.attributes
                0x000008f5       0x2c c:/program files (x86)/cypress/psoc creator/4.4/psoc creator/import/gnu/arm/5.4.1/bin/../lib/gcc/arm-none-eabi/5.4.1/../../../../arm-none-eabi/lib/armv6-m\libg_nano.a(lib_a-memcpy-stub.o)
 .ARM.attributes
                0x00000921       0x2c c:/program files (x86)/cypress/psoc creator/4.4/psoc creator/import/gnu/arm/5.4.1/bin/../lib/gcc/arm-none-eabi/5.4.1/../../../../arm-none-eabi/lib/armv6-m\libg_nano.a(lib_a-memset.o)
 .ARM.attributes
                0x0000094d       0x2c c:/program files (x86)/cypress/psoc creator/4.4/psoc creator/import/gnu/arm/5.4.1/bin/../lib/gcc/arm-none-eabi/5.4.1/armv6-m/crtend.o
 .ARM.attributes
                0x00000979       0x1e c:/program files (x86)/cypress/psoc creator/4.4/psoc creator/import/gnu/arm/5.4.1/bin/../lib/gcc/arm-none-eabi/5.4.1/armv6-m/crtn.o

/DISCARD/
 *(.note.GNU-stack)
OUTPUT(C:\Users\Jason\Desktop\github\nixie-psoc-project\nixie_control.cydsn\CortexM0\ARM_GCC_541\Debug\nixie_control.elf elf32-littlearm)
